SCORE_RECOVERY_SITE 272001 32 p0_s48
SCORE_RECOVERY_SITE 272001 32 p0_s58
SCORE_RECOVERY_SITE 272001 32 p1_s25
SCORE_RECOVERY_SITE 272001 32 p1_s78
SCORE_RECOVERY_SITE 272001 32 p2_s30
SCORE_RECOVERY_SITE 272001 32 p2_s47
SCORE_RECOVERY_SITE 272001 32 p3_s37
SCORE_RECOVERY_SITE 272001 32 p3_s84
SCORE_RECOVERY_SITE 272001 32 p4_s2
SCORE_RECOVERY_SITE 272001 32 p4_s25
SCORE_RECOVERY_SITE 272001 32 p5_s34
SCORE_RECOVERY_SITE 272001 32 p5_s65
SCORE_RECOVERY_SITE 272001 32 p6_s10
SCORE_RECOVERY_SITE 272001 32 p6_s17
SCORE_RECOVERY_SITE 272001 32 p7_s44
SCORE_RECOVERY_SITE 272001 32 p7_s86
SCORE_RECOVERY_SITE 272001 32 p8_s101
SCORE_RECOVERY_SITE 272001 32 p8_s108
SCORE_RECOVERY_SITE 272001 32 p9_s42
SCORE_RECOVERY_SITE 272001 32 p9_s89
SCORE_RECOVERY_SITE 272001 32 p10_s45
SCORE_RECOVERY_SITE 272001 32 p10_s80
SCORE_RECOVERY_SITE 272001 32 p11_s49
SCORE_RECOVERY_SITE 272001 32 p11_s52
SCORE_RECOVERY_SITE 272001 32 p12_s11
SCORE_RECOVERY_SITE 272001 32 p12_s72
SCORE_RECOVERY_SITE 272001 32 p13_s95
SCORE_RECOVERY_SITE 272001 32 p13_s107
SCORE_RECOVERY_SITE 272001 32 p14_s6
SCORE_RECOVERY_SITE 272001 32 p14_s8
SCORE_RECOVERY_SITE 272001 32 p15_s13
SCORE_RECOVERY_SITE 272001 32 p15_s66
SCORE_RECOVERY_SITE 272001 32 p16_s5
SCORE_RECOVERY_SITE 272001 32 p16_s110
SCORE_RECOVERY_SITE 272001 32 p17_s44
SCORE_RECOVERY_SITE 272001 32 p17_s137
SCORE_RECOVERY_SITE 272001 32 p18_s13
SCORE_RECOVERY_SITE 272001 32 p18_s179
SCORE_RECOVERY_SITE 272001 32 p19_s90
SCORE_RECOVERY_SITE 272001 32 p19_s137
SCORE_RECOVERY_SITE 272001 32 p20_s100
SCORE_RECOVERY_SITE 272001 32 p20_s112
SCORE_RECOVERY_SITE 272001 32 p21_s23
SCORE_RECOVERY_SITE 272001 32 p21_s128
SCORE_RECOVERY_SITE 272001 32 p22_s25
SCORE_RECOVERY_SITE 272001 32 p22_s44
SCORE_RECOVERY_SITE 272001 32 p23_s68
SCORE_RECOVERY_SITE 272001 32 p23_s148
SCORE_RECOVERY_COMPLETE anchor 272001 32 239.15037408599164
