{
  "complete": true,
  "outputs": 1520,
  "summary": {
    "train": {
      "exact": {
        "sites": 2,
        "proteins": 2,
        "spearman": 1.0,
        "old_spearman": 1.0,
        "confirmation_spearman": 1.0,
        "top1": 2,
        "regret": 0.04621156194079745,
        "aa_lddt": 1.0,
        "local_mean": 9.937035698440085e-15,
        "local_max": 6.646024138648597e-14,
        "local_over1": 0,
        "geometry_pass": 20,
        "new_vs_exact": 0,
        "new_vs_reference_only": 20
      },
      "reference_only": {
        "sites": 2,
        "proteins": 2,
        "spearman": 0.42280701754385963,
        "old_spearman": 0.15350877192982454,
        "confirmation_spearman": 0.29824561403508776,
        "top1": 0,
        "regret": 0.12610440998114103,
        "aa_lddt": 0.9592427318622642,
        "local_mean": 0.45785871726564853,
        "local_max": 1.4690753262241962,
        "local_over1": 4,
        "geometry_pass": 36,
        "new_vs_exact": 4,
        "new_vs_reference_only": 0
      },
      "271001_0": {
        "sites": 2,
        "proteins": 2,
        "spearman": 0.42280701754385963,
        "old_spearman": 0.15526315789473683,
        "confirmation_spearman": 0.29824561403508776,
        "top1": 0,
        "regret": 0.15606242978079754,
        "aa_lddt": 0.9592439278724691,
        "local_mean": 0.45785026914584126,
        "local_max": 1.469065088252435,
        "local_over1": 4,
        "geometry_pass": 36,
        "new_vs_exact": 4,
        "new_vs_reference_only": 0
      },
      "271001_128": {
        "sites": 2,
        "proteins": 2,
        "spearman": 0.42368421052631583,
        "old_spearman": 0.2736842105263158,
        "confirmation_spearman": 0.41228070175438597,
        "top1": 0,
        "regret": 0.0724384189892695,
        "aa_lddt": 0.9615063699010405,
        "local_mean": 0.4332029276988826,
        "local_max": 1.3615627497267877,
        "local_over1": 3,
        "geometry_pass": 46,
        "new_vs_exact": 2,
        "new_vs_reference_only": 1
      },
      "271001_512": {
        "sites": 2,
        "proteins": 2,
        "spearman": 0.7342105263157894,
        "old_spearman": 0.3763157894736842,
        "confirmation_spearman": 0.6043859649122806,
        "top1": 0,
        "regret": 0.060548788110229235,
        "aa_lddt": 0.9693976127254869,
        "local_mean": 0.3756912565193794,
        "local_max": 1.0211351756087332,
        "local_over1": 1,
        "geometry_pass": 37,
        "new_vs_exact": 4,
        "new_vs_reference_only": 0
      },
      "271003_0": {
        "sites": 2,
        "proteins": 2,
        "spearman": 0.42280701754385963,
        "old_spearman": 0.15350877192982454,
        "confirmation_spearman": 0.29824561403508776,
        "top1": 0,
        "regret": 0.12610440998114103,
        "aa_lddt": 0.959243103160223,
        "local_mean": 0.45784776643849534,
        "local_max": 1.4690928286890772,
        "local_over1": 4,
        "geometry_pass": 36,
        "new_vs_exact": 4,
        "new_vs_reference_only": 0
      },
      "271003_128": {
        "sites": 2,
        "proteins": 2,
        "spearman": 0.3219298245614035,
        "old_spearman": 0.24999999999999997,
        "confirmation_spearman": 0.3605263157894737,
        "top1": 0,
        "regret": 0.05443749507138995,
        "aa_lddt": 0.9616301362191868,
        "local_mean": 0.43416271165947606,
        "local_max": 1.3692164026156672,
        "local_over1": 3,
        "geometry_pass": 43,
        "new_vs_exact": 3,
        "new_vs_reference_only": 1
      },
      "271003_512": {
        "sites": 2,
        "proteins": 2,
        "spearman": 0.713157894736842,
        "old_spearman": 0.3719298245614035,
        "confirmation_spearman": 0.6000000000000001,
        "top1": 0,
        "regret": 0.14417279890175727,
        "aa_lddt": 0.9708982560432742,
        "local_mean": 0.34930879434413264,
        "local_max": 0.7780055562520043,
        "local_over1": 0,
        "geometry_pass": 36,
        "new_vs_exact": 4,
        "new_vs_reference_only": 0
      }
    },
    "same_protein": {
      "exact": {
        "sites": 2,
        "proteins": 2,
        "spearman": 1.0,
        "old_spearman": 1.0,
        "confirmation_spearman": 1.0,
        "top1": 2,
        "regret": 0.056749970847190356,
        "aa_lddt": 1.0,
        "local_mean": 6.798129328144182e-15,
        "local_max": 3.388636385277026e-14,
        "local_over1": 0,
        "geometry_pass": 39,
        "new_vs_exact": 0,
        "new_vs_reference_only": 3
      },
      "reference_only": {
        "sites": 2,
        "proteins": 2,
        "spearman": -0.028947368421052666,
        "old_spearman": 0.0763157894736842,
        "confirmation_spearman": 0.10438596491228067,
        "top1": 0,
        "regret": 0.15786767244697564,
        "aa_lddt": 0.9512543638011186,
        "local_mean": 1.1926393241550282,
        "local_max": 6.268505635791662,
        "local_over1": 37,
        "geometry_pass": 34,
        "new_vs_exact": 8,
        "new_vs_reference_only": 0
      },
      "271001_0": {
        "sites": 2,
        "proteins": 2,
        "spearman": -0.028947368421052666,
        "old_spearman": 0.0763157894736842,
        "confirmation_spearman": 0.10438596491228067,
        "top1": 0,
        "regret": 0.15786767244697564,
        "aa_lddt": 0.9512551102597596,
        "local_mean": 1.1926221519759694,
        "local_max": 6.268584637637781,
        "local_over1": 37,
        "geometry_pass": 34,
        "new_vs_exact": 8,
        "new_vs_reference_only": 0
      },
      "271001_128": {
        "sites": 2,
        "proteins": 2,
        "spearman": 0.008771929824561403,
        "old_spearman": 0.09912280701754383,
        "confirmation_spearman": 0.1157894736842105,
        "top1": 0,
        "regret": 0.15786767244697564,
        "aa_lddt": 0.9512822053981274,
        "local_mean": 1.1925366275841363,
        "local_max": 6.268228595864099,
        "local_over1": 37,
        "geometry_pass": 34,
        "new_vs_exact": 8,
        "new_vs_reference_only": 0
      },
      "271001_512": {
        "sites": 2,
        "proteins": 2,
        "spearman": 0.19210526315789475,
        "old_spearman": 0.22105263157894733,
        "confirmation_spearman": 0.2807017543859649,
        "top1": 0,
        "regret": 0.15786767244697564,
        "aa_lddt": 0.9502860260444816,
        "local_mean": 1.1868915924120134,
        "local_max": 6.284347755113835,
        "local_over1": 35,
        "geometry_pass": 32,
        "new_vs_exact": 9,
        "new_vs_reference_only": 2
      },
      "271003_0": {
        "sites": 2,
        "proteins": 2,
        "spearman": -0.028947368421052666,
        "old_spearman": 0.0763157894736842,
        "confirmation_spearman": 0.10438596491228067,
        "top1": 0,
        "regret": 0.15786767244697564,
        "aa_lddt": 0.9512533547753335,
        "local_mean": 1.1926491576870366,
        "local_max": 6.268508930414316,
        "local_over1": 37,
        "geometry_pass": 34,
        "new_vs_exact": 8,
        "new_vs_reference_only": 0
      },
      "271003_128": {
        "sites": 2,
        "proteins": 2,
        "spearman": 0.15175438596491228,
        "old_spearman": 0.16140350877192983,
        "confirmation_spearman": 0.2368421052631579,
        "top1": 0,
        "regret": 0.15786767244697564,
        "aa_lddt": 0.9511832554920016,
        "local_mean": 1.1942517604910825,
        "local_max": 6.239441602499807,
        "local_over1": 37,
        "geometry_pass": 35,
        "new_vs_exact": 9,
        "new_vs_reference_only": 1
      },
      "271003_512": {
        "sites": 2,
        "proteins": 2,
        "spearman": 0.23157894736842105,
        "old_spearman": 0.07280701754385963,
        "confirmation_spearman": 0.3192982456140351,
        "top1": 0,
        "regret": 0.15786767244697564,
        "aa_lddt": 0.9486701974783145,
        "local_mean": 1.2110290763182432,
        "local_max": 5.958033329973457,
        "local_over1": 34,
        "geometry_pass": 35,
        "new_vs_exact": 6,
        "new_vs_reference_only": 2
      }
    },
    "new_protein": {
      "exact": {
        "sites": 1,
        "proteins": 1,
        "spearman": 1.0,
        "old_spearman": 1.0,
        "confirmation_spearman": 1.0,
        "top1": 1,
        "regret": 0.015774429852302596,
        "aa_lddt": 1.0,
        "local_mean": 6.851078174019424e-15,
        "local_max": 1.343470785371113e-14,
        "local_over1": 0,
        "geometry_pass": 38,
        "new_vs_exact": 0,
        "new_vs_reference_only": 0
      },
      "reference_only": {
        "sites": 1,
        "proteins": 1,
        "spearman": 0.6456140350877193,
        "old_spearman": 0.736842105263158,
        "confirmation_spearman": 0.5035087719298245,
        "top1": 0,
        "regret": 0.03368368045315129,
        "aa_lddt": 0.99572809536096,
        "local_mean": 0.31484609494319127,
        "local_max": 0.47766884298646006,
        "local_over1": 0,
        "geometry_pass": 38,
        "new_vs_exact": 0,
        "new_vs_reference_only": 0
      },
      "271001_0": {
        "sites": 1,
        "proteins": 1,
        "spearman": 0.6456140350877193,
        "old_spearman": 0.736842105263158,
        "confirmation_spearman": 0.5035087719298245,
        "top1": 0,
        "regret": 0.03368368045315129,
        "aa_lddt": 0.995728280121081,
        "local_mean": 0.31484806499221196,
        "local_max": 0.477671836410352,
        "local_over1": 0,
        "geometry_pass": 38,
        "new_vs_exact": 0,
        "new_vs_reference_only": 0
      },
      "271001_128": {
        "sites": 1,
        "proteins": 1,
        "spearman": 0.6228070175438596,
        "old_spearman": 0.7,
        "confirmation_spearman": 0.5456140350877193,
        "top1": 0,
        "regret": 0.03368368045315129,
        "aa_lddt": 0.9957554234198143,
        "local_mean": 0.3100783938372492,
        "local_max": 0.4752922903909155,
        "local_over1": 0,
        "geometry_pass": 38,
        "new_vs_exact": 0,
        "new_vs_reference_only": 0
      },
      "271001_512": {
        "sites": 1,
        "proteins": 1,
        "spearman": 0.24912280701754386,
        "old_spearman": 0.39824561403508774,
        "confirmation_spearman": 0.27017543859649124,
        "top1": 0,
        "regret": 0.0396235187860674,
        "aa_lddt": 0.9955396043343191,
        "local_mean": 0.2958049058638215,
        "local_max": 0.4746606624401234,
        "local_over1": 0,
        "geometry_pass": 38,
        "new_vs_exact": 0,
        "new_vs_reference_only": 0
      },
      "271003_0": {
        "sites": 1,
        "proteins": 1,
        "spearman": 0.6456140350877193,
        "old_spearman": 0.736842105263158,
        "confirmation_spearman": 0.5035087719298245,
        "top1": 0,
        "regret": 0.03368368045315129,
        "aa_lddt": 0.995727680807202,
        "local_mean": 0.3148687531401594,
        "local_max": 0.47767255205215836,
        "local_over1": 0,
        "geometry_pass": 38,
        "new_vs_exact": 0,
        "new_vs_reference_only": 0
      },
      "271003_128": {
        "sites": 1,
        "proteins": 1,
        "spearman": 0.37719298245614036,
        "old_spearman": 0.6403508771929824,
        "confirmation_spearman": 0.32631578947368417,
        "top1": 0,
        "regret": 0.02785434417487065,
        "aa_lddt": 0.9957277461690005,
        "local_mean": 0.294953892746849,
        "local_max": 0.4759466786403084,
        "local_over1": 0,
        "geometry_pass": 38,
        "new_vs_exact": 0,
        "new_vs_reference_only": 0
      },
      "271003_512": {
        "sites": 1,
        "proteins": 1,
        "spearman": 0.22280701754385965,
        "old_spearman": 0.38245614035087716,
        "confirmation_spearman": 0.2964912280701754,
        "top1": 0,
        "regret": 0.0396235187860674,
        "aa_lddt": 0.9947998655161351,
        "local_mean": 0.2917977172822662,
        "local_max": 0.46746560139339166,
        "local_over1": 0,
        "geometry_pass": 38,
        "new_vs_exact": 0,
        "new_vs_reference_only": 0
      }
    }
  }
}
