2026-10-11 01:05:13,461 [/home/pc/anaconda3/envs/fold/lib/python3.12/site-packages/runner/batch_inference.py:403] INFO runner.batch_inference: Inference by Protenix: model_size: mini, with_feature: esm, model_version: v0.5.0, dtype: bf16
2026-10-11 01:05:13,461 [/home/pc/anaconda3/envs/fold/lib/python3.12/site-packages/runner/batch_inference.py:408] INFO runner.batch_inference: Triangle_multiplicative kernel: torch, Triangle_attention kernel: torch
2026-10-11 01:05:13,461 [/home/pc/anaconda3/envs/fold/lib/python3.12/site-packages/runner/batch_inference.py:412] INFO runner.batch_inference: enable_diffusion_shared_vars_cache: True, enable_efficient_fusion: True, enable_tf32: False
2026-10-11 01:05:13,462 [/home/pc/anaconda3/envs/fold/lib/python3.12/site-packages/runner/inference.py:246] INFO runner.inference: Distributed environment: world size: 1, global rank: 0, local rank: 0
2026-10-11 01:05:13,462 [/home/pc/anaconda3/envs/fold/lib/python3.12/site-packages/runner/inference.py:98] INFO root: LOCAL_RANK: 0 - CUDA_VISIBLE_DEVICES: [0]
2026-10-11 01:05:13,462 [/home/pc/anaconda3/envs/fold/lib/python3.12/site-packages/runner/inference.py:127] INFO root: Finished environment initialization.
train scheduler 16.0
inference scheduler 16.0
Diffusion Module has 16.0
2026-10-11 01:05:29,527 [/home/pc/anaconda3/envs/fold/lib/python3.12/site-packages/runner/inference.py:246] INFO runner.inference: Loading from /data/user/shuang886/Folding/protenix_stage0_pkg/v1_1/runtime/checkpoint/protenix_mini_esm_v0.5.0.pt, strict: False
2026-10-11 01:05:29,998 [/home/pc/anaconda3/envs/fold/lib/python3.12/site-packages/runner/inference.py:246] INFO runner.inference: Sampled key: module.input_embedder.atom_attention_encoder.linear_no_bias_ref_pos.weight
2026-10-11 01:05:30,039 [/home/pc/anaconda3/envs/fold/lib/python3.12/site-packages/runner/inference.py:246] INFO runner.inference: Finish loading checkpoint.
2026-10-11 01:05:30,042 [/home/pc/anaconda3/envs/fold/lib/python3.12/site-packages/runner/inference.py:246] INFO runner.inference: Model parameters: 135.22M
NORMALIZATION_SITE 1 p1_s25 {'c4': 0, 'input_embedder': 0, 's1': 42, 'updates': 0, 'recycle': 21}
NORMALIZATION_SITE 1 p1_s78 {'c4': 0, 'input_embedder': 0, 's1': 80, 'updates': 0, 'recycle': 40}
NORMALIZATION_SITE 1 p7_s44 {'c4': 0, 'input_embedder': 0, 's1': 124, 'updates': 0, 'recycle': 62}
NORMALIZATION_SITE 1 p7_s86 {'c4': 0, 'input_embedder': 0, 's1': 162, 'updates': 0, 'recycle': 81}
NORMALIZATION_SITE 1 p13_s95 {'c4': 0, 'input_embedder': 0, 's1': 206, 'updates': 0, 'recycle': 103}
NORMALIZATION_SITE 1 p13_s107 {'c4': 0, 'input_embedder': 0, 's1': 244, 'updates': 0, 'recycle': 122}
NORMALIZATION_SITE 1 p19_s90 {'c4': 0, 'input_embedder': 0, 's1': 288, 'updates': 0, 'recycle': 144}
NORMALIZATION_SITE 1 p19_s137 {'c4': 0, 'input_embedder': 0, 's1': 326, 'updates': 0, 'recycle': 163}
NORMALIZATION_COMPLETE 1 91.89183364098426
