2026-09-28 10:44:39,119 [/home/pc/anaconda3/envs/fold/lib/python3.12/site-packages/runner/batch_inference.py:403] INFO runner.batch_inference: Inference by Protenix: model_size: mini, with_feature: esm, model_version: v0.5.0, dtype: bf16
2026-09-28 10:44:39,119 [/home/pc/anaconda3/envs/fold/lib/python3.12/site-packages/runner/batch_inference.py:408] INFO runner.batch_inference: Triangle_multiplicative kernel: torch, Triangle_attention kernel: torch
2026-09-28 10:44:39,119 [/home/pc/anaconda3/envs/fold/lib/python3.12/site-packages/runner/batch_inference.py:412] INFO runner.batch_inference: enable_diffusion_shared_vars_cache: True, enable_efficient_fusion: True, enable_tf32: False
2026-09-28 10:44:39,119 [/home/pc/anaconda3/envs/fold/lib/python3.12/site-packages/runner/inference.py:246] INFO runner.inference: Distributed environment: world size: 1, global rank: 0, local rank: 0
2026-09-28 10:44:39,119 [/home/pc/anaconda3/envs/fold/lib/python3.12/site-packages/runner/inference.py:98] INFO root: LOCAL_RANK: 0 - CUDA_VISIBLE_DEVICES: [0]
2026-09-28 10:44:39,120 [/home/pc/anaconda3/envs/fold/lib/python3.12/site-packages/runner/inference.py:127] INFO root: Finished environment initialization.
2026-09-28 10:44:57,705 [/home/pc/anaconda3/envs/fold/lib/python3.12/site-packages/runner/inference.py:246] INFO runner.inference: Loading from /media/PM982/onestepfold/protenix_stage0_pkg/v1_1/runtime/checkpoint/protenix_mini_esm_v0.5.0.pt, strict: False
2026-09-28 10:44:57,995 [/home/pc/anaconda3/envs/fold/lib/python3.12/site-packages/runner/inference.py:246] INFO runner.inference: Sampled key: module.input_embedder.atom_attention_encoder.linear_no_bias_ref_pos.weight
2026-09-28 10:44:58,029 [/home/pc/anaconda3/envs/fold/lib/python3.12/site-packages/runner/inference.py:246] INFO runner.inference: Finish loading checkpoint.
2026-09-28 10:44:58,031 [/home/pc/anaconda3/envs/fold/lib/python3.12/site-packages/runner/inference.py:246] INFO runner.inference: Model parameters: 135.22M
2026-09-28 10:45:30,394 [/home/pc/anaconda3/envs/fold/lib/python3.12/site-packages/protenix/data/constraint/constraint_featurizer.py:392] INFO protenix.data.constraint.constraint_featurizer: Loaded constraint feature: #atom contact:0 #contact:0 #pocket:0
2026-09-28 10:45:30,485 [/home/pc/anaconda3/envs/fold/lib/python3.12/site-packages/protenix/data/constraint/constraint_featurizer.py:392] INFO protenix.data.constraint.constraint_featurizer: Loaded constraint feature: #atom contact:0 #contact:0 #pocket:0
2026-09-28 10:45:30,581 [/home/pc/anaconda3/envs/fold/lib/python3.12/site-packages/protenix/data/constraint/constraint_featurizer.py:392] INFO protenix.data.constraint.constraint_featurizer: Loaded constraint feature: #atom contact:0 #contact:0 #pocket:0
2026-09-28 10:45:30,934 [/home/pc/anaconda3/envs/fold/lib/python3.12/site-packages/protenix/data/constraint/constraint_featurizer.py:392] INFO protenix.data.constraint.constraint_featurizer: Loaded constraint feature: #atom contact:0 #contact:0 #pocket:0
2026-09-28 10:45:31,049 [/home/pc/anaconda3/envs/fold/lib/python3.12/site-packages/protenix/data/constraint/constraint_featurizer.py:392] INFO protenix.data.constraint.constraint_featurizer: Loaded constraint feature: #atom contact:0 #contact:0 #pocket:0
2026-09-28 10:45:31,147 [/home/pc/anaconda3/envs/fold/lib/python3.12/site-packages/protenix/data/constraint/constraint_featurizer.py:392] INFO protenix.data.constraint.constraint_featurizer: Loaded constraint feature: #atom contact:0 #contact:0 #pocket:0
2026-09-28 10:45:31,233 [/home/pc/anaconda3/envs/fold/lib/python3.12/site-packages/protenix/data/constraint/constraint_featurizer.py:392] INFO protenix.data.constraint.constraint_featurizer: Loaded constraint feature: #atom contact:0 #contact:0 #pocket:0
2026-09-28 10:45:31,342 [/home/pc/anaconda3/envs/fold/lib/python3.12/site-packages/protenix/data/constraint/constraint_featurizer.py:392] INFO protenix.data.constraint.constraint_featurizer: Loaded constraint feature: #atom contact:0 #contact:0 #pocket:0
2026-09-28 10:45:31,442 [/home/pc/anaconda3/envs/fold/lib/python3.12/site-packages/protenix/data/constraint/constraint_featurizer.py:392] INFO protenix.data.constraint.constraint_featurizer: Loaded constraint feature: #atom contact:0 #contact:0 #pocket:0
2026-09-28 10:45:31,544 [/home/pc/anaconda3/envs/fold/lib/python3.12/site-packages/protenix/data/constraint/constraint_featurizer.py:392] INFO protenix.data.constraint.constraint_featurizer: Loaded constraint feature: #atom contact:0 #contact:0 #pocket:0
2026-09-28 10:45:31,639 [/home/pc/anaconda3/envs/fold/lib/python3.12/site-packages/protenix/data/constraint/constraint_featurizer.py:392] INFO protenix.data.constraint.constraint_featurizer: Loaded constraint feature: #atom contact:0 #contact:0 #pocket:0
2026-09-28 10:45:31,734 [/home/pc/anaconda3/envs/fold/lib/python3.12/site-packages/protenix/data/constraint/constraint_featurizer.py:392] INFO protenix.data.constraint.constraint_featurizer: Loaded constraint feature: #atom contact:0 #contact:0 #pocket:0
2026-09-28 10:45:31,828 [/home/pc/anaconda3/envs/fold/lib/python3.12/site-packages/protenix/data/constraint/constraint_featurizer.py:392] INFO protenix.data.constraint.constraint_featurizer: Loaded constraint feature: #atom contact:0 #contact:0 #pocket:0
2026-09-28 10:45:31,925 [/home/pc/anaconda3/envs/fold/lib/python3.12/site-packages/protenix/data/constraint/constraint_featurizer.py:392] INFO protenix.data.constraint.constraint_featurizer: Loaded constraint feature: #atom contact:0 #contact:0 #pocket:0
2026-09-28 10:45:32,036 [/home/pc/anaconda3/envs/fold/lib/python3.12/site-packages/protenix/data/constraint/constraint_featurizer.py:392] INFO protenix.data.constraint.constraint_featurizer: Loaded constraint feature: #atom contact:0 #contact:0 #pocket:0
2026-09-28 10:45:32,145 [/home/pc/anaconda3/envs/fold/lib/python3.12/site-packages/protenix/data/constraint/constraint_featurizer.py:392] INFO protenix.data.constraint.constraint_featurizer: Loaded constraint feature: #atom contact:0 #contact:0 #pocket:0
2026-09-28 10:45:32,227 [/home/pc/anaconda3/envs/fold/lib/python3.12/site-packages/protenix/data/constraint/constraint_featurizer.py:392] INFO protenix.data.constraint.constraint_featurizer: Loaded constraint feature: #atom contact:0 #contact:0 #pocket:0
2026-09-28 10:45:32,315 [/home/pc/anaconda3/envs/fold/lib/python3.12/site-packages/protenix/data/constraint/constraint_featurizer.py:392] INFO protenix.data.constraint.constraint_featurizer: Loaded constraint feature: #atom contact:0 #contact:0 #pocket:0
2026-09-28 10:45:32,429 [/home/pc/anaconda3/envs/fold/lib/python3.12/site-packages/protenix/data/constraint/constraint_featurizer.py:392] INFO protenix.data.constraint.constraint_featurizer: Loaded constraint feature: #atom contact:0 #contact:0 #pocket:0
2026-09-28 10:45:32,572 [/home/pc/anaconda3/envs/fold/lib/python3.12/site-packages/protenix/data/constraint/constraint_featurizer.py:392] INFO protenix.data.constraint.constraint_featurizer: Loaded constraint feature: #atom contact:0 #contact:0 #pocket:0
2026-09-28 10:45:32,684 [/home/pc/anaconda3/envs/fold/lib/python3.12/site-packages/protenix/data/constraint/constraint_featurizer.py:392] INFO protenix.data.constraint.constraint_featurizer: Loaded constraint feature: #atom contact:0 #contact:0 #pocket:0
train scheduler 16.0
inference scheduler 16.0
Diffusion Module has 16.0
Try to load ESM language model from  /media/PM982/onestepfold/protenix_stage0_pkg/v1_1/runtime/checkpoint/esm2_t36_3B_UR50D.pt
