{
  "complete": true,
  "records": 60,
  "spectra": 18240,
  "timing": [
    {
      "pdb": "5OI7",
      "mean_candidate_c4_seconds": 0.9558774844656,
      "inclusive_ms": {
        "input_embedder": 9.321037292480469,
        "msa_module": 77.64144515991211,
        "pairformer_stack": 951.2478942871094
      },
      "first_msa_trimul_ms": 0.7803270220756531,
      "first_msa_trimul_fraction_of_plain_c4": 0.0008163462731962021
    },
    {
      "pdb": "2V66",
      "mean_candidate_c4_seconds": 0.9796921705099522,
      "inclusive_ms": {
        "input_embedder": 10.140565872192383,
        "msa_module": 80.45940971374512,
        "pairformer_stack": 976.3324584960938
      },
      "first_msa_trimul_ms": 0.8680070042610168,
      "first_msa_trimul_fraction_of_plain_c4": 0.0008859997358243655
    },
    {
      "pdb": "4LR3",
      "mean_candidate_c4_seconds": 1.643802956721629,
      "inclusive_ms": {
        "input_embedder": 10.030805587768555,
        "msa_module": 130.85248565673828,
        "pairformer_stack": 1508.8591003417969
      },
      "first_msa_trimul_ms": 1.515692949295044,
      "first_msa_trimul_fraction_of_plain_c4": 0.000922064863733981
    }
  ]
}
