NATIVE_PARALLEL_AUDIT 5 loading 0
NATIVE_PARALLEL_AUDIT 4 loading 0
NATIVE_PARALLEL_AUDIT 3 loading 0
NATIVE_PARALLEL_AUDIT 2 loading 0
NATIVE_PARALLEL_AUDIT 1 loading 0
2026-10-10 16:20:21,704 [/home/pc/anaconda3/envs/fold/lib/python3.12/site-packages/runner/batch_inference.py:403] INFO runner.batch_inference: Inference by Protenix: model_size: mini, with_feature: esm, model_version: v0.5.0, dtype: bf16
2026-10-10 16:20:21,704 [/home/pc/anaconda3/envs/fold/lib/python3.12/site-packages/runner/batch_inference.py:408] INFO runner.batch_inference: Triangle_multiplicative kernel: torch, Triangle_attention kernel: torch
2026-10-10 16:20:21,704 [/home/pc/anaconda3/envs/fold/lib/python3.12/site-packages/runner/batch_inference.py:412] INFO runner.batch_inference: enable_diffusion_shared_vars_cache: True, enable_efficient_fusion: True, enable_tf32: False
2026-10-10 16:20:21,705 [/home/pc/anaconda3/envs/fold/lib/python3.12/site-packages/runner/inference.py:246] INFO runner.inference: Distributed environment: world size: 1, global rank: 0, local rank: 0
2026-10-10 16:20:21,705 [/home/pc/anaconda3/envs/fold/lib/python3.12/site-packages/runner/inference.py:98] INFO root: LOCAL_RANK: 0 - CUDA_VISIBLE_DEVICES: [0]
2026-10-10 16:20:21,705 [/home/pc/anaconda3/envs/fold/lib/python3.12/site-packages/runner/inference.py:127] INFO root: Finished environment initialization.
train scheduler 16.0
inference scheduler 16.0
2026-10-10 16:20:22,745 [/home/pc/anaconda3/envs/fold/lib/python3.12/site-packages/runner/batch_inference.py:403] INFO runner.batch_inference: Inference by Protenix: model_size: mini, with_feature: esm, model_version: v0.5.0, dtype: bf16
2026-10-10 16:20:22,745 [/home/pc/anaconda3/envs/fold/lib/python3.12/site-packages/runner/batch_inference.py:408] INFO runner.batch_inference: Triangle_multiplicative kernel: torch, Triangle_attention kernel: torch
2026-10-10 16:20:22,745 [/home/pc/anaconda3/envs/fold/lib/python3.12/site-packages/runner/batch_inference.py:412] INFO runner.batch_inference: enable_diffusion_shared_vars_cache: True, enable_efficient_fusion: True, enable_tf32: False
2026-10-10 16:20:22,746 [/home/pc/anaconda3/envs/fold/lib/python3.12/site-packages/runner/inference.py:246] INFO runner.inference: Distributed environment: world size: 1, global rank: 0, local rank: 0
2026-10-10 16:20:22,746 [/home/pc/anaconda3/envs/fold/lib/python3.12/site-packages/runner/inference.py:98] INFO root: LOCAL_RANK: 0 - CUDA_VISIBLE_DEVICES: [0]
2026-10-10 16:20:22,747 [/home/pc/anaconda3/envs/fold/lib/python3.12/site-packages/runner/inference.py:127] INFO root: Finished environment initialization.
train scheduler 16.0
inference scheduler 16.0
2026-10-10 16:20:25,671 [/home/pc/anaconda3/envs/fold/lib/python3.12/site-packages/runner/batch_inference.py:403] INFO runner.batch_inference: Inference by Protenix: model_size: mini, with_feature: esm, model_version: v0.5.0, dtype: bf16
2026-10-10 16:20:25,671 [/home/pc/anaconda3/envs/fold/lib/python3.12/site-packages/runner/batch_inference.py:408] INFO runner.batch_inference: Triangle_multiplicative kernel: torch, Triangle_attention kernel: torch
2026-10-10 16:20:25,671 [/home/pc/anaconda3/envs/fold/lib/python3.12/site-packages/runner/batch_inference.py:412] INFO runner.batch_inference: enable_diffusion_shared_vars_cache: True, enable_efficient_fusion: True, enable_tf32: False
2026-10-10 16:20:25,672 [/home/pc/anaconda3/envs/fold/lib/python3.12/site-packages/runner/inference.py:246] INFO runner.inference: Distributed environment: world size: 1, global rank: 0, local rank: 0
2026-10-10 16:20:25,672 [/home/pc/anaconda3/envs/fold/lib/python3.12/site-packages/runner/inference.py:98] INFO root: LOCAL_RANK: 0 - CUDA_VISIBLE_DEVICES: [0]
2026-10-10 16:20:25,672 [/home/pc/anaconda3/envs/fold/lib/python3.12/site-packages/runner/inference.py:127] INFO root: Finished environment initialization.
train scheduler 16.0
inference scheduler 16.0
NATIVE_PARALLEL_AUDIT 0 loading 0
Diffusion Module has 16.0
2026-10-10 16:20:29,035 [/home/pc/anaconda3/envs/fold/lib/python3.12/site-packages/runner/batch_inference.py:403] INFO runner.batch_inference: Inference by Protenix: model_size: mini, with_feature: esm, model_version: v0.5.0, dtype: bf16
2026-10-10 16:20:29,035 [/home/pc/anaconda3/envs/fold/lib/python3.12/site-packages/runner/batch_inference.py:408] INFO runner.batch_inference: Triangle_multiplicative kernel: torch, Triangle_attention kernel: torch
2026-10-10 16:20:29,035 [/home/pc/anaconda3/envs/fold/lib/python3.12/site-packages/runner/batch_inference.py:412] INFO runner.batch_inference: enable_diffusion_shared_vars_cache: True, enable_efficient_fusion: True, enable_tf32: False
2026-10-10 16:20:29,036 [/home/pc/anaconda3/envs/fold/lib/python3.12/site-packages/runner/inference.py:246] INFO runner.inference: Distributed environment: world size: 1, global rank: 0, local rank: 0
2026-10-10 16:20:29,036 [/home/pc/anaconda3/envs/fold/lib/python3.12/site-packages/runner/inference.py:98] INFO root: LOCAL_RANK: 0 - CUDA_VISIBLE_DEVICES: [0]
2026-10-10 16:20:29,036 [/home/pc/anaconda3/envs/fold/lib/python3.12/site-packages/runner/inference.py:127] INFO root: Finished environment initialization.
train scheduler 16.0
inference scheduler 16.0
Diffusion Module has 16.0
Diffusion Module has 16.0
2026-10-10 16:20:32,965 [/home/pc/anaconda3/envs/fold/lib/python3.12/site-packages/runner/batch_inference.py:403] INFO runner.batch_inference: Inference by Protenix: model_size: mini, with_feature: esm, model_version: v0.5.0, dtype: bf16
2026-10-10 16:20:32,965 [/home/pc/anaconda3/envs/fold/lib/python3.12/site-packages/runner/batch_inference.py:408] INFO runner.batch_inference: Triangle_multiplicative kernel: torch, Triangle_attention kernel: torch
2026-10-10 16:20:32,965 [/home/pc/anaconda3/envs/fold/lib/python3.12/site-packages/runner/batch_inference.py:412] INFO runner.batch_inference: enable_diffusion_shared_vars_cache: True, enable_efficient_fusion: True, enable_tf32: False
2026-10-10 16:20:32,966 [/home/pc/anaconda3/envs/fold/lib/python3.12/site-packages/runner/inference.py:246] INFO runner.inference: Distributed environment: world size: 1, global rank: 0, local rank: 0
2026-10-10 16:20:32,966 [/home/pc/anaconda3/envs/fold/lib/python3.12/site-packages/runner/inference.py:98] INFO root: LOCAL_RANK: 0 - CUDA_VISIBLE_DEVICES: [0]
2026-10-10 16:20:32,966 [/home/pc/anaconda3/envs/fold/lib/python3.12/site-packages/runner/inference.py:127] INFO root: Finished environment initialization.
train scheduler 16.0
inference scheduler 16.0
Diffusion Module has 16.0
2026-10-10 16:20:38,599 [/home/pc/anaconda3/envs/fold/lib/python3.12/site-packages/runner/batch_inference.py:403] INFO runner.batch_inference: Inference by Protenix: model_size: mini, with_feature: esm, model_version: v0.5.0, dtype: bf16
2026-10-10 16:20:38,599 [/home/pc/anaconda3/envs/fold/lib/python3.12/site-packages/runner/batch_inference.py:408] INFO runner.batch_inference: Triangle_multiplicative kernel: torch, Triangle_attention kernel: torch
2026-10-10 16:20:38,599 [/home/pc/anaconda3/envs/fold/lib/python3.12/site-packages/runner/batch_inference.py:412] INFO runner.batch_inference: enable_diffusion_shared_vars_cache: True, enable_efficient_fusion: True, enable_tf32: False
2026-10-10 16:20:38,600 [/home/pc/anaconda3/envs/fold/lib/python3.12/site-packages/runner/inference.py:246] INFO runner.inference: Distributed environment: world size: 1, global rank: 0, local rank: 0
2026-10-10 16:20:38,600 [/home/pc/anaconda3/envs/fold/lib/python3.12/site-packages/runner/inference.py:98] INFO root: LOCAL_RANK: 0 - CUDA_VISIBLE_DEVICES: [0]
2026-10-10 16:20:38,600 [/home/pc/anaconda3/envs/fold/lib/python3.12/site-packages/runner/inference.py:127] INFO root: Finished environment initialization.
train scheduler 16.0
inference scheduler 16.0
2026-10-10 16:20:39,491 [/home/pc/anaconda3/envs/fold/lib/python3.12/site-packages/runner/inference.py:246] INFO runner.inference: Loading from /data/user/shuang886/Folding/protenix_stage0_pkg/v1_1/runtime/checkpoint/protenix_mini_esm_v0.5.0.pt, strict: False
Diffusion Module has 16.0
2026-10-10 16:20:39,985 [/home/pc/anaconda3/envs/fold/lib/python3.12/site-packages/runner/inference.py:246] INFO runner.inference: Sampled key: module.input_embedder.atom_attention_encoder.linear_no_bias_ref_pos.weight
2026-10-10 16:20:40,026 [/home/pc/anaconda3/envs/fold/lib/python3.12/site-packages/runner/inference.py:246] INFO runner.inference: Finish loading checkpoint.
2026-10-10 16:20:40,029 [/home/pc/anaconda3/envs/fold/lib/python3.12/site-packages/runner/inference.py:246] INFO runner.inference: Model parameters: 135.22M
2026-10-10 16:20:40,542 [/home/pc/anaconda3/envs/fold/lib/python3.12/site-packages/runner/inference.py:246] INFO runner.inference: Loading from /data/user/shuang886/Folding/protenix_stage0_pkg/v1_1/runtime/checkpoint/protenix_mini_esm_v0.5.0.pt, strict: False
2026-10-10 16:20:41,036 [/home/pc/anaconda3/envs/fold/lib/python3.12/site-packages/runner/inference.py:246] INFO runner.inference: Sampled key: module.input_embedder.atom_attention_encoder.linear_no_bias_ref_pos.weight
2026-10-10 16:20:41,077 [/home/pc/anaconda3/envs/fold/lib/python3.12/site-packages/runner/inference.py:246] INFO runner.inference: Finish loading checkpoint.
2026-10-10 16:20:41,080 [/home/pc/anaconda3/envs/fold/lib/python3.12/site-packages/runner/inference.py:246] INFO runner.inference: Model parameters: 135.22M
2026-10-10 16:20:43,607 [/home/pc/anaconda3/envs/fold/lib/python3.12/site-packages/runner/inference.py:246] INFO runner.inference: Loading from /data/user/shuang886/Folding/protenix_stage0_pkg/v1_1/runtime/checkpoint/protenix_mini_esm_v0.5.0.pt, strict: False
2026-10-10 16:20:44,097 [/home/pc/anaconda3/envs/fold/lib/python3.12/site-packages/runner/inference.py:246] INFO runner.inference: Sampled key: module.input_embedder.atom_attention_encoder.linear_no_bias_ref_pos.weight
2026-10-10 16:20:44,137 [/home/pc/anaconda3/envs/fold/lib/python3.12/site-packages/runner/inference.py:246] INFO runner.inference: Finish loading checkpoint.
2026-10-10 16:20:44,140 [/home/pc/anaconda3/envs/fold/lib/python3.12/site-packages/runner/inference.py:246] INFO runner.inference: Model parameters: 135.22M
2026-10-10 16:20:45,087 [/home/pc/anaconda3/envs/fold/lib/python3.12/site-packages/runner/inference.py:246] INFO runner.inference: Loading from /data/user/shuang886/Folding/protenix_stage0_pkg/v1_1/runtime/checkpoint/protenix_mini_esm_v0.5.0.pt, strict: False
Diffusion Module has 16.0
2026-10-10 16:20:45,577 [/home/pc/anaconda3/envs/fold/lib/python3.12/site-packages/runner/inference.py:246] INFO runner.inference: Sampled key: module.input_embedder.atom_attention_encoder.linear_no_bias_ref_pos.weight
2026-10-10 16:20:45,615 [/home/pc/anaconda3/envs/fold/lib/python3.12/site-packages/runner/inference.py:246] INFO runner.inference: Finish loading checkpoint.
2026-10-10 16:20:45,618 [/home/pc/anaconda3/envs/fold/lib/python3.12/site-packages/runner/inference.py:246] INFO runner.inference: Model parameters: 135.22M
2026-10-10 16:20:50,468 [/home/pc/anaconda3/envs/fold/lib/python3.12/site-packages/runner/inference.py:246] INFO runner.inference: Loading from /data/user/shuang886/Folding/protenix_stage0_pkg/v1_1/runtime/checkpoint/protenix_mini_esm_v0.5.0.pt, strict: False
NATIVE_PARALLEL_AUDIT 5 warming 0
2026-10-10 16:20:50,989 [/home/pc/anaconda3/envs/fold/lib/python3.12/site-packages/runner/inference.py:246] INFO runner.inference: Sampled key: module.input_embedder.atom_attention_encoder.linear_no_bias_ref_pos.weight
2026-10-10 16:20:51,030 [/home/pc/anaconda3/envs/fold/lib/python3.12/site-packages/runner/inference.py:246] INFO runner.inference: Finish loading checkpoint.
2026-10-10 16:20:51,033 [/home/pc/anaconda3/envs/fold/lib/python3.12/site-packages/runner/inference.py:246] INFO runner.inference: Model parameters: 135.22M
NATIVE_PARALLEL_AUDIT 4 warming 0
NATIVE_PARALLEL_AUDIT 3 warming 0
NATIVE_PARALLEL_AUDIT 2 warming 0
2026-10-10 16:20:56,528 [/home/pc/anaconda3/envs/fold/lib/python3.12/site-packages/runner/inference.py:246] INFO runner.inference: Loading from /data/user/shuang886/Folding/protenix_stage0_pkg/v1_1/runtime/checkpoint/protenix_mini_esm_v0.5.0.pt, strict: False
2026-10-10 16:20:57,029 [/home/pc/anaconda3/envs/fold/lib/python3.12/site-packages/runner/inference.py:246] INFO runner.inference: Sampled key: module.input_embedder.atom_attention_encoder.linear_no_bias_ref_pos.weight
2026-10-10 16:20:57,072 [/home/pc/anaconda3/envs/fold/lib/python3.12/site-packages/runner/inference.py:246] INFO runner.inference: Finish loading checkpoint.
2026-10-10 16:20:57,075 [/home/pc/anaconda3/envs/fold/lib/python3.12/site-packages/runner/inference.py:246] INFO runner.inference: Model parameters: 135.22M
NATIVE_PARALLEL_AUDIT 1 warming 0
NATIVE_PARALLEL_AUDIT 0 warming 0
NATIVE_PARALLEL_AUDITNATIVE_PARALLEL_AUDIT  45 NATIVE_PARALLEL_AUDIT 0_serial_1 0_serial_1 3 0 0

0_serial_1 0
NATIVE_PARALLEL_AUDIT 2 0_serial_1 0
NATIVE_PARALLEL_AUDIT 1 0_serial_1 NATIVE_PARALLEL_AUDIT0
 0 0_serial_1 0
NATIVE_PARALLEL_AUDIT 2 0_serial_1 1
NATIVE_PARALLEL_AUDIT 3 0_serial_1 1
NATIVE_PARALLEL_AUDIT 1NATIVE_PARALLEL_AUDIT NATIVE_PARALLEL_AUDIT 5 4  0_serial_10_serial_10_serial_1   111


NATIVE_PARALLEL_AUDIT 0 0_serial_1 1
NATIVE_PARALLEL_AUDIT 4 0_serial_2NATIVE_PARALLEL_AUDIT 1 
3NATIVE_PARALLEL_AUDIT  0_serial_25  0_serial_2 11

NATIVE_PARALLEL_AUDIT 2 0_serial_2 1
NATIVE_PARALLEL_AUDIT 1 0_serial_2 1
NATIVE_PARALLEL_AUDIT 0 0_serial_2 1
NATIVE_PARALLEL_AUDIT 2 0_serial_2 NATIVE_PARALLEL_AUDIT2 3
 0_serial_2 2
NATIVE_PARALLEL_AUDIT NATIVE_PARALLEL_AUDIT 45  0_serial_20_serial_2  2
2
NATIVE_PARALLEL_AUDIT 1 0_serial_2 2
NATIVE_PARALLEL_AUDIT 0 0_serial_2 2
NATIVE_PARALLEL_AUDIT 4 0_serial_3 NATIVE_PARALLEL_AUDIT2 
3 0_serial_3NATIVE_PARALLEL_AUDIT  52 
NATIVE_PARALLEL_AUDIT0_serial_3  22
 0_serial_3 2
NATIVE_PARALLEL_AUDIT 1 0_serial_3NATIVE_PARALLEL_AUDIT  20
 0_serial_3 2
NATIVE_PARALLEL_AUDIT 2 0_serial_3 3NATIVE_PARALLEL_AUDIT
 3 0_serial_3 3
NATIVE_PARALLEL_AUDIT 4NATIVE_PARALLEL_AUDIT  NATIVE_PARALLEL_AUDIT0_serial_3 5  10_serial_33 
3 
0_serial_3 3
NATIVE_PARALLEL_AUDIT 0 0_serial_3 3
NATIVE_PARALLEL_AUDIT 4 0_parallel_1 3
NATIVE_PARALLEL_AUDIT 5 0_parallel_1 3NATIVE_PARALLEL_AUDIT
 3 0_parallel_1 3
NATIVE_PARALLEL_AUDIT 2 0_parallel_1 3
NATIVE_PARALLEL_AUDIT 1 0_parallel_1NATIVE_PARALLEL_AUDIT  30
 0_parallel_1 3
NATIVE_PARALLEL_AUDIT 2 0_parallel_1 NATIVE_PARALLEL_AUDIT4 3 
0_parallel_1 4
NATIVE_PARALLEL_AUDIT 5 0_parallel_1NATIVE_PARALLEL_AUDIT  4
4 0_parallel_1 4
NATIVE_PARALLEL_AUDIT 1 0_parallel_1 4
NATIVE_PARALLEL_AUDIT 0 0_parallel_1 3
NATIVE_PARALLEL_AUDIT 0 0_parallel_1 4
NATIVE_PARALLEL_AUDIT NATIVE_PARALLEL_AUDIT4  50_parallel_2 0_parallel_2  4NATIVE_PARALLEL_AUDIT4

 3 0_parallel_2NATIVE_PARALLEL_AUDIT 4
 2 0_parallel_2 4
NATIVE_PARALLEL_AUDIT 1 0_parallel_2 4
NATIVE_PARALLEL_AUDIT 0 0_parallel_2 4
NATIVE_PARALLEL_AUDIT 2 0_parallel_2 5
NATIVE_PARALLEL_AUDIT NATIVE_PARALLEL_AUDIT 35  0_parallel_2NATIVE_PARALLEL_AUDIT0_parallel_2  54
  0_parallel_25 
5
NATIVE_PARALLEL_AUDIT 1 0_parallel_2 5
NATIVE_PARALLEL_AUDIT 0 0_parallel_2 4
NATIVE_PARALLEL_AUDIT 0 0_parallel_2 5
NATIVE_PARALLEL_AUDIT 4 0_parallel_3 5
NATIVE_PARALLEL_AUDIT 5 0_parallel_3 NATIVE_PARALLEL_AUDIT5
NATIVE_PARALLEL_AUDIT  23  0_parallel_30_parallel_3  55

NATIVE_PARALLEL_AUDIT 1 0_parallel_3 NATIVE_PARALLEL_AUDIT5
 0 0_parallel_3 5
NATIVE_PARALLEL_AUDITNATIVE_PARALLEL_AUDIT  NATIVE_PARALLEL_AUDIT2  3 0_parallel_310_parallel_3 6 
6 NATIVE_PARALLEL_AUDIT
 0_parallel_34NATIVE_PARALLEL_AUDIT  0_parallel_35  0_parallel_36 6

 6
NATIVE_PARALLEL_AUDIT 0 0_parallel_3 5
NATIVE_PARALLEL_AUDIT 0 0_parallel_3 6
NATIVE_PARALLEL_AUDIT 4 1_parallel_1 6
NATIVE_PARALLEL_AUDIT 5 1_parallel_1 6
NATIVE_PARALLEL_AUDIT 3 NATIVE_PARALLEL_AUDIT1_parallel_1  62
 1_parallel_1 6
NATIVE_PARALLEL_AUDIT 1 1_parallel_1 6
NATIVE_PARALLEL_AUDIT 0 1_parallel_1 6
NATIVE_PARALLEL_AUDIT 2 1_parallel_1 7
NATIVE_PARALLEL_AUDITNATIVE_PARALLEL_AUDIT  43 1_parallel_1  71_parallel_1
 7
NATIVE_PARALLEL_AUDITNATIVE_PARALLEL_AUDIT  5 11_parallel_1  7
1_parallel_1 7
NATIVE_PARALLEL_AUDIT 0 1_parallel_1 7
NATIVE_PARALLEL_AUDIT 4 1_parallel_2 7NATIVE_PARALLEL_AUDIT
 5 1_parallel_2 7
NATIVE_PARALLEL_AUDIT 3 1_parallel_2 7
NATIVE_PARALLEL_AUDIT 2 1_parallel_2 7
NATIVE_PARALLEL_AUDIT 1 1_parallel_2 7
NATIVE_PARALLEL_AUDIT 0 1_parallel_2 7
NATIVE_PARALLEL_AUDITNATIVE_PARALLEL_AUDIT  32 1_parallel_2  81_parallel_2
 8
NATIVE_PARALLEL_AUDIT NATIVE_PARALLEL_AUDIT5  1_parallel_2 48
 1_parallel_2 8
NATIVE_PARALLEL_AUDIT 1 1_parallel_2 8
NATIVE_PARALLEL_AUDIT 0 1_parallel_2 8
NATIVE_PARALLEL_AUDIT 4 1_parallel_3 NATIVE_PARALLEL_AUDIT8 
5 1_parallel_3 NATIVE_PARALLEL_AUDIT8
 3NATIVE_PARALLEL_AUDIT 1_parallel_3  82
 1_parallel_3 8
NATIVE_PARALLEL_AUDIT 1NATIVE_PARALLEL_AUDIT  1_parallel_30  81_parallel_3
 8
NATIVE_PARALLEL_AUDIT 2 1_parallel_3 9
NATIVE_PARALLEL_AUDIT 3NATIVE_PARALLEL_AUDIT 5  1_parallel_31_parallel_3 9 
9
NATIVE_PARALLEL_AUDIT NATIVE_PARALLEL_AUDIT4  1_parallel_31  9
1_parallel_3 9
NATIVE_PARALLEL_AUDIT 0 1_parallel_3 9
NATIVE_PARALLEL_AUDITNATIVE_PARALLEL_AUDITNATIVE_PARALLEL_AUDIT   453  1_serial_1  1_serial_19 
1_serial_19 
9
NATIVE_PARALLEL_AUDIT 2 1_serial_1 9
NATIVE_PARALLEL_AUDIT 1 NATIVE_PARALLEL_AUDIT1_serial_1 9 
0 1_serial_1 9
NATIVE_PARALLEL_AUDIT 3 1_serial_1NATIVE_PARALLEL_AUDIT 10 
2 1_serial_1NATIVE_PARALLEL_AUDIT  5 1_serial_110 
10NATIVE_PARALLEL_AUDIT
 4 1_serial_1 10
NATIVE_PARALLEL_AUDIT 1 1_serial_1 10
NATIVE_PARALLEL_AUDIT 0 1_serial_1 9
NATIVE_PARALLEL_AUDIT 0 1_serial_1 10
NATIVE_PARALLEL_AUDITNATIVE_PARALLEL_AUDIT 5  1_serial_24 10
 1_serial_2 10NATIVE_PARALLEL_AUDIT
 3NATIVE_PARALLEL_AUDIT  1_serial_22  10
1_serial_2 10
NATIVE_PARALLEL_AUDITNATIVE_PARALLEL_AUDIT  10  1_serial_21_serial_2  1010

NATIVE_PARALLEL_AUDIT 2 NATIVE_PARALLEL_AUDIT1_serial_2  5 NATIVE_PARALLEL_AUDIT1_serial_2NATIVE_PARALLEL_AUDIT   4113 
1_serial_211  1_serial_211
 
11
NATIVE_PARALLEL_AUDIT 1 1_serial_2 11
NATIVE_PARALLEL_AUDIT 0 1_serial_2 10
NATIVE_PARALLEL_AUDIT 0 1_serial_2 11
NATIVE_PARALLEL_AUDIT 4 1_serial_3 11NATIVE_PARALLEL_AUDIT
 5 1_serial_3 NATIVE_PARALLEL_AUDIT11 
3 NATIVE_PARALLEL_AUDIT1_serial_3  112
 1_serial_3 11
NATIVE_PARALLEL_AUDIT 1 1_serial_3 11
NATIVE_PARALLEL_AUDIT 0 1_serial_3 11
NATIVE_PARALLEL_AUDIT 2 1_serial_3 12NATIVE_PARALLEL_AUDIT 
3 1_serial_3 12
NATIVE_PARALLEL_AUDIT 4 1_serial_3NATIVE_PARALLEL_AUDIT  125 
1_serial_3 12
NATIVE_PARALLEL_AUDIT 1 1_serial_3 12
NATIVE_PARALLEL_AUDIT 0 1_serial_3 11
NATIVE_PARALLEL_AUDIT 0 1_serial_3 12
NATIVE_PARALLEL_AUDIT 5 complete 12
NATIVE_PARALLEL_AUDIT 4 complete 12
NATIVE_PARALLEL_AUDIT 3 complete 12
NATIVE_PARALLEL_AUDIT 2 complete 12
NATIVE_PARALLEL_AUDIT 1 complete 12
NATIVE_PARALLEL_AUDIT 0 complete 12
