Timeout (0:03:00)!
Thread 0x000073150b146740 (most recent call first):
  File "/data/user/shuang886/Folding/stage_pair_recovery_v1_20261010/code/src/fastglycan/paired_teacher_protocol.py", line 18 in sha256
  File "/data/user/shuang886/Folding/stage_pair_recovery_v1_20261010/code/src/fastglycan/reference_editor_runtime.py", line 124 in item
  File "/data/user/shuang886/Folding/stage_pair_recovery_v1_20261010/code/scripts/run_stage_pair_recovery.py", line 46 in evaluate
  File "/data/user/shuang886/Folding/stage_pair_recovery_v1_20261010/code/scripts/run_stage_pair_recovery.py", line 83 in run_stage_recovery
  File "/data/user/shuang886/Folding/stage_pair_recovery_v1_20261010/code/scripts/run_stage_pair_recovery.py", line 123 in <module>
  File "<frozen runpy>", line 88 in _run_code
  File "<frozen runpy>", line 98 in _run_module_code
  File "<frozen runpy>", line 287 in run_path
  File "/data/user/shuang886/Folding/stage_pair_recovery_v1_20261010/verification_code/observe_stage_retry.py", line 17 in <module>
Timeout (0:03:00)!
Thread 0x0000730b7d5ff6c0 (most recent call first):
  <no Python frame>

Thread 0x000073150b146740 (most recent call first):
  File "/data/user/shuang886/Folding/stage_pair_recovery_v1_20261010/code/scripts/run_stage_pair_recovery.py", line 94 in run_stage_recovery
  File "/data/user/shuang886/Folding/stage_pair_recovery_v1_20261010/code/scripts/run_stage_pair_recovery.py", line 123 in <module>
  File "<frozen runpy>", line 88 in _run_code
  File "<frozen runpy>", line 98 in _run_module_code
  File "<frozen runpy>", line 287 in run_path
  File "/data/user/shuang886/Folding/stage_pair_recovery_v1_20261010/verification_code/observe_stage_retry.py", line 17 in <module>
Timeout (0:03:00)!
Thread 0x0000730b7d5ff6c0 (most recent call first):
  <no Python frame>

Thread 0x000073150b146740 (most recent call first):
  File "/data/user/shuang886/Folding/stage_pair_recovery_v1_20261010/code/scripts/run_stage_pair_recovery.py", line 96 in run_stage_recovery
  File "/data/user/shuang886/Folding/stage_pair_recovery_v1_20261010/code/scripts/run_stage_pair_recovery.py", line 123 in <module>
  File "<frozen runpy>", line 88 in _run_code
  File "<frozen runpy>", line 98 in _run_module_code
  File "<frozen runpy>", line 287 in run_path
  File "/data/user/shuang886/Folding/stage_pair_recovery_v1_20261010/verification_code/observe_stage_retry.py", line 17 in <module>
Timeout (0:03:00)!
Thread 0x0000730b7d5ff6c0 (most recent call first):
  <no Python frame>

Thread 0x000073150b146740 (most recent call first):
  File "/data/user/shuang886/Folding/stage_pair_recovery_v1_20261010/code/scripts/run_stage_pair_recovery.py", line 55 in evaluate
  File "/data/user/shuang886/Folding/stage_pair_recovery_v1_20261010/code/scripts/run_stage_pair_recovery.py", line 108 in run_stage_recovery
  File "/data/user/shuang886/Folding/stage_pair_recovery_v1_20261010/code/scripts/run_stage_pair_recovery.py", line 123 in <module>
  File "<frozen runpy>", line 88 in _run_code
  File "<frozen runpy>", line 98 in _run_module_code
  File "<frozen runpy>", line 287 in run_path
  File "/data/user/shuang886/Folding/stage_pair_recovery_v1_20261010/verification_code/observe_stage_retry.py", line 17 in <module>
Timeout (0:03:00)!
Thread 0x0000730b7d5ff6c0 (most recent call first):
  <no Python frame>

Thread 0x000073150b146740 (most recent call first):
  File "/data/user/shuang886/Folding/stage_pair_recovery_v1_20261010/code/scripts/run_stage_pair_recovery.py", line 94 in run_stage_recovery
  File "/data/user/shuang886/Folding/stage_pair_recovery_v1_20261010/code/scripts/run_stage_pair_recovery.py", line 123 in <module>
  File "<frozen runpy>", line 88 in _run_code
  File "<frozen runpy>", line 98 in _run_module_code
  File "<frozen runpy>", line 287 in run_path
  File "/data/user/shuang886/Folding/stage_pair_recovery_v1_20261010/verification_code/observe_stage_retry.py", line 17 in <module>
Timeout (0:03:00)!
Thread 0x0000730b7d5ff6c0 (most recent call first):
  <no Python frame>

Thread 0x000073150b146740 (most recent call first):
  File "/home/pc/anaconda3/envs/fold/lib/python3.12/site-packages/torch/autograd/graph.py", line 882 in _engine_run_backward
  File "/home/pc/anaconda3/envs/fold/lib/python3.12/site-packages/torch/autograd/__init__.py", line 379 in backward
  File "/home/pc/anaconda3/envs/fold/lib/python3.12/site-packages/torch/_tensor.py", line 631 in backward
  File "/data/user/shuang886/Folding/stage_pair_recovery_v1_20261010/code/scripts/run_stage_pair_recovery.py", line 93 in run_stage_recovery
  File "/data/user/shuang886/Folding/stage_pair_recovery_v1_20261010/code/scripts/run_stage_pair_recovery.py", line 123 in <module>
  File "<frozen runpy>", line 88 in _run_code
  File "<frozen runpy>", line 98 in _run_module_code
  File "<frozen runpy>", line 287 in run_path
  File "/data/user/shuang886/Folding/stage_pair_recovery_v1_20261010/verification_code/observe_stage_retry.py", line 17 in <module>
Timeout (0:03:00)!
Thread 0x0000730b7d5ff6c0 (most recent call first):
  <no Python frame>

Thread 0x000073150b146740 (most recent call first):
  File "/data/user/shuang886/Folding/stage_pair_recovery_v1_20261010/code/src/fastglycan/models/soft_sequence_chart.py", line 42 in device_tree
  File "/data/user/shuang886/Folding/stage_pair_recovery_v1_20261010/code/src/fastglycan/models/soft_sequence_chart.py", line 43 in device_tree
  File "/data/user/shuang886/Folding/stage_pair_recovery_v1_20261010/code/src/fastglycan/reference_editor_runtime.py", line 128 in item
  File "/data/user/shuang886/Folding/stage_pair_recovery_v1_20261010/code/scripts/run_stage_pair_recovery.py", line 46 in evaluate
  File "/data/user/shuang886/Folding/stage_pair_recovery_v1_20261010/code/scripts/run_stage_pair_recovery.py", line 108 in run_stage_recovery
  File "/data/user/shuang886/Folding/stage_pair_recovery_v1_20261010/code/scripts/run_stage_pair_recovery.py", line 123 in <module>
  File "<frozen runpy>", line 88 in _run_code
  File "<frozen runpy>", line 98 in _run_module_code
  File "<frozen runpy>", line 287 in run_path
  File "/data/user/shuang886/Folding/stage_pair_recovery_v1_20261010/verification_code/observe_stage_retry.py", line 17 in <module>
