2026-09-28 09:42:01,621 [/home/pc/anaconda3/envs/fold/lib/python3.12/site-packages/runner/batch_inference.py:403] INFO runner.batch_inference: Inference by Protenix: model_size: mini, with_feature: esm, model_version: v0.5.0, dtype: bf16
2026-09-28 09:42:01,621 [/home/pc/anaconda3/envs/fold/lib/python3.12/site-packages/runner/batch_inference.py:408] INFO runner.batch_inference: Triangle_multiplicative kernel: torch, Triangle_attention kernel: torch
2026-09-28 09:42:01,621 [/home/pc/anaconda3/envs/fold/lib/python3.12/site-packages/runner/batch_inference.py:412] INFO runner.batch_inference: enable_diffusion_shared_vars_cache: True, enable_efficient_fusion: True, enable_tf32: False
2026-09-28 09:42:01,621 [/home/pc/anaconda3/envs/fold/lib/python3.12/site-packages/runner/inference.py:246] INFO runner.inference: Distributed environment: world size: 1, global rank: 0, local rank: 0
2026-09-28 09:42:01,621 [/home/pc/anaconda3/envs/fold/lib/python3.12/site-packages/runner/inference.py:98] INFO root: LOCAL_RANK: 0 - CUDA_VISIBLE_DEVICES: [0]
2026-09-28 09:42:01,621 [/home/pc/anaconda3/envs/fold/lib/python3.12/site-packages/runner/inference.py:127] INFO root: Finished environment initialization.
train scheduler 16.0
inference scheduler 16.0
Diffusion Module has 16.0
2026-09-28 09:42:19,966 [/home/pc/anaconda3/envs/fold/lib/python3.12/site-packages/runner/inference.py:246] INFO runner.inference: Loading from /media/PM982/onestepfold/protenix_stage0_pkg/v1_1/runtime/checkpoint/protenix_mini_esm_v0.5.0.pt, strict: False
2026-09-28 09:42:20,257 [/home/pc/anaconda3/envs/fold/lib/python3.12/site-packages/runner/inference.py:246] INFO runner.inference: Sampled key: module.input_embedder.atom_attention_encoder.linear_no_bias_ref_pos.weight
2026-09-28 09:42:20,291 [/home/pc/anaconda3/envs/fold/lib/python3.12/site-packages/runner/inference.py:246] INFO runner.inference: Finish loading checkpoint.
2026-09-28 09:42:20,294 [/home/pc/anaconda3/envs/fold/lib/python3.12/site-packages/runner/inference.py:246] INFO runner.inference: Model parameters: 135.22M
Try to load ESM language model from  /media/PM982/onestepfold/protenix_stage0_pkg/v1_1/runtime/checkpoint/esm2_t36_3B_UR50D.pt
2026-09-28 09:42:53,484 [/home/pc/anaconda3/envs/fold/lib/python3.12/site-packages/protenix/data/constraint/constraint_featurizer.py:392] INFO protenix.data.constraint.constraint_featurizer: Loaded constraint feature: #atom contact:0 #contact:0 #pocket:0
2026-09-28 09:42:53,654 [/home/pc/anaconda3/envs/fold/lib/python3.12/site-packages/protenix/data/constraint/constraint_featurizer.py:392] INFO protenix.data.constraint.constraint_featurizer: Loaded constraint feature: #atom contact:0 #contact:0 #pocket:0
2026-09-28 09:42:54,076 [/home/pc/anaconda3/envs/fold/lib/python3.12/site-packages/protenix/data/constraint/constraint_featurizer.py:392] INFO protenix.data.constraint.constraint_featurizer: Loaded constraint feature: #atom contact:0 #contact:0 #pocket:0
2026-09-28 09:42:54,265 [/home/pc/anaconda3/envs/fold/lib/python3.12/site-packages/protenix/data/constraint/constraint_featurizer.py:392] INFO protenix.data.constraint.constraint_featurizer: Loaded constraint feature: #atom contact:0 #contact:0 #pocket:0
2026-09-28 09:42:54,482 [/home/pc/anaconda3/envs/fold/lib/python3.12/site-packages/protenix/data/constraint/constraint_featurizer.py:392] INFO protenix.data.constraint.constraint_featurizer: Loaded constraint feature: #atom contact:0 #contact:0 #pocket:0
2026-09-28 09:42:54,663 [/home/pc/anaconda3/envs/fold/lib/python3.12/site-packages/protenix/data/constraint/constraint_featurizer.py:392] INFO protenix.data.constraint.constraint_featurizer: Loaded constraint feature: #atom contact:0 #contact:0 #pocket:0
2026-09-28 09:42:54,830 [/home/pc/anaconda3/envs/fold/lib/python3.12/site-packages/protenix/data/constraint/constraint_featurizer.py:392] INFO protenix.data.constraint.constraint_featurizer: Loaded constraint feature: #atom contact:0 #contact:0 #pocket:0
2026-09-28 09:42:55,031 [/home/pc/anaconda3/envs/fold/lib/python3.12/site-packages/protenix/data/constraint/constraint_featurizer.py:392] INFO protenix.data.constraint.constraint_featurizer: Loaded constraint feature: #atom contact:0 #contact:0 #pocket:0
2026-09-28 09:42:55,219 [/home/pc/anaconda3/envs/fold/lib/python3.12/site-packages/protenix/data/constraint/constraint_featurizer.py:392] INFO protenix.data.constraint.constraint_featurizer: Loaded constraint feature: #atom contact:0 #contact:0 #pocket:0
2026-09-28 09:42:55,406 [/home/pc/anaconda3/envs/fold/lib/python3.12/site-packages/protenix/data/constraint/constraint_featurizer.py:392] INFO protenix.data.constraint.constraint_featurizer: Loaded constraint feature: #atom contact:0 #contact:0 #pocket:0
2026-09-28 09:42:55,582 [/home/pc/anaconda3/envs/fold/lib/python3.12/site-packages/protenix/data/constraint/constraint_featurizer.py:392] INFO protenix.data.constraint.constraint_featurizer: Loaded constraint feature: #atom contact:0 #contact:0 #pocket:0
2026-09-28 09:42:55,765 [/home/pc/anaconda3/envs/fold/lib/python3.12/site-packages/protenix/data/constraint/constraint_featurizer.py:392] INFO protenix.data.constraint.constraint_featurizer: Loaded constraint feature: #atom contact:0 #contact:0 #pocket:0
2026-09-28 09:42:55,941 [/home/pc/anaconda3/envs/fold/lib/python3.12/site-packages/protenix/data/constraint/constraint_featurizer.py:392] INFO protenix.data.constraint.constraint_featurizer: Loaded constraint feature: #atom contact:0 #contact:0 #pocket:0
2026-09-28 09:42:56,113 [/home/pc/anaconda3/envs/fold/lib/python3.12/site-packages/protenix/data/constraint/constraint_featurizer.py:392] INFO protenix.data.constraint.constraint_featurizer: Loaded constraint feature: #atom contact:0 #contact:0 #pocket:0
2026-09-28 09:42:56,316 [/home/pc/anaconda3/envs/fold/lib/python3.12/site-packages/protenix/data/constraint/constraint_featurizer.py:392] INFO protenix.data.constraint.constraint_featurizer: Loaded constraint feature: #atom contact:0 #contact:0 #pocket:0
2026-09-28 09:42:56,510 [/home/pc/anaconda3/envs/fold/lib/python3.12/site-packages/protenix/data/constraint/constraint_featurizer.py:392] INFO protenix.data.constraint.constraint_featurizer: Loaded constraint feature: #atom contact:0 #contact:0 #pocket:0
2026-09-28 09:42:56,656 [/home/pc/anaconda3/envs/fold/lib/python3.12/site-packages/protenix/data/constraint/constraint_featurizer.py:392] INFO protenix.data.constraint.constraint_featurizer: Loaded constraint feature: #atom contact:0 #contact:0 #pocket:0
2026-09-28 09:42:56,817 [/home/pc/anaconda3/envs/fold/lib/python3.12/site-packages/protenix/data/constraint/constraint_featurizer.py:392] INFO protenix.data.constraint.constraint_featurizer: Loaded constraint feature: #atom contact:0 #contact:0 #pocket:0
2026-09-28 09:42:57,024 [/home/pc/anaconda3/envs/fold/lib/python3.12/site-packages/protenix/data/constraint/constraint_featurizer.py:392] INFO protenix.data.constraint.constraint_featurizer: Loaded constraint feature: #atom contact:0 #contact:0 #pocket:0
2026-09-28 09:42:57,307 [/home/pc/anaconda3/envs/fold/lib/python3.12/site-packages/protenix/data/constraint/constraint_featurizer.py:392] INFO protenix.data.constraint.constraint_featurizer: Loaded constraint feature: #atom contact:0 #contact:0 #pocket:0
2026-09-28 09:42:57,530 [/home/pc/anaconda3/envs/fold/lib/python3.12/site-packages/protenix/data/constraint/constraint_featurizer.py:392] INFO protenix.data.constraint.constraint_featurizer: Loaded constraint feature: #atom contact:0 #contact:0 #pocket:0
2026-09-28 09:44:27,720 [/home/pc/anaconda3/envs/fold/lib/python3.12/site-packages/protenix/data/constraint/constraint_featurizer.py:392] INFO protenix.data.constraint.constraint_featurizer: Loaded constraint feature: #atom contact:0 #contact:0 #pocket:0
2026-09-28 09:44:29,945 [/home/pc/anaconda3/envs/fold/lib/python3.12/site-packages/protenix/data/constraint/constraint_featurizer.py:392] INFO protenix.data.constraint.constraint_featurizer: Loaded constraint feature: #atom contact:0 #contact:0 #pocket:0
2026-09-28 09:44:32,165 [/home/pc/anaconda3/envs/fold/lib/python3.12/site-packages/protenix/data/constraint/constraint_featurizer.py:392] INFO protenix.data.constraint.constraint_featurizer: Loaded constraint feature: #atom contact:0 #contact:0 #pocket:0
2026-09-28 09:44:34,385 [/home/pc/anaconda3/envs/fold/lib/python3.12/site-packages/protenix/data/constraint/constraint_featurizer.py:392] INFO protenix.data.constraint.constraint_featurizer: Loaded constraint feature: #atom contact:0 #contact:0 #pocket:0
2026-09-28 09:44:36,603 [/home/pc/anaconda3/envs/fold/lib/python3.12/site-packages/protenix/data/constraint/constraint_featurizer.py:392] INFO protenix.data.constraint.constraint_featurizer: Loaded constraint feature: #atom contact:0 #contact:0 #pocket:0
2026-09-28 09:44:38,823 [/home/pc/anaconda3/envs/fold/lib/python3.12/site-packages/protenix/data/constraint/constraint_featurizer.py:392] INFO protenix.data.constraint.constraint_featurizer: Loaded constraint feature: #atom contact:0 #contact:0 #pocket:0
2026-09-28 09:44:41,043 [/home/pc/anaconda3/envs/fold/lib/python3.12/site-packages/protenix/data/constraint/constraint_featurizer.py:392] INFO protenix.data.constraint.constraint_featurizer: Loaded constraint feature: #atom contact:0 #contact:0 #pocket:0
2026-09-28 09:44:43,264 [/home/pc/anaconda3/envs/fold/lib/python3.12/site-packages/protenix/data/constraint/constraint_featurizer.py:392] INFO protenix.data.constraint.constraint_featurizer: Loaded constraint feature: #atom contact:0 #contact:0 #pocket:0
2026-09-28 09:44:45,486 [/home/pc/anaconda3/envs/fold/lib/python3.12/site-packages/protenix/data/constraint/constraint_featurizer.py:392] INFO protenix.data.constraint.constraint_featurizer: Loaded constraint feature: #atom contact:0 #contact:0 #pocket:0
2026-09-28 09:44:47,714 [/home/pc/anaconda3/envs/fold/lib/python3.12/site-packages/protenix/data/constraint/constraint_featurizer.py:392] INFO protenix.data.constraint.constraint_featurizer: Loaded constraint feature: #atom contact:0 #contact:0 #pocket:0
2026-09-28 09:44:49,935 [/home/pc/anaconda3/envs/fold/lib/python3.12/site-packages/protenix/data/constraint/constraint_featurizer.py:392] INFO protenix.data.constraint.constraint_featurizer: Loaded constraint feature: #atom contact:0 #contact:0 #pocket:0
2026-09-28 09:44:52,155 [/home/pc/anaconda3/envs/fold/lib/python3.12/site-packages/protenix/data/constraint/constraint_featurizer.py:392] INFO protenix.data.constraint.constraint_featurizer: Loaded constraint feature: #atom contact:0 #contact:0 #pocket:0
2026-09-28 09:44:54,379 [/home/pc/anaconda3/envs/fold/lib/python3.12/site-packages/protenix/data/constraint/constraint_featurizer.py:392] INFO protenix.data.constraint.constraint_featurizer: Loaded constraint feature: #atom contact:0 #contact:0 #pocket:0
2026-09-28 09:44:56,600 [/home/pc/anaconda3/envs/fold/lib/python3.12/site-packages/protenix/data/constraint/constraint_featurizer.py:392] INFO protenix.data.constraint.constraint_featurizer: Loaded constraint feature: #atom contact:0 #contact:0 #pocket:0
2026-09-28 09:44:58,822 [/home/pc/anaconda3/envs/fold/lib/python3.12/site-packages/protenix/data/constraint/constraint_featurizer.py:392] INFO protenix.data.constraint.constraint_featurizer: Loaded constraint feature: #atom contact:0 #contact:0 #pocket:0
2026-09-28 09:45:01,041 [/home/pc/anaconda3/envs/fold/lib/python3.12/site-packages/protenix/data/constraint/constraint_featurizer.py:392] INFO protenix.data.constraint.constraint_featurizer: Loaded constraint feature: #atom contact:0 #contact:0 #pocket:0
2026-09-28 09:45:03,262 [/home/pc/anaconda3/envs/fold/lib/python3.12/site-packages/protenix/data/constraint/constraint_featurizer.py:392] INFO protenix.data.constraint.constraint_featurizer: Loaded constraint feature: #atom contact:0 #contact:0 #pocket:0
