2026-09-28 09:48:51,156 [/home/pc/anaconda3/envs/fold/lib/python3.12/site-packages/runner/batch_inference.py:403] INFO runner.batch_inference: Inference by Protenix: model_size: mini, with_feature: esm, model_version: v0.5.0, dtype: bf16
2026-09-28 09:48:51,156 [/home/pc/anaconda3/envs/fold/lib/python3.12/site-packages/runner/batch_inference.py:408] INFO runner.batch_inference: Triangle_multiplicative kernel: torch, Triangle_attention kernel: torch
2026-09-28 09:48:51,156 [/home/pc/anaconda3/envs/fold/lib/python3.12/site-packages/runner/batch_inference.py:412] INFO runner.batch_inference: enable_diffusion_shared_vars_cache: True, enable_efficient_fusion: True, enable_tf32: False
2026-09-28 09:48:51,156 [/home/pc/anaconda3/envs/fold/lib/python3.12/site-packages/runner/inference.py:246] INFO runner.inference: Distributed environment: world size: 1, global rank: 0, local rank: 0
2026-09-28 09:48:51,156 [/home/pc/anaconda3/envs/fold/lib/python3.12/site-packages/runner/inference.py:98] INFO root: LOCAL_RANK: 0 - CUDA_VISIBLE_DEVICES: [0]
2026-09-28 09:48:51,156 [/home/pc/anaconda3/envs/fold/lib/python3.12/site-packages/runner/inference.py:127] INFO root: Finished environment initialization.
train scheduler 16.0
inference scheduler 16.0
Diffusion Module has 16.0
2026-09-28 09:49:09,706 [/home/pc/anaconda3/envs/fold/lib/python3.12/site-packages/runner/inference.py:246] INFO runner.inference: Loading from /media/PM982/onestepfold/protenix_stage0_pkg/v1_1/runtime/checkpoint/protenix_mini_esm_v0.5.0.pt, strict: False
2026-09-28 09:49:10,245 [/home/pc/anaconda3/envs/fold/lib/python3.12/site-packages/runner/inference.py:246] INFO runner.inference: Sampled key: module.input_embedder.atom_attention_encoder.linear_no_bias_ref_pos.weight
2026-09-28 09:49:10,280 [/home/pc/anaconda3/envs/fold/lib/python3.12/site-packages/runner/inference.py:246] INFO runner.inference: Finish loading checkpoint.
2026-09-28 09:49:10,283 [/home/pc/anaconda3/envs/fold/lib/python3.12/site-packages/runner/inference.py:246] INFO runner.inference: Model parameters: 135.22M
Try to load ESM language model from  /media/PM982/onestepfold/protenix_stage0_pkg/v1_1/runtime/checkpoint/esm2_t36_3B_UR50D.pt
2026-09-28 09:49:41,706 [/home/pc/anaconda3/envs/fold/lib/python3.12/site-packages/protenix/data/constraint/constraint_featurizer.py:392] INFO protenix.data.constraint.constraint_featurizer: Loaded constraint feature: #atom contact:0 #contact:0 #pocket:0
2026-09-28 09:49:41,789 [/home/pc/anaconda3/envs/fold/lib/python3.12/site-packages/protenix/data/constraint/constraint_featurizer.py:392] INFO protenix.data.constraint.constraint_featurizer: Loaded constraint feature: #atom contact:0 #contact:0 #pocket:0
2026-09-28 09:49:41,881 [/home/pc/anaconda3/envs/fold/lib/python3.12/site-packages/protenix/data/constraint/constraint_featurizer.py:392] INFO protenix.data.constraint.constraint_featurizer: Loaded constraint feature: #atom contact:0 #contact:0 #pocket:0
2026-09-28 09:49:42,014 [/home/pc/anaconda3/envs/fold/lib/python3.12/site-packages/protenix/data/constraint/constraint_featurizer.py:392] INFO protenix.data.constraint.constraint_featurizer: Loaded constraint feature: #atom contact:0 #contact:0 #pocket:0
2026-09-28 09:49:42,357 [/home/pc/anaconda3/envs/fold/lib/python3.12/site-packages/protenix/data/constraint/constraint_featurizer.py:392] INFO protenix.data.constraint.constraint_featurizer: Loaded constraint feature: #atom contact:0 #contact:0 #pocket:0
2026-09-28 09:49:42,454 [/home/pc/anaconda3/envs/fold/lib/python3.12/site-packages/protenix/data/constraint/constraint_featurizer.py:392] INFO protenix.data.constraint.constraint_featurizer: Loaded constraint feature: #atom contact:0 #contact:0 #pocket:0
2026-09-28 09:49:42,541 [/home/pc/anaconda3/envs/fold/lib/python3.12/site-packages/protenix/data/constraint/constraint_featurizer.py:392] INFO protenix.data.constraint.constraint_featurizer: Loaded constraint feature: #atom contact:0 #contact:0 #pocket:0
2026-09-28 09:49:42,651 [/home/pc/anaconda3/envs/fold/lib/python3.12/site-packages/protenix/data/constraint/constraint_featurizer.py:392] INFO protenix.data.constraint.constraint_featurizer: Loaded constraint feature: #atom contact:0 #contact:0 #pocket:0
2026-09-28 09:49:42,752 [/home/pc/anaconda3/envs/fold/lib/python3.12/site-packages/protenix/data/constraint/constraint_featurizer.py:392] INFO protenix.data.constraint.constraint_featurizer: Loaded constraint feature: #atom contact:0 #contact:0 #pocket:0
2026-09-28 09:49:42,859 [/home/pc/anaconda3/envs/fold/lib/python3.12/site-packages/protenix/data/constraint/constraint_featurizer.py:392] INFO protenix.data.constraint.constraint_featurizer: Loaded constraint feature: #atom contact:0 #contact:0 #pocket:0
2026-09-28 09:49:42,955 [/home/pc/anaconda3/envs/fold/lib/python3.12/site-packages/protenix/data/constraint/constraint_featurizer.py:392] INFO protenix.data.constraint.constraint_featurizer: Loaded constraint feature: #atom contact:0 #contact:0 #pocket:0
2026-09-28 09:49:43,052 [/home/pc/anaconda3/envs/fold/lib/python3.12/site-packages/protenix/data/constraint/constraint_featurizer.py:392] INFO protenix.data.constraint.constraint_featurizer: Loaded constraint feature: #atom contact:0 #contact:0 #pocket:0
2026-09-28 09:49:43,147 [/home/pc/anaconda3/envs/fold/lib/python3.12/site-packages/protenix/data/constraint/constraint_featurizer.py:392] INFO protenix.data.constraint.constraint_featurizer: Loaded constraint feature: #atom contact:0 #contact:0 #pocket:0
2026-09-28 09:49:43,243 [/home/pc/anaconda3/envs/fold/lib/python3.12/site-packages/protenix/data/constraint/constraint_featurizer.py:392] INFO protenix.data.constraint.constraint_featurizer: Loaded constraint feature: #atom contact:0 #contact:0 #pocket:0
2026-09-28 09:49:43,353 [/home/pc/anaconda3/envs/fold/lib/python3.12/site-packages/protenix/data/constraint/constraint_featurizer.py:392] INFO protenix.data.constraint.constraint_featurizer: Loaded constraint feature: #atom contact:0 #contact:0 #pocket:0
2026-09-28 09:49:43,458 [/home/pc/anaconda3/envs/fold/lib/python3.12/site-packages/protenix/data/constraint/constraint_featurizer.py:392] INFO protenix.data.constraint.constraint_featurizer: Loaded constraint feature: #atom contact:0 #contact:0 #pocket:0
2026-09-28 09:49:43,543 [/home/pc/anaconda3/envs/fold/lib/python3.12/site-packages/protenix/data/constraint/constraint_featurizer.py:392] INFO protenix.data.constraint.constraint_featurizer: Loaded constraint feature: #atom contact:0 #contact:0 #pocket:0
2026-09-28 09:49:43,632 [/home/pc/anaconda3/envs/fold/lib/python3.12/site-packages/protenix/data/constraint/constraint_featurizer.py:392] INFO protenix.data.constraint.constraint_featurizer: Loaded constraint feature: #atom contact:0 #contact:0 #pocket:0
2026-09-28 09:49:43,744 [/home/pc/anaconda3/envs/fold/lib/python3.12/site-packages/protenix/data/constraint/constraint_featurizer.py:392] INFO protenix.data.constraint.constraint_featurizer: Loaded constraint feature: #atom contact:0 #contact:0 #pocket:0
2026-09-28 09:49:43,887 [/home/pc/anaconda3/envs/fold/lib/python3.12/site-packages/protenix/data/constraint/constraint_featurizer.py:392] INFO protenix.data.constraint.constraint_featurizer: Loaded constraint feature: #atom contact:0 #contact:0 #pocket:0
2026-09-28 09:49:44,004 [/home/pc/anaconda3/envs/fold/lib/python3.12/site-packages/protenix/data/constraint/constraint_featurizer.py:392] INFO protenix.data.constraint.constraint_featurizer: Loaded constraint feature: #atom contact:0 #contact:0 #pocket:0
