2026-10-09 23:21:18,418 [/home/pc/anaconda3/envs/fold/lib/python3.12/site-packages/runner/batch_inference.py:403] INFO runner.batch_inference: Inference by Protenix: model_size: mini, with_feature: esm, model_version: v0.5.0, dtype: bf16
2026-10-09 23:21:18,418 [/home/pc/anaconda3/envs/fold/lib/python3.12/site-packages/runner/batch_inference.py:408] INFO runner.batch_inference: Triangle_multiplicative kernel: torch, Triangle_attention kernel: torch
2026-10-09 23:21:18,418 [/home/pc/anaconda3/envs/fold/lib/python3.12/site-packages/runner/batch_inference.py:412] INFO runner.batch_inference: enable_diffusion_shared_vars_cache: True, enable_efficient_fusion: True, enable_tf32: False
2026-10-09 23:21:18,419 [/home/pc/anaconda3/envs/fold/lib/python3.12/site-packages/runner/inference.py:246] INFO runner.inference: Distributed environment: world size: 1, global rank: 0, local rank: 0
2026-10-09 23:21:18,419 [/home/pc/anaconda3/envs/fold/lib/python3.12/site-packages/runner/inference.py:98] INFO root: LOCAL_RANK: 0 - CUDA_VISIBLE_DEVICES: [0]
2026-10-09 23:21:18,419 [/home/pc/anaconda3/envs/fold/lib/python3.12/site-packages/runner/inference.py:127] INFO root: Finished environment initialization.
train scheduler 16.0
inference scheduler 16.0
Diffusion Module has 16.0
2026-10-09 23:21:34,393 [/home/pc/anaconda3/envs/fold/lib/python3.12/site-packages/runner/inference.py:246] INFO runner.inference: Loading from /data/user/shuang886/Folding/protenix_stage0_pkg/v1_1/runtime/checkpoint/protenix_mini_esm_v0.5.0.pt, strict: False
2026-10-09 23:21:34,873 [/home/pc/anaconda3/envs/fold/lib/python3.12/site-packages/runner/inference.py:246] INFO runner.inference: Sampled key: module.input_embedder.atom_attention_encoder.linear_no_bias_ref_pos.weight
2026-10-09 23:21:34,922 [/home/pc/anaconda3/envs/fold/lib/python3.12/site-packages/runner/inference.py:246] INFO runner.inference: Finish loading checkpoint.
2026-10-09 23:21:34,925 [/home/pc/anaconda3/envs/fold/lib/python3.12/site-packages/runner/inference.py:246] INFO runner.inference: Model parameters: 135.22M
READOUT_FIT_SITE random 272001 p3_s37 42.80099487499683
READOUT_FIT_SITE random 272001 p4_s2 46.97167574299965
READOUT_FIT_SITE random 272001 p5_s65 49.636059623997426
READOUT_FIT_SITE random 272001 p7_s44 54.05995637900196
READOUT_FIT_SITE random 272001 p7_s86 58.513635907002026
READOUT_FIT_SITE random 272001 p11_s49 65.1799241839908
READOUT_FIT_SITE random 272001 p11_s52 71.64073525599088
READOUT_FIT_SITE random 272001 p12_s11 78.86366693599848
READOUT_FIT_SITE random 272001 p12_s72 86.15317184099695
READOUT_FIT_SITE random 272001 p13_s95 95.61171611701138
READOUT_FIT_SITE random 272001 p13_s107 104.95827359598479
READOUT_FIT_SITE random 272001 p14_s6 114.64269719400909
READOUT_FIT_SITE random 272001 p14_s8 123.68240108698956
READOUT_FIT_SITE random 272001 p15_s13 131.55797607800923
READOUT_FIT_SITE random 272001 p15_s66 139.40258938699844
READOUT_FIT_SITE random 272001 p18_s13 151.9365743949893
READOUT_FIT_SITE random 272001 p18_s179 163.826062431006
READOUT_FIT_SITE random 272001 p19_s90 174.46361770300427
READOUT_FIT_SITE random 272001 p19_s137 185.39763350598514
READOUT_FIT_SITE random 272001 p20_s100 195.28653653198853
READOUT_FIT_SITE random 272001 p20_s112 205.25417228401056
READOUT_FIT_SITE random 272001 p21_s23 217.64407485199627
READOUT_FIT_SITE random 272001 p21_s128 229.39305755699752
READOUT_FIT_SITE random 272001 p22_s25 243.47239145598724
READOUT_FIT_SITE random 272001 p22_s44 257.0707914920058
READOUT_FIT_SITE random 272001 p23_s68 267.0456804159912
READOUT_FIT_SITE random 272001 p23_s148 276.7724551539868
READOUT_EVAL_SITE random 272001 p0_s48 280.2755999820074
READOUT_EVAL_SITE random 272001 p0_s58 283.4687702890078
READOUT_EVAL_SITE random 272001 p1_s25 286.62628372298786
READOUT_EVAL_SITE random 272001 p1_s78 289.76052762698964
READOUT_EVAL_SITE random 272001 p2_s30 292.997560563992
READOUT_EVAL_SITE random 272001 p2_s47 296.5214031719952
READOUT_EVAL_SITE random 272001 p3_s37 299.54062101300224
READOUT_EVAL_SITE random 272001 p3_s84 302.68481099800556
READOUT_EVAL_SITE random 272001 p4_s2 306.0877224750002
READOUT_EVAL_SITE random 272001 p4_s25 309.4499902979878
READOUT_EVAL_SITE random 272001 p5_s34 312.8173663530033
READOUT_EVAL_SITE random 272001 p5_s65 315.895614337991
READOUT_EVAL_SITE random 272001 p6_s10 319.2608129559958
READOUT_EVAL_SITE random 272001 p6_s17 322.6124380719848
READOUT_EVAL_SITE random 272001 p7_s44 325.9991989459959
READOUT_EVAL_SITE random 272001 p7_s86 329.3797688589839
READOUT_EVAL_SITE random 272001 p8_s101 333.5720219860086
READOUT_EVAL_SITE random 272001 p8_s108 337.59443541200017
READOUT_EVAL_SITE random 272001 p9_s42 341.46949810898514
READOUT_EVAL_SITE random 272001 p9_s89 345.33041203100584
READOUT_EVAL_SITE random 272001 p10_s45 349.0441147949896
READOUT_EVAL_SITE random 272001 p10_s80 352.7532700919837
READOUT_EVAL_SITE random 272001 p11_s49 356.50335389500833
READOUT_EVAL_SITE random 272001 p11_s52 360.283045891003
READOUT_EVAL_SITE random 272001 p12_s11 364.1439475619991
READOUT_EVAL_SITE random 272001 p12_s72 367.97457363500143
READOUT_EVAL_SITE random 272001 p13_s95 372.14306692700484
READOUT_EVAL_SITE random 272001 p13_s107 376.21704722600407
READOUT_EVAL_SITE random 272001 p14_s6 380.4146482869983
READOUT_EVAL_SITE random 272001 p14_s8 384.56152333298814
READOUT_EVAL_SITE random 272001 p15_s13 388.58785646400065
READOUT_EVAL_SITE random 272001 p15_s66 392.80663926000125
READOUT_EVAL_SITE random 272001 p16_s5 397.5314437559864
READOUT_EVAL_SITE random 272001 p16_s110 402.165979434998
READOUT_EVAL_SITE random 272001 p17_s44 406.4487686420034
READOUT_EVAL_SITE random 272001 p17_s137 410.7883843939926
READOUT_EVAL_SITE random 272001 p18_s13 416.0413518169953
READOUT_EVAL_SITE random 272001 p18_s179 421.20737006200943
READOUT_EVAL_SITE random 272001 p19_s90 425.67717243600055
READOUT_EVAL_SITE random 272001 p19_s137 430.41396205400815
READOUT_EVAL_SITE random 272001 p20_s100 435.0478248639847
READOUT_EVAL_SITE random 272001 p20_s112 439.6406014279928
READOUT_EVAL_SITE random 272001 p21_s23 444.86242245099857
READOUT_EVAL_SITE random 272001 p21_s128 449.89413839401095
READOUT_EVAL_SITE random 272001 p22_s25 455.18904537399067
READOUT_EVAL_SITE random 272001 p22_s44 460.20210544700967
READOUT_EVAL_SITE random 272001 p23_s68 464.3178532489983
READOUT_EVAL_SITE random 272001 p23_s148 468.69135682701017
