2026-10-09 23:21:18,516 [/home/pc/anaconda3/envs/fold/lib/python3.12/site-packages/runner/batch_inference.py:403] INFO runner.batch_inference: Inference by Protenix: model_size: mini, with_feature: esm, model_version: v0.5.0, dtype: bf16
2026-10-09 23:21:18,516 [/home/pc/anaconda3/envs/fold/lib/python3.12/site-packages/runner/batch_inference.py:408] INFO runner.batch_inference: Triangle_multiplicative kernel: torch, Triangle_attention kernel: torch
2026-10-09 23:21:18,516 [/home/pc/anaconda3/envs/fold/lib/python3.12/site-packages/runner/batch_inference.py:412] INFO runner.batch_inference: enable_diffusion_shared_vars_cache: True, enable_efficient_fusion: True, enable_tf32: False
2026-10-09 23:21:18,517 [/home/pc/anaconda3/envs/fold/lib/python3.12/site-packages/runner/inference.py:246] INFO runner.inference: Distributed environment: world size: 1, global rank: 0, local rank: 0
2026-10-09 23:21:18,517 [/home/pc/anaconda3/envs/fold/lib/python3.12/site-packages/runner/inference.py:98] INFO root: LOCAL_RANK: 0 - CUDA_VISIBLE_DEVICES: [0]
2026-10-09 23:21:18,517 [/home/pc/anaconda3/envs/fold/lib/python3.12/site-packages/runner/inference.py:127] INFO root: Finished environment initialization.
train scheduler 16.0
inference scheduler 16.0
Diffusion Module has 16.0
2026-10-09 23:21:34,471 [/home/pc/anaconda3/envs/fold/lib/python3.12/site-packages/runner/inference.py:246] INFO runner.inference: Loading from /data/user/shuang886/Folding/protenix_stage0_pkg/v1_1/runtime/checkpoint/protenix_mini_esm_v0.5.0.pt, strict: False
2026-10-09 23:21:34,955 [/home/pc/anaconda3/envs/fold/lib/python3.12/site-packages/runner/inference.py:246] INFO runner.inference: Sampled key: module.input_embedder.atom_attention_encoder.linear_no_bias_ref_pos.weight
2026-10-09 23:21:34,994 [/home/pc/anaconda3/envs/fold/lib/python3.12/site-packages/runner/inference.py:246] INFO runner.inference: Finish loading checkpoint.
2026-10-09 23:21:34,997 [/home/pc/anaconda3/envs/fold/lib/python3.12/site-packages/runner/inference.py:246] INFO runner.inference: Model parameters: 135.22M
READOUT_FIT_SITE random 272003 p3_s37 42.8779415859899
READOUT_FIT_SITE random 272003 p4_s2 47.18920767700183
READOUT_FIT_SITE random 272003 p5_s65 49.859327565005515
READOUT_FIT_SITE random 272003 p7_s44 54.34604563500034
READOUT_FIT_SITE random 272003 p7_s86 59.056723429996055
READOUT_FIT_SITE random 272003 p11_s49 65.27910713799065
READOUT_FIT_SITE random 272003 p11_s52 70.86828518498805
READOUT_FIT_SITE random 272003 p12_s11 77.10257290001027
READOUT_FIT_SITE random 272003 p12_s72 83.20858064398635
READOUT_FIT_SITE random 272003 p13_s95 91.25572213999112
READOUT_FIT_SITE random 272003 p13_s107 99.1242053519818
READOUT_FIT_SITE random 272003 p14_s6 107.4884440980095
READOUT_FIT_SITE random 272003 p14_s8 115.67347415498807
READOUT_FIT_SITE random 272003 p15_s13 124.74173027198412
READOUT_FIT_SITE random 272003 p15_s66 133.33349578399793
READOUT_FIT_SITE random 272003 p18_s13 145.66111069198814
READOUT_FIT_SITE random 272003 p18_s179 158.34192229498876
READOUT_FIT_SITE random 272003 p19_s90 169.19055574800586
READOUT_FIT_SITE random 272003 p19_s137 179.13451399400947
READOUT_FIT_SITE random 272003 p20_s100 188.89343758500763
READOUT_FIT_SITE random 272003 p20_s112 198.68233499099733
READOUT_FIT_SITE random 272003 p21_s23 210.15834576799534
READOUT_FIT_SITE random 272003 p21_s128 221.4435946609883
READOUT_FIT_SITE random 272003 p22_s25 235.69776159300818
READOUT_FIT_SITE random 272003 p22_s44 249.40138489098172
READOUT_FIT_SITE random 272003 p23_s68 259.51403824199224
READOUT_FIT_SITE random 272003 p23_s148 269.7439762970025
READOUT_EVAL_SITE random 272003 p0_s48 273.2937600169971
READOUT_EVAL_SITE random 272003 p0_s58 276.38527229000465
READOUT_EVAL_SITE random 272003 p1_s25 279.5149183269823
READOUT_EVAL_SITE random 272003 p1_s78 282.66631478100317
READOUT_EVAL_SITE random 272003 p2_s30 285.86578590999125
READOUT_EVAL_SITE random 272003 p2_s47 289.38435539399507
READOUT_EVAL_SITE random 272003 p3_s37 292.4751759519859
READOUT_EVAL_SITE random 272003 p3_s84 295.6051804109884
READOUT_EVAL_SITE random 272003 p4_s2 298.9793901630037
READOUT_EVAL_SITE random 272003 p4_s25 302.31488933600485
READOUT_EVAL_SITE random 272003 p5_s34 305.76825193699915
READOUT_EVAL_SITE random 272003 p5_s65 308.8681600590062
READOUT_EVAL_SITE random 272003 p6_s10 312.1753933709988
READOUT_EVAL_SITE random 272003 p6_s17 315.43768871499924
READOUT_EVAL_SITE random 272003 p7_s44 318.83306705998257
READOUT_EVAL_SITE random 272003 p7_s86 322.193541547982
READOUT_EVAL_SITE random 272003 p8_s101 326.4513572129945
READOUT_EVAL_SITE random 272003 p8_s108 330.53437979498995
READOUT_EVAL_SITE random 272003 p9_s42 334.40755526698194
READOUT_EVAL_SITE random 272003 p9_s89 338.33760115498444
READOUT_EVAL_SITE random 272003 p10_s45 342.12031878498965
READOUT_EVAL_SITE random 272003 p10_s80 345.89289869298227
READOUT_EVAL_SITE random 272003 p11_s49 349.7129487989878
READOUT_EVAL_SITE random 272003 p11_s52 353.4824810209975
READOUT_EVAL_SITE random 272003 p12_s11 357.37714129898814
READOUT_EVAL_SITE random 272003 p12_s72 361.27103687098133
READOUT_EVAL_SITE random 272003 p13_s95 365.40247430000454
READOUT_EVAL_SITE random 272003 p13_s107 369.4601617139997
READOUT_EVAL_SITE random 272003 p14_s6 373.66632001599646
READOUT_EVAL_SITE random 272003 p14_s8 377.80247789400164
READOUT_EVAL_SITE random 272003 p15_s13 381.7389000240073
READOUT_EVAL_SITE random 272003 p15_s66 385.8288599989901
READOUT_EVAL_SITE random 272003 p16_s5 390.41218729899265
READOUT_EVAL_SITE random 272003 p16_s110 395.0807410039997
READOUT_EVAL_SITE random 272003 p17_s44 399.3801035939832
READOUT_EVAL_SITE random 272003 p17_s137 403.711130109994
READOUT_EVAL_SITE random 272003 p18_s13 408.94663479400333
READOUT_EVAL_SITE random 272003 p18_s179 414.17930407600943
READOUT_EVAL_SITE random 272003 p19_s90 418.6438629879849
READOUT_EVAL_SITE random 272003 p19_s137 423.34787143798894
READOUT_EVAL_SITE random 272003 p20_s100 427.9711201519822
READOUT_EVAL_SITE random 272003 p20_s112 432.59654994599987
READOUT_EVAL_SITE random 272003 p21_s23 437.80984943098156
READOUT_EVAL_SITE random 272003 p21_s128 442.85195435598143
READOUT_EVAL_SITE random 272003 p22_s25 448.2484618650051
READOUT_EVAL_SITE random 272003 p22_s44 453.3993294319953
READOUT_EVAL_SITE random 272003 p23_s68 457.52911678198143
READOUT_EVAL_SITE random 272003 p23_s148 461.9501600530057
