2026-10-09 23:21:18,470 [/home/pc/anaconda3/envs/fold/lib/python3.12/site-packages/runner/batch_inference.py:403] INFO runner.batch_inference: Inference by Protenix: model_size: mini, with_feature: esm, model_version: v0.5.0, dtype: bf16
2026-10-09 23:21:18,470 [/home/pc/anaconda3/envs/fold/lib/python3.12/site-packages/runner/batch_inference.py:408] INFO runner.batch_inference: Triangle_multiplicative kernel: torch, Triangle_attention kernel: torch
2026-10-09 23:21:18,470 [/home/pc/anaconda3/envs/fold/lib/python3.12/site-packages/runner/batch_inference.py:412] INFO runner.batch_inference: enable_diffusion_shared_vars_cache: True, enable_efficient_fusion: True, enable_tf32: False
2026-10-09 23:21:18,470 [/home/pc/anaconda3/envs/fold/lib/python3.12/site-packages/runner/inference.py:246] INFO runner.inference: Distributed environment: world size: 1, global rank: 0, local rank: 0
2026-10-09 23:21:18,471 [/home/pc/anaconda3/envs/fold/lib/python3.12/site-packages/runner/inference.py:98] INFO root: LOCAL_RANK: 0 - CUDA_VISIBLE_DEVICES: [0]
2026-10-09 23:21:18,471 [/home/pc/anaconda3/envs/fold/lib/python3.12/site-packages/runner/inference.py:127] INFO root: Finished environment initialization.
train scheduler 16.0
inference scheduler 16.0
Diffusion Module has 16.0
2026-10-09 23:21:34,515 [/home/pc/anaconda3/envs/fold/lib/python3.12/site-packages/runner/inference.py:246] INFO runner.inference: Loading from /data/user/shuang886/Folding/protenix_stage0_pkg/v1_1/runtime/checkpoint/protenix_mini_esm_v0.5.0.pt, strict: False
2026-10-09 23:21:34,996 [/home/pc/anaconda3/envs/fold/lib/python3.12/site-packages/runner/inference.py:246] INFO runner.inference: Sampled key: module.input_embedder.atom_attention_encoder.linear_no_bias_ref_pos.weight
2026-10-09 23:21:35,036 [/home/pc/anaconda3/envs/fold/lib/python3.12/site-packages/runner/inference.py:246] INFO runner.inference: Finish loading checkpoint.
2026-10-09 23:21:35,039 [/home/pc/anaconda3/envs/fold/lib/python3.12/site-packages/runner/inference.py:246] INFO runner.inference: Model parameters: 135.22M
READOUT_FIT_SITE pretrained 272001 p3_s37 42.868369926989544
READOUT_FIT_SITE pretrained 272001 p4_s2 47.145103304996155
READOUT_FIT_SITE pretrained 272001 p5_s65 49.82030209500226
READOUT_FIT_SITE pretrained 272001 p7_s44 54.363950770988595
READOUT_FIT_SITE pretrained 272001 p7_s86 58.747444334003376
READOUT_FIT_SITE pretrained 272001 p11_s49 64.96585249897907
READOUT_FIT_SITE pretrained 272001 p11_s52 71.05372799400357
READOUT_FIT_SITE pretrained 272001 p12_s11 77.36388465098571
READOUT_FIT_SITE pretrained 272001 p12_s72 83.51343731197994
READOUT_FIT_SITE pretrained 272001 p13_s95 91.71991476498079
READOUT_FIT_SITE pretrained 272001 p13_s107 99.46463673198014
READOUT_FIT_SITE pretrained 272001 p14_s6 107.92771117799566
READOUT_FIT_SITE pretrained 272001 p14_s8 116.36322731900145
READOUT_FIT_SITE pretrained 272001 p15_s13 124.29043574200477
READOUT_FIT_SITE pretrained 272001 p15_s66 132.0597795920039
READOUT_FIT_SITE pretrained 272001 p18_s13 144.21961092500715
READOUT_FIT_SITE pretrained 272001 p18_s179 156.33268299300107
READOUT_FIT_SITE pretrained 272001 p19_s90 167.12736354398658
READOUT_FIT_SITE pretrained 272001 p19_s137 177.88672164498712
READOUT_FIT_SITE pretrained 272001 p20_s100 187.9374275470036
READOUT_FIT_SITE pretrained 272001 p20_s112 197.839012876997
READOUT_FIT_SITE pretrained 272001 p21_s23 209.53415069999755
READOUT_FIT_SITE pretrained 272001 p21_s128 221.03468727800646
READOUT_FIT_SITE pretrained 272001 p22_s25 234.79349127897876
READOUT_FIT_SITE pretrained 272001 p22_s44 247.9482731889875
READOUT_FIT_SITE pretrained 272001 p23_s68 257.9648036620056
READOUT_FIT_SITE pretrained 272001 p23_s148 267.9509596370044
READOUT_EVAL_SITE pretrained 272001 p0_s48 271.3701391569921
READOUT_EVAL_SITE pretrained 272001 p0_s58 274.48130568198394
READOUT_EVAL_SITE pretrained 272001 p1_s25 277.59441339198384
READOUT_EVAL_SITE pretrained 272001 p1_s78 280.6461523899925
READOUT_EVAL_SITE pretrained 272001 p2_s30 283.7811560299888
READOUT_EVAL_SITE pretrained 272001 p2_s47 287.2537823779858
READOUT_EVAL_SITE pretrained 272001 p3_s37 290.243432016985
READOUT_EVAL_SITE pretrained 272001 p3_s84 293.32274340998265
READOUT_EVAL_SITE pretrained 272001 p4_s2 296.6741280040005
READOUT_EVAL_SITE pretrained 272001 p4_s25 299.94778367099934
READOUT_EVAL_SITE pretrained 272001 p5_s34 303.2946375180036
READOUT_EVAL_SITE pretrained 272001 p5_s65 306.3517936599965
READOUT_EVAL_SITE pretrained 272001 p6_s10 309.60851927800104
READOUT_EVAL_SITE pretrained 272001 p6_s17 312.7917040330067
READOUT_EVAL_SITE pretrained 272001 p7_s44 316.1319018059876
READOUT_EVAL_SITE pretrained 272001 p7_s86 319.39753440598724
READOUT_EVAL_SITE pretrained 272001 p8_s101 323.5697282399924
READOUT_EVAL_SITE pretrained 272001 p8_s108 327.6375785069831
READOUT_EVAL_SITE pretrained 272001 p9_s42 331.4344227130059
READOUT_EVAL_SITE pretrained 272001 p9_s89 335.2642893299926
READOUT_EVAL_SITE pretrained 272001 p10_s45 338.98348566898494
READOUT_EVAL_SITE pretrained 272001 p10_s80 342.7458042319922
READOUT_EVAL_SITE pretrained 272001 p11_s49 346.5419717929908
READOUT_EVAL_SITE pretrained 272001 p11_s52 350.27798735999386
READOUT_EVAL_SITE pretrained 272001 p12_s11 354.1757659440045
READOUT_EVAL_SITE pretrained 272001 p12_s72 358.03605364999385
READOUT_EVAL_SITE pretrained 272001 p13_s95 362.25436873198487
READOUT_EVAL_SITE pretrained 272001 p13_s107 366.3231333269796
READOUT_EVAL_SITE pretrained 272001 p14_s6 370.56677487600246
READOUT_EVAL_SITE pretrained 272001 p14_s8 374.7557624769979
READOUT_EVAL_SITE pretrained 272001 p15_s13 378.7045563379943
READOUT_EVAL_SITE pretrained 272001 p15_s66 382.77806924298056
READOUT_EVAL_SITE pretrained 272001 p16_s5 387.354014454002
READOUT_EVAL_SITE pretrained 272001 p16_s110 391.99524779999047
READOUT_EVAL_SITE pretrained 272001 p17_s44 396.55617451900616
READOUT_EVAL_SITE pretrained 272001 p17_s137 401.0685097829846
READOUT_EVAL_SITE pretrained 272001 p18_s13 406.28277796698967
READOUT_EVAL_SITE pretrained 272001 p18_s179 411.4870175389806
READOUT_EVAL_SITE pretrained 272001 p19_s90 415.97333243497997
READOUT_EVAL_SITE pretrained 272001 p19_s137 420.7444632469851
READOUT_EVAL_SITE pretrained 272001 p20_s100 425.3760137379868
READOUT_EVAL_SITE pretrained 272001 p20_s112 430.07816598398495
READOUT_EVAL_SITE pretrained 272001 p21_s23 435.24793104300625
READOUT_EVAL_SITE pretrained 272001 p21_s128 440.24459615000524
READOUT_EVAL_SITE pretrained 272001 p22_s25 445.63478092098376
READOUT_EVAL_SITE pretrained 272001 p22_s44 450.7497685510025
READOUT_EVAL_SITE pretrained 272001 p23_s68 454.90626072799205
READOUT_EVAL_SITE pretrained 272001 p23_s148 459.39614531298866
