2026-10-09 23:21:18,460 [/home/pc/anaconda3/envs/fold/lib/python3.12/site-packages/runner/batch_inference.py:403] INFO runner.batch_inference: Inference by Protenix: model_size: mini, with_feature: esm, model_version: v0.5.0, dtype: bf16
2026-10-09 23:21:18,460 [/home/pc/anaconda3/envs/fold/lib/python3.12/site-packages/runner/batch_inference.py:408] INFO runner.batch_inference: Triangle_multiplicative kernel: torch, Triangle_attention kernel: torch
2026-10-09 23:21:18,460 [/home/pc/anaconda3/envs/fold/lib/python3.12/site-packages/runner/batch_inference.py:412] INFO runner.batch_inference: enable_diffusion_shared_vars_cache: True, enable_efficient_fusion: True, enable_tf32: False
2026-10-09 23:21:18,461 [/home/pc/anaconda3/envs/fold/lib/python3.12/site-packages/runner/inference.py:246] INFO runner.inference: Distributed environment: world size: 1, global rank: 0, local rank: 0
2026-10-09 23:21:18,461 [/home/pc/anaconda3/envs/fold/lib/python3.12/site-packages/runner/inference.py:98] INFO root: LOCAL_RANK: 0 - CUDA_VISIBLE_DEVICES: [0]
2026-10-09 23:21:18,461 [/home/pc/anaconda3/envs/fold/lib/python3.12/site-packages/runner/inference.py:127] INFO root: Finished environment initialization.
train scheduler 16.0
inference scheduler 16.0
Diffusion Module has 16.0
2026-10-09 23:21:34,521 [/home/pc/anaconda3/envs/fold/lib/python3.12/site-packages/runner/inference.py:246] INFO runner.inference: Loading from /data/user/shuang886/Folding/protenix_stage0_pkg/v1_1/runtime/checkpoint/protenix_mini_esm_v0.5.0.pt, strict: False
2026-10-09 23:21:34,998 [/home/pc/anaconda3/envs/fold/lib/python3.12/site-packages/runner/inference.py:246] INFO runner.inference: Sampled key: module.input_embedder.atom_attention_encoder.linear_no_bias_ref_pos.weight
2026-10-09 23:21:35,041 [/home/pc/anaconda3/envs/fold/lib/python3.12/site-packages/runner/inference.py:246] INFO runner.inference: Finish loading checkpoint.
2026-10-09 23:21:35,045 [/home/pc/anaconda3/envs/fold/lib/python3.12/site-packages/runner/inference.py:246] INFO runner.inference: Model parameters: 135.22M
READOUT_FIT_SITE pretrained 272003 p3_s37 42.96070333398529
READOUT_FIT_SITE pretrained 272003 p4_s2 47.036620355997
READOUT_FIT_SITE pretrained 272003 p5_s65 49.6341592889803
READOUT_FIT_SITE pretrained 272003 p7_s44 54.11121809997712
READOUT_FIT_SITE pretrained 272003 p7_s86 58.41127649898408
READOUT_FIT_SITE pretrained 272003 p11_s49 64.17128335600137
READOUT_FIT_SITE pretrained 272003 p11_s52 69.75576108499081
READOUT_FIT_SITE pretrained 272003 p12_s11 76.00219639900024
READOUT_FIT_SITE pretrained 272003 p12_s72 82.13124759198399
READOUT_FIT_SITE pretrained 272003 p13_s95 90.36760993898497
READOUT_FIT_SITE pretrained 272003 p13_s107 98.22780988400336
READOUT_FIT_SITE pretrained 272003 p14_s6 106.49878038497991
READOUT_FIT_SITE pretrained 272003 p14_s8 114.81929246199434
READOUT_FIT_SITE pretrained 272003 p15_s13 122.85085598099977
READOUT_FIT_SITE pretrained 272003 p15_s66 130.85215554299066
READOUT_FIT_SITE pretrained 272003 p18_s13 143.07022286299616
READOUT_FIT_SITE pretrained 272003 p18_s179 157.52999822798301
READOUT_FIT_SITE pretrained 272003 p19_s90 168.1730282859935
READOUT_FIT_SITE pretrained 272003 p19_s137 179.29093389600166
READOUT_FIT_SITE pretrained 272003 p20_s100 189.60995766799897
READOUT_FIT_SITE pretrained 272003 p20_s112 199.77391150899348
READOUT_FIT_SITE pretrained 272003 p21_s23 211.12853712099604
READOUT_FIT_SITE pretrained 272003 p21_s128 222.71819479900296
READOUT_FIT_SITE pretrained 272003 p22_s25 237.33425703799003
READOUT_FIT_SITE pretrained 272003 p22_s44 251.6172731659899
READOUT_FIT_SITE pretrained 272003 p23_s68 261.83426717299153
READOUT_FIT_SITE pretrained 272003 p23_s148 271.98078023298876
READOUT_EVAL_SITE pretrained 272003 p0_s48 275.50135515400325
READOUT_EVAL_SITE pretrained 272003 p0_s58 278.79299181798706
READOUT_EVAL_SITE pretrained 272003 p1_s25 281.9201333739911
READOUT_EVAL_SITE pretrained 272003 p1_s78 285.0925786709995
READOUT_EVAL_SITE pretrained 272003 p2_s30 288.2505238989834
READOUT_EVAL_SITE pretrained 272003 p2_s47 291.6640494019957
READOUT_EVAL_SITE pretrained 272003 p3_s37 294.6793639609823
READOUT_EVAL_SITE pretrained 272003 p3_s84 297.7410440509848
READOUT_EVAL_SITE pretrained 272003 p4_s2 301.10887370898854
READOUT_EVAL_SITE pretrained 272003 p4_s25 304.39807922398904
READOUT_EVAL_SITE pretrained 272003 p5_s34 307.74720413898467
READOUT_EVAL_SITE pretrained 272003 p5_s65 310.7807384879852
READOUT_EVAL_SITE pretrained 272003 p6_s10 314.0283862009819
READOUT_EVAL_SITE pretrained 272003 p6_s17 317.2016602549993
READOUT_EVAL_SITE pretrained 272003 p7_s44 320.52902082298533
READOUT_EVAL_SITE pretrained 272003 p7_s86 323.8444260619872
READOUT_EVAL_SITE pretrained 272003 p8_s101 328.04731978598284
READOUT_EVAL_SITE pretrained 272003 p8_s108 332.14707448598347
READOUT_EVAL_SITE pretrained 272003 p9_s42 335.9759218840045
READOUT_EVAL_SITE pretrained 272003 p9_s89 339.96943237198866
READOUT_EVAL_SITE pretrained 272003 p10_s45 343.92275888100266
READOUT_EVAL_SITE pretrained 272003 p10_s80 347.92285971398815
READOUT_EVAL_SITE pretrained 272003 p11_s49 351.8763526440016
READOUT_EVAL_SITE pretrained 272003 p11_s52 355.63475914500304
READOUT_EVAL_SITE pretrained 272003 p12_s11 359.53389465998043
READOUT_EVAL_SITE pretrained 272003 p12_s72 363.40923722900334
READOUT_EVAL_SITE pretrained 272003 p13_s95 367.62835509699653
READOUT_EVAL_SITE pretrained 272003 p13_s107 371.6866804070014
READOUT_EVAL_SITE pretrained 272003 p14_s6 375.9192334249965
READOUT_EVAL_SITE pretrained 272003 p14_s8 380.0888371169858
READOUT_EVAL_SITE pretrained 272003 p15_s13 384.1924854409881
READOUT_EVAL_SITE pretrained 272003 p15_s66 388.4773838419933
READOUT_EVAL_SITE pretrained 272003 p16_s5 393.3276135349879
READOUT_EVAL_SITE pretrained 272003 p16_s110 398.0952473419893
READOUT_EVAL_SITE pretrained 272003 p17_s44 402.43930037898826
READOUT_EVAL_SITE pretrained 272003 p17_s137 406.82447967497865
READOUT_EVAL_SITE pretrained 272003 p18_s13 412.0738896119874
READOUT_EVAL_SITE pretrained 272003 p18_s179 417.30836972699035
READOUT_EVAL_SITE pretrained 272003 p19_s90 421.80357290498796
READOUT_EVAL_SITE pretrained 272003 p19_s137 426.6045653289766
READOUT_EVAL_SITE pretrained 272003 p20_s100 431.4837520099827
READOUT_EVAL_SITE pretrained 272003 p20_s112 436.38171012798557
READOUT_EVAL_SITE pretrained 272003 p21_s23 441.9716608139861
READOUT_EVAL_SITE pretrained 272003 p21_s128 447.40357706000214
READOUT_EVAL_SITE pretrained 272003 p22_s25 452.7489445489773
READOUT_EVAL_SITE pretrained 272003 p22_s44 457.88976092397934
READOUT_EVAL_SITE pretrained 272003 p23_s68 462.06315918598557
READOUT_EVAL_SITE pretrained 272003 p23_s148 466.54517218697583
