2026-10-10 01:28:16,466 [/home/pc/anaconda3/envs/fold/lib/python3.12/site-packages/runner/batch_inference.py:403] INFO runner.batch_inference: Inference by Protenix: model_size: mini, with_feature: esm, model_version: v0.5.0, dtype: bf16
2026-10-10 01:28:16,466 [/home/pc/anaconda3/envs/fold/lib/python3.12/site-packages/runner/batch_inference.py:408] INFO runner.batch_inference: Triangle_multiplicative kernel: torch, Triangle_attention kernel: torch
2026-10-10 01:28:16,466 [/home/pc/anaconda3/envs/fold/lib/python3.12/site-packages/runner/batch_inference.py:412] INFO runner.batch_inference: enable_diffusion_shared_vars_cache: True, enable_efficient_fusion: True, enable_tf32: False
2026-10-10 01:28:16,467 [/home/pc/anaconda3/envs/fold/lib/python3.12/site-packages/runner/inference.py:246] INFO runner.inference: Distributed environment: world size: 1, global rank: 0, local rank: 0
2026-10-10 01:28:16,467 [/home/pc/anaconda3/envs/fold/lib/python3.12/site-packages/runner/inference.py:98] INFO root: LOCAL_RANK: 0 - CUDA_VISIBLE_DEVICES: [0]
2026-10-10 01:28:16,467 [/home/pc/anaconda3/envs/fold/lib/python3.12/site-packages/runner/inference.py:127] INFO root: Finished environment initialization.
train scheduler 16.0
inference scheduler 16.0
Diffusion Module has 16.0
2026-10-10 01:28:32,481 [/home/pc/anaconda3/envs/fold/lib/python3.12/site-packages/runner/inference.py:246] INFO runner.inference: Loading from /data/user/shuang886/Folding/protenix_stage0_pkg/v1_1/runtime/checkpoint/protenix_mini_esm_v0.5.0.pt, strict: False
2026-10-10 01:28:32,964 [/home/pc/anaconda3/envs/fold/lib/python3.12/site-packages/runner/inference.py:246] INFO runner.inference: Sampled key: module.input_embedder.atom_attention_encoder.linear_no_bias_ref_pos.weight
2026-10-10 01:28:33,006 [/home/pc/anaconda3/envs/fold/lib/python3.12/site-packages/runner/inference.py:246] INFO runner.inference: Finish loading checkpoint.
2026-10-10 01:28:33,009 [/home/pc/anaconda3/envs/fold/lib/python3.12/site-packages/runner/inference.py:246] INFO runner.inference: Model parameters: 135.22M
STAGE_CACHE_SITE 3 p1_s78 44.03822932500043
STAGE_CACHE_SITE 3 p3_s84 47.95144052000251
STAGE_CACHE_SITE 3 p5_s65 58.3690864520031
STAGE_CACHE_SITE 3 p7_s86 68.58153057598975
STAGE_CACHE_SITE 3 p9_s89 73.69961800100282
STAGE_CACHE_SITE 3 p11_s52 85.59626250099973
STAGE_CACHE_SITE 3 p13_s107 100.37612953298958
STAGE_CACHE_SITE 3 p15_s66 114.55516395100858
STAGE_CACHE_SITE 3 p17_s137 121.09152002001065
STAGE_CACHE_SITE 3 p19_s137 140.56128926100791
STAGE_CACHE_SITE 3 p21_s128 166.6524411580176
STAGE_CACHE_SITE 3 p23_s148 183.97658209499787
