2026-10-10 01:28:17,178 [/home/pc/anaconda3/envs/fold/lib/python3.12/site-packages/runner/batch_inference.py:403] INFO runner.batch_inference: Inference by Protenix: model_size: mini, with_feature: esm, model_version: v0.5.0, dtype: bf16
2026-10-10 01:28:17,178 [/home/pc/anaconda3/envs/fold/lib/python3.12/site-packages/runner/batch_inference.py:408] INFO runner.batch_inference: Triangle_multiplicative kernel: torch, Triangle_attention kernel: torch
2026-10-10 01:28:17,178 [/home/pc/anaconda3/envs/fold/lib/python3.12/site-packages/runner/batch_inference.py:412] INFO runner.batch_inference: enable_diffusion_shared_vars_cache: True, enable_efficient_fusion: True, enable_tf32: False
2026-10-10 01:28:17,179 [/home/pc/anaconda3/envs/fold/lib/python3.12/site-packages/runner/inference.py:246] INFO runner.inference: Distributed environment: world size: 1, global rank: 0, local rank: 0
2026-10-10 01:28:17,179 [/home/pc/anaconda3/envs/fold/lib/python3.12/site-packages/runner/inference.py:98] INFO root: LOCAL_RANK: 0 - CUDA_VISIBLE_DEVICES: [0]
2026-10-10 01:28:17,179 [/home/pc/anaconda3/envs/fold/lib/python3.12/site-packages/runner/inference.py:127] INFO root: Finished environment initialization.
train scheduler 16.0
inference scheduler 16.0
Diffusion Module has 16.0
2026-10-10 01:28:33,635 [/home/pc/anaconda3/envs/fold/lib/python3.12/site-packages/runner/inference.py:246] INFO runner.inference: Loading from /data/user/shuang886/Folding/protenix_stage0_pkg/v1_1/runtime/checkpoint/protenix_mini_esm_v0.5.0.pt, strict: False
2026-10-10 01:28:34,110 [/home/pc/anaconda3/envs/fold/lib/python3.12/site-packages/runner/inference.py:246] INFO runner.inference: Sampled key: module.input_embedder.atom_attention_encoder.linear_no_bias_ref_pos.weight
2026-10-10 01:28:34,151 [/home/pc/anaconda3/envs/fold/lib/python3.12/site-packages/runner/inference.py:246] INFO runner.inference: Finish loading checkpoint.
2026-10-10 01:28:34,154 [/home/pc/anaconda3/envs/fold/lib/python3.12/site-packages/runner/inference.py:246] INFO runner.inference: Model parameters: 135.22M
STAGE_CACHE_SITE 1 p0_s58 45.449933836003765
STAGE_CACHE_SITE 1 p2_s47 49.8253675760061
STAGE_CACHE_SITE 1 p4_s25 54.115774249017704
STAGE_CACHE_SITE 1 p6_s17 58.48678859201027
STAGE_CACHE_SITE 1 p8_s108 65.35179431299912
STAGE_CACHE_SITE 1 p10_s80 70.63188002901734
STAGE_CACHE_SITE 1 p12_s72 83.77574068601825
STAGE_CACHE_SITE 1 p14_s8 98.97590072199819
STAGE_CACHE_SITE 1 p16_s110 105.74384971099789
STAGE_CACHE_SITE 1 p18_s179 127.10861464901245
STAGE_CACHE_SITE 1 p20_s112 144.9708061820129
STAGE_CACHE_SITE 1 p22_s44 168.4573023809935
