2026-10-10 01:42:27,354 [/home/pc/anaconda3/envs/fold/lib/python3.12/site-packages/runner/batch_inference.py:403] INFO runner.batch_inference: Inference by Protenix: model_size: mini, with_feature: esm, model_version: v0.5.0, dtype: bf16
2026-10-10 01:42:27,355 [/home/pc/anaconda3/envs/fold/lib/python3.12/site-packages/runner/batch_inference.py:408] INFO runner.batch_inference: Triangle_multiplicative kernel: torch, Triangle_attention kernel: torch
2026-10-10 01:42:27,355 [/home/pc/anaconda3/envs/fold/lib/python3.12/site-packages/runner/batch_inference.py:412] INFO runner.batch_inference: enable_diffusion_shared_vars_cache: True, enable_efficient_fusion: True, enable_tf32: False
2026-10-10 01:42:27,355 [/home/pc/anaconda3/envs/fold/lib/python3.12/site-packages/runner/inference.py:246] INFO runner.inference: Distributed environment: world size: 1, global rank: 0, local rank: 0
2026-10-10 01:42:27,355 [/home/pc/anaconda3/envs/fold/lib/python3.12/site-packages/runner/inference.py:98] INFO root: LOCAL_RANK: 0 - CUDA_VISIBLE_DEVICES: [0]
2026-10-10 01:42:27,356 [/home/pc/anaconda3/envs/fold/lib/python3.12/site-packages/runner/inference.py:127] INFO root: Finished environment initialization.
train scheduler 16.0
inference scheduler 16.0
Diffusion Module has 16.0
2026-10-10 01:42:44,833 [/home/pc/anaconda3/envs/fold/lib/python3.12/site-packages/runner/inference.py:246] INFO runner.inference: Loading from /data/user/shuang886/Folding/protenix_stage0_pkg/v1_1/runtime/checkpoint/protenix_mini_esm_v0.5.0.pt, strict: False
2026-10-10 01:42:45,303 [/home/pc/anaconda3/envs/fold/lib/python3.12/site-packages/runner/inference.py:246] INFO runner.inference: Sampled key: module.input_embedder.atom_attention_encoder.linear_no_bias_ref_pos.weight
2026-10-10 01:42:45,344 [/home/pc/anaconda3/envs/fold/lib/python3.12/site-packages/runner/inference.py:246] INFO runner.inference: Finish loading checkpoint.
2026-10-10 01:42:45,347 [/home/pc/anaconda3/envs/fold/lib/python3.12/site-packages/runner/inference.py:246] INFO runner.inference: Model parameters: 135.22M
ALIGNED_EVAL n15 hint 272001 0 p0_s48
ALIGNED_EVAL n15 hint 272001 0 p0_s58
ALIGNED_EVAL n15 hint 272001 0 p1_s25
ALIGNED_EVAL n15 hint 272001 0 p1_s78
ALIGNED_EVAL n15 hint 272001 0 p2_s30
ALIGNED_EVAL n15 hint 272001 0 p2_s47
ALIGNED_EVAL n15 hint 272001 0 p3_s37
ALIGNED_EVAL n15 hint 272001 0 p3_s84
ALIGNED_EVAL n15 hint 272001 0 p4_s2
ALIGNED_EVAL n15 hint 272001 0 p4_s25
ALIGNED_EVAL n15 hint 272001 0 p5_s34
ALIGNED_EVAL n15 hint 272001 0 p5_s65
ALIGNED_EVAL n15 hint 272001 0 p6_s10
ALIGNED_EVAL n15 hint 272001 0 p6_s17
ALIGNED_EVAL n15 hint 272001 0 p7_s44
ALIGNED_EVAL n15 hint 272001 0 p7_s86
ALIGNED_EVAL n15 hint 272001 0 p8_s101
ALIGNED_EVAL n15 hint 272001 0 p8_s108
ALIGNED_EVAL n15 hint 272001 0 p9_s42
ALIGNED_EVAL n15 hint 272001 0 p9_s89
ALIGNED_EVAL n15 hint 272001 0 p10_s45
ALIGNED_EVAL n15 hint 272001 0 p10_s80
ALIGNED_EVAL n15 hint 272001 0 p11_s49
ALIGNED_EVAL n15 hint 272001 0 p11_s52
ALIGNED_EVAL n15 hint 272001 0 p12_s11
ALIGNED_EVAL n15 hint 272001 0 p12_s72
ALIGNED_EVAL n15 hint 272001 0 p13_s95
ALIGNED_EVAL n15 hint 272001 0 p13_s107
ALIGNED_EVAL n15 hint 272001 0 p14_s6
ALIGNED_EVAL n15 hint 272001 0 p14_s8
ALIGNED_EVAL n15 hint 272001 0 p15_s13
ALIGNED_EVAL n15 hint 272001 0 p15_s66
ALIGNED_EVAL n15 hint 272001 0 p16_s5
ALIGNED_EVAL n15 hint 272001 0 p16_s110
ALIGNED_EVAL n15 hint 272001 0 p17_s44
ALIGNED_EVAL n15 hint 272001 0 p17_s137
ALIGNED_EVAL n15 hint 272001 0 p18_s13
ALIGNED_EVAL n15 hint 272001 0 p18_s179
ALIGNED_EVAL n15 hint 272001 0 p19_s90
ALIGNED_EVAL n15 hint 272001 0 p19_s137
ALIGNED_EVAL n15 hint 272001 0 p20_s100
ALIGNED_EVAL n15 hint 272001 0 p20_s112
ALIGNED_EVAL n15 hint 272001 0 p21_s23
ALIGNED_EVAL n15 hint 272001 0 p21_s128
ALIGNED_EVAL n15 hint 272001 0 p22_s25
ALIGNED_EVAL n15 hint 272001 0 p22_s44
ALIGNED_EVAL n15 hint 272001 0 p23_s68
ALIGNED_EVAL n15 hint 272001 0 p23_s148
ALIGNED_TRAIN n15 hint 272001 128 240.81615592699382
ALIGNED_TRAIN n15 hint 272001 256 626.230285519996
ALIGNED_TRAIN n15 hint 272001 384 641.6412955670094
ALIGNED_TRAIN n15 hint 272001 512 657.3335024830012
ALIGNED_TRAIN n15 hint 272001 640 671.586187451001
ALIGNED_TRAIN n15 hint 272001 768 687.9651223899855
ALIGNED_TRAIN n15 hint 272001 896 704.0531558649964
ALIGNED_TRAIN n15 hint 272001 1024 758.6016415769991
ALIGNED_TRAIN n15 hint 272001 1152 773.6732063929958
ALIGNED_TRAIN n15 hint 272001 1280 791.758534736
ALIGNED_TRAIN n15 hint 272001 1408 807.2271792870015
ALIGNED_TRAIN n15 hint 272001 1536 822.5058873159869
ALIGNED_TRAIN n15 hint 272001 1664 837.5374738469836
ALIGNED_TRAIN n15 hint 272001 1792 851.354868956987
ALIGNED_TRAIN n15 hint 272001 1920 864.1191751649894
ALIGNED_TRAIN n15 hint 272001 2048 876.7533137229912
ALIGNED_TRAIN n15 hint 272001 2176 890.3028940669901
ALIGNED_TRAIN n15 hint 272001 2304 905.2596631909837
ALIGNED_TRAIN n15 hint 272001 2432 920.5969453470025
ALIGNED_TRAIN n15 hint 272001 2560 935.3063787989959
ALIGNED_TRAIN n15 hint 272001 2688 949.9574792789936
ALIGNED_TRAIN n15 hint 272001 2816 965.2922879529942
ALIGNED_TRAIN n15 hint 272001 2944 979.3730532109912
ALIGNED_TRAIN n15 hint 272001 3072 991.7986375679902
ALIGNED_TRAIN n15 hint 272001 3200 1004.3687093899935
ALIGNED_TRAIN n15 hint 272001 3328 1017.1317613520077
ALIGNED_TRAIN n15 hint 272001 3456 1032.6565657180035
ALIGNED_TRAIN n15 hint 272001 3584 1047.5666617499955
ALIGNED_TRAIN n15 hint 272001 3712 1061.4605444269837
ALIGNED_TRAIN n15 hint 272001 3840 1074.1414416490006
ALIGNED_TRAIN n15 hint 272001 3968 1086.9545037770004
ALIGNED_TRAIN n15 hint 272001 4096 1099.34714033801
ALIGNED_EVAL n15 hint 272001 4104 p0_s48
ALIGNED_EVAL n15 hint 272001 4104 p0_s58
ALIGNED_EVAL n15 hint 272001 4104 p1_s25
ALIGNED_EVAL n15 hint 272001 4104 p1_s78
ALIGNED_EVAL n15 hint 272001 4104 p2_s30
ALIGNED_EVAL n15 hint 272001 4104 p2_s47
ALIGNED_EVAL n15 hint 272001 4104 p3_s37
ALIGNED_EVAL n15 hint 272001 4104 p3_s84
ALIGNED_EVAL n15 hint 272001 4104 p4_s2
ALIGNED_EVAL n15 hint 272001 4104 p4_s25
ALIGNED_EVAL n15 hint 272001 4104 p5_s34
ALIGNED_EVAL n15 hint 272001 4104 p5_s65
ALIGNED_EVAL n15 hint 272001 4104 p6_s10
ALIGNED_EVAL n15 hint 272001 4104 p6_s17
ALIGNED_EVAL n15 hint 272001 4104 p7_s44
ALIGNED_EVAL n15 hint 272001 4104 p7_s86
ALIGNED_EVAL n15 hint 272001 4104 p8_s101
ALIGNED_EVAL n15 hint 272001 4104 p8_s108
ALIGNED_EVAL n15 hint 272001 4104 p9_s42
ALIGNED_EVAL n15 hint 272001 4104 p9_s89
ALIGNED_EVAL n15 hint 272001 4104 p10_s45
ALIGNED_EVAL n15 hint 272001 4104 p10_s80
ALIGNED_EVAL n15 hint 272001 4104 p11_s49
ALIGNED_EVAL n15 hint 272001 4104 p11_s52
ALIGNED_EVAL n15 hint 272001 4104 p12_s11
ALIGNED_EVAL n15 hint 272001 4104 p12_s72
ALIGNED_EVAL n15 hint 272001 4104 p13_s95
ALIGNED_EVAL n15 hint 272001 4104 p13_s107
ALIGNED_EVAL n15 hint 272001 4104 p14_s6
ALIGNED_EVAL n15 hint 272001 4104 p14_s8
ALIGNED_EVAL n15 hint 272001 4104 p15_s13
ALIGNED_EVAL n15 hint 272001 4104 p15_s66
ALIGNED_EVAL n15 hint 272001 4104 p16_s5
ALIGNED_EVAL n15 hint 272001 4104 p16_s110
ALIGNED_EVAL n15 hint 272001 4104 p17_s44
ALIGNED_EVAL n15 hint 272001 4104 p17_s137
ALIGNED_EVAL n15 hint 272001 4104 p18_s13
ALIGNED_EVAL n15 hint 272001 4104 p18_s179
ALIGNED_EVAL n15 hint 272001 4104 p19_s90
ALIGNED_EVAL n15 hint 272001 4104 p19_s137
ALIGNED_EVAL n15 hint 272001 4104 p20_s100
ALIGNED_EVAL n15 hint 272001 4104 p20_s112
ALIGNED_EVAL n15 hint 272001 4104 p21_s23
ALIGNED_EVAL n15 hint 272001 4104 p21_s128
ALIGNED_EVAL n15 hint 272001 4104 p22_s25
ALIGNED_EVAL n15 hint 272001 4104 p22_s44
ALIGNED_EVAL n15 hint 272001 4104 p23_s68
ALIGNED_EVAL n15 hint 272001 4104 p23_s148
ALIGNED_TRAIN n15 hint 272001 4224 1187.606279316009
ALIGNED_TRAIN n15 hint 272001 4352 1201.8687763699854
ALIGNED_TRAIN n15 hint 272001 4480 1215.855129529984
ALIGNED_TRAIN n15 hint 272001 4608 1231.264433386008
ALIGNED_TRAIN n15 hint 272001 4736 1246.2080064799811
ALIGNED_TRAIN n15 hint 272001 4864 1261.4961017509922
ALIGNED_TRAIN n15 hint 272001 4992 1276.6723099279916
ALIGNED_TRAIN n15 hint 272001 5120 1291.6654653020087
ALIGNED_TRAIN n15 hint 272001 5248 1304.5968983070052
ALIGNED_TRAIN n15 hint 272001 5376 1320.316668198997
ALIGNED_TRAIN n15 hint 272001 5504 1335.1517555530008
ALIGNED_TRAIN n15 hint 272001 5632 1350.4293254879885
ALIGNED_TRAIN n15 hint 272001 5760 1364.3812204239948
ALIGNED_TRAIN n15 hint 272001 5888 1377.2551734969893
ALIGNED_TRAIN n15 hint 272001 6016 1389.8115966120095
ALIGNED_TRAIN n15 hint 272001 6144 1403.2813637949876
ALIGNED_TRAIN n15 hint 272001 6272 1419.031123853987
ALIGNED_TRAIN n15 hint 272001 6400 1434.8247764999978
ALIGNED_TRAIN n15 hint 272001 6528 1449.106312710006
ALIGNED_TRAIN n15 hint 272001 6656 1463.7097183539881
ALIGNED_TRAIN n15 hint 272001 6784 1477.1281947960088
ALIGNED_TRAIN n15 hint 272001 6912 1492.3774308940046
ALIGNED_TRAIN n15 hint 272001 7040 1504.8166183870053
ALIGNED_TRAIN n15 hint 272001 7168 1518.1527944459813
ALIGNED_TRAIN n15 hint 272001 7296 1533.6764200569887
ALIGNED_TRAIN n15 hint 272001 7424 1549.0512884769996
ALIGNED_TRAIN n15 hint 272001 7552 1564.0733017339953
ALIGNED_TRAIN n15 hint 272001 7680 1578.9327236920071
ALIGNED_TRAIN n15 hint 272001 7808 1593.8404759249825
ALIGNED_TRAIN n15 hint 272001 7936 1606.718576940999
ALIGNED_TRAIN n15 hint 272001 8064 1619.1268289650034
ALIGNED_TRAIN n15 hint 272001 8192 1631.8307744739868
ALIGNED_EVAL n15 hint 272001 8208 p0_s48
ALIGNED_EVAL n15 hint 272001 8208 p0_s58
ALIGNED_EVAL n15 hint 272001 8208 p1_s25
ALIGNED_EVAL n15 hint 272001 8208 p1_s78
ALIGNED_EVAL n15 hint 272001 8208 p2_s30
ALIGNED_EVAL n15 hint 272001 8208 p2_s47
ALIGNED_EVAL n15 hint 272001 8208 p3_s37
ALIGNED_EVAL n15 hint 272001 8208 p3_s84
ALIGNED_EVAL n15 hint 272001 8208 p4_s2
ALIGNED_EVAL n15 hint 272001 8208 p4_s25
ALIGNED_EVAL n15 hint 272001 8208 p5_s34
ALIGNED_EVAL n15 hint 272001 8208 p5_s65
ALIGNED_EVAL n15 hint 272001 8208 p6_s10
ALIGNED_EVAL n15 hint 272001 8208 p6_s17
ALIGNED_EVAL n15 hint 272001 8208 p7_s44
ALIGNED_EVAL n15 hint 272001 8208 p7_s86
ALIGNED_EVAL n15 hint 272001 8208 p8_s101
ALIGNED_EVAL n15 hint 272001 8208 p8_s108
ALIGNED_EVAL n15 hint 272001 8208 p9_s42
ALIGNED_EVAL n15 hint 272001 8208 p9_s89
ALIGNED_EVAL n15 hint 272001 8208 p10_s45
ALIGNED_EVAL n15 hint 272001 8208 p10_s80
ALIGNED_EVAL n15 hint 272001 8208 p11_s49
ALIGNED_EVAL n15 hint 272001 8208 p11_s52
ALIGNED_EVAL n15 hint 272001 8208 p12_s11
ALIGNED_EVAL n15 hint 272001 8208 p12_s72
ALIGNED_EVAL n15 hint 272001 8208 p13_s95
ALIGNED_EVAL n15 hint 272001 8208 p13_s107
ALIGNED_EVAL n15 hint 272001 8208 p14_s6
ALIGNED_EVAL n15 hint 272001 8208 p14_s8
ALIGNED_EVAL n15 hint 272001 8208 p15_s13
ALIGNED_EVAL n15 hint 272001 8208 p15_s66
ALIGNED_EVAL n15 hint 272001 8208 p16_s5
ALIGNED_EVAL n15 hint 272001 8208 p16_s110
ALIGNED_EVAL n15 hint 272001 8208 p17_s44
ALIGNED_EVAL n15 hint 272001 8208 p17_s137
ALIGNED_EVAL n15 hint 272001 8208 p18_s13
ALIGNED_EVAL n15 hint 272001 8208 p18_s179
ALIGNED_EVAL n15 hint 272001 8208 p19_s90
ALIGNED_EVAL n15 hint 272001 8208 p19_s137
ALIGNED_EVAL n15 hint 272001 8208 p20_s100
ALIGNED_EVAL n15 hint 272001 8208 p20_s112
ALIGNED_EVAL n15 hint 272001 8208 p21_s23
ALIGNED_EVAL n15 hint 272001 8208 p21_s128
ALIGNED_EVAL n15 hint 272001 8208 p22_s25
ALIGNED_EVAL n15 hint 272001 8208 p22_s44
ALIGNED_EVAL n15 hint 272001 8208 p23_s68
ALIGNED_EVAL n15 hint 272001 8208 p23_s148
