2026-10-10 01:42:26,126 [/home/pc/anaconda3/envs/fold/lib/python3.12/site-packages/runner/batch_inference.py:403] INFO runner.batch_inference: Inference by Protenix: model_size: mini, with_feature: esm, model_version: v0.5.0, dtype: bf16
2026-10-10 01:42:26,126 [/home/pc/anaconda3/envs/fold/lib/python3.12/site-packages/runner/batch_inference.py:408] INFO runner.batch_inference: Triangle_multiplicative kernel: torch, Triangle_attention kernel: torch
2026-10-10 01:42:26,126 [/home/pc/anaconda3/envs/fold/lib/python3.12/site-packages/runner/batch_inference.py:412] INFO runner.batch_inference: enable_diffusion_shared_vars_cache: True, enable_efficient_fusion: True, enable_tf32: False
2026-10-10 01:42:26,127 [/home/pc/anaconda3/envs/fold/lib/python3.12/site-packages/runner/inference.py:246] INFO runner.inference: Distributed environment: world size: 1, global rank: 0, local rank: 0
2026-10-10 01:42:26,127 [/home/pc/anaconda3/envs/fold/lib/python3.12/site-packages/runner/inference.py:98] INFO root: LOCAL_RANK: 0 - CUDA_VISIBLE_DEVICES: [0]
2026-10-10 01:42:26,127 [/home/pc/anaconda3/envs/fold/lib/python3.12/site-packages/runner/inference.py:127] INFO root: Finished environment initialization.
train scheduler 16.0
inference scheduler 16.0
Diffusion Module has 16.0
2026-10-10 01:42:42,220 [/home/pc/anaconda3/envs/fold/lib/python3.12/site-packages/runner/inference.py:246] INFO runner.inference: Loading from /data/user/shuang886/Folding/protenix_stage0_pkg/v1_1/runtime/checkpoint/protenix_mini_esm_v0.5.0.pt, strict: False
2026-10-10 01:42:42,698 [/home/pc/anaconda3/envs/fold/lib/python3.12/site-packages/runner/inference.py:246] INFO runner.inference: Sampled key: module.input_embedder.atom_attention_encoder.linear_no_bias_ref_pos.weight
2026-10-10 01:42:42,739 [/home/pc/anaconda3/envs/fold/lib/python3.12/site-packages/runner/inference.py:246] INFO runner.inference: Finish loading checkpoint.
2026-10-10 01:42:42,742 [/home/pc/anaconda3/envs/fold/lib/python3.12/site-packages/runner/inference.py:246] INFO runner.inference: Model parameters: 135.22M
ALIGNED_EVAL n15 hint 272003 0 p0_s48
ALIGNED_EVAL n15 hint 272003 0 p0_s58
ALIGNED_EVAL n15 hint 272003 0 p1_s25
ALIGNED_EVAL n15 hint 272003 0 p1_s78
ALIGNED_EVAL n15 hint 272003 0 p2_s30
ALIGNED_EVAL n15 hint 272003 0 p2_s47
ALIGNED_EVAL n15 hint 272003 0 p3_s37
ALIGNED_EVAL n15 hint 272003 0 p3_s84
ALIGNED_EVAL n15 hint 272003 0 p4_s2
ALIGNED_EVAL n15 hint 272003 0 p4_s25
ALIGNED_EVAL n15 hint 272003 0 p5_s34
ALIGNED_EVAL n15 hint 272003 0 p5_s65
ALIGNED_EVAL n15 hint 272003 0 p6_s10
ALIGNED_EVAL n15 hint 272003 0 p6_s17
ALIGNED_EVAL n15 hint 272003 0 p7_s44
ALIGNED_EVAL n15 hint 272003 0 p7_s86
ALIGNED_EVAL n15 hint 272003 0 p8_s101
ALIGNED_EVAL n15 hint 272003 0 p8_s108
ALIGNED_EVAL n15 hint 272003 0 p9_s42
ALIGNED_EVAL n15 hint 272003 0 p9_s89
ALIGNED_EVAL n15 hint 272003 0 p10_s45
ALIGNED_EVAL n15 hint 272003 0 p10_s80
ALIGNED_EVAL n15 hint 272003 0 p11_s49
ALIGNED_EVAL n15 hint 272003 0 p11_s52
ALIGNED_EVAL n15 hint 272003 0 p12_s11
ALIGNED_EVAL n15 hint 272003 0 p12_s72
ALIGNED_EVAL n15 hint 272003 0 p13_s95
ALIGNED_EVAL n15 hint 272003 0 p13_s107
ALIGNED_EVAL n15 hint 272003 0 p14_s6
ALIGNED_EVAL n15 hint 272003 0 p14_s8
ALIGNED_EVAL n15 hint 272003 0 p15_s13
ALIGNED_EVAL n15 hint 272003 0 p15_s66
ALIGNED_EVAL n15 hint 272003 0 p16_s5
ALIGNED_EVAL n15 hint 272003 0 p16_s110
ALIGNED_EVAL n15 hint 272003 0 p17_s44
ALIGNED_EVAL n15 hint 272003 0 p17_s137
ALIGNED_EVAL n15 hint 272003 0 p18_s13
ALIGNED_EVAL n15 hint 272003 0 p18_s179
ALIGNED_EVAL n15 hint 272003 0 p19_s90
ALIGNED_EVAL n15 hint 272003 0 p19_s137
ALIGNED_EVAL n15 hint 272003 0 p20_s100
ALIGNED_EVAL n15 hint 272003 0 p20_s112
ALIGNED_EVAL n15 hint 272003 0 p21_s23
ALIGNED_EVAL n15 hint 272003 0 p21_s128
ALIGNED_EVAL n15 hint 272003 0 p22_s25
ALIGNED_EVAL n15 hint 272003 0 p22_s44
ALIGNED_EVAL n15 hint 272003 0 p23_s68
ALIGNED_EVAL n15 hint 272003 0 p23_s148
ALIGNED_TRAIN n15 hint 272003 128 235.82540694597992
ALIGNED_TRAIN n15 hint 272003 256 248.57243180199293
ALIGNED_TRAIN n15 hint 272003 384 261.5298471519782
ALIGNED_TRAIN n15 hint 272003 512 274.7157415019756
ALIGNED_TRAIN n15 hint 272003 640 287.3547320429934
ALIGNED_TRAIN n15 hint 272003 768 300.20149999597925
ALIGNED_TRAIN n15 hint 272003 896 313.2246944049839
ALIGNED_TRAIN n15 hint 272003 1024 326.3605494189833
ALIGNED_TRAIN n15 hint 272003 1152 339.0743489949964
ALIGNED_TRAIN n15 hint 272003 1280 354.53257116198074
ALIGNED_TRAIN n15 hint 272003 1408 370.39492054400034
ALIGNED_TRAIN n15 hint 272003 1536 386.24200186898815
ALIGNED_TRAIN n15 hint 272003 1664 401.7432939519931
ALIGNED_TRAIN n15 hint 272003 1792 417.3377665869775
ALIGNED_TRAIN n15 hint 272003 1920 431.76440707899746
ALIGNED_TRAIN n15 hint 272003 2048 444.52839886400034
ALIGNED_TRAIN n15 hint 272003 2176 459.1030073259899
ALIGNED_TRAIN n15 hint 272003 2304 474.491693954973
ALIGNED_TRAIN n15 hint 272003 2432 489.2717472589866
ALIGNED_TRAIN n15 hint 272003 2560 504.18457382699125
ALIGNED_TRAIN n15 hint 272003 2688 517.4442287379934
ALIGNED_TRAIN n15 hint 272003 2816 530.2994978109782
ALIGNED_TRAIN n15 hint 272003 2944 545.1172703819757
ALIGNED_TRAIN n15 hint 272003 3072 558.9238772419922
ALIGNED_TRAIN n15 hint 272003 3200 571.5910552269779
ALIGNED_TRAIN n15 hint 272003 3328 584.5101912629907
ALIGNED_TRAIN n15 hint 272003 3456 597.7109632139909
ALIGNED_TRAIN n15 hint 272003 3584 610.3122108479729
ALIGNED_TRAIN n15 hint 272003 3712 626.0464863569941
ALIGNED_TRAIN n15 hint 272003 3840 642.0143604519835
ALIGNED_TRAIN n15 hint 272003 3968 658.0506452089758
ALIGNED_TRAIN n15 hint 272003 4096 673.6221604169987
ALIGNED_EVAL n15 hint 272003 4104 p0_s48
ALIGNED_EVAL n15 hint 272003 4104 p0_s58
ALIGNED_EVAL n15 hint 272003 4104 p1_s25
ALIGNED_EVAL n15 hint 272003 4104 p1_s78
ALIGNED_EVAL n15 hint 272003 4104 p2_s30
ALIGNED_EVAL n15 hint 272003 4104 p2_s47
ALIGNED_EVAL n15 hint 272003 4104 p3_s37
ALIGNED_EVAL n15 hint 272003 4104 p3_s84
ALIGNED_EVAL n15 hint 272003 4104 p4_s2
ALIGNED_EVAL n15 hint 272003 4104 p4_s25
ALIGNED_EVAL n15 hint 272003 4104 p5_s34
ALIGNED_EVAL n15 hint 272003 4104 p5_s65
ALIGNED_EVAL n15 hint 272003 4104 p6_s10
ALIGNED_EVAL n15 hint 272003 4104 p6_s17
ALIGNED_EVAL n15 hint 272003 4104 p7_s44
ALIGNED_EVAL n15 hint 272003 4104 p7_s86
ALIGNED_EVAL n15 hint 272003 4104 p8_s101
ALIGNED_EVAL n15 hint 272003 4104 p8_s108
ALIGNED_EVAL n15 hint 272003 4104 p9_s42
ALIGNED_EVAL n15 hint 272003 4104 p9_s89
ALIGNED_EVAL n15 hint 272003 4104 p10_s45
ALIGNED_EVAL n15 hint 272003 4104 p10_s80
ALIGNED_EVAL n15 hint 272003 4104 p11_s49
ALIGNED_EVAL n15 hint 272003 4104 p11_s52
ALIGNED_EVAL n15 hint 272003 4104 p12_s11
ALIGNED_EVAL n15 hint 272003 4104 p12_s72
ALIGNED_EVAL n15 hint 272003 4104 p13_s95
ALIGNED_EVAL n15 hint 272003 4104 p13_s107
ALIGNED_EVAL n15 hint 272003 4104 p14_s6
ALIGNED_EVAL n15 hint 272003 4104 p14_s8
ALIGNED_EVAL n15 hint 272003 4104 p15_s13
ALIGNED_EVAL n15 hint 272003 4104 p15_s66
ALIGNED_EVAL n15 hint 272003 4104 p16_s5
ALIGNED_EVAL n15 hint 272003 4104 p16_s110
ALIGNED_EVAL n15 hint 272003 4104 p17_s44
ALIGNED_EVAL n15 hint 272003 4104 p17_s137
ALIGNED_EVAL n15 hint 272003 4104 p18_s13
ALIGNED_EVAL n15 hint 272003 4104 p18_s179
ALIGNED_EVAL n15 hint 272003 4104 p19_s90
ALIGNED_EVAL n15 hint 272003 4104 p19_s137
ALIGNED_EVAL n15 hint 272003 4104 p20_s100
ALIGNED_EVAL n15 hint 272003 4104 p20_s112
ALIGNED_EVAL n15 hint 272003 4104 p21_s23
ALIGNED_EVAL n15 hint 272003 4104 p21_s128
ALIGNED_EVAL n15 hint 272003 4104 p22_s25
ALIGNED_EVAL n15 hint 272003 4104 p22_s44
ALIGNED_EVAL n15 hint 272003 4104 p23_s68
ALIGNED_EVAL n15 hint 272003 4104 p23_s148
ALIGNED_TRAIN n15 hint 272003 4224 765.8830739229743
ALIGNED_TRAIN n15 hint 272003 4352 779.1670697179798
ALIGNED_TRAIN n15 hint 272003 4480 791.9848569669994
ALIGNED_TRAIN n15 hint 272003 4608 804.5712834199949
ALIGNED_TRAIN n15 hint 272003 4736 817.5148262809962
ALIGNED_TRAIN n15 hint 272003 4864 831.9550483889761
ALIGNED_TRAIN n15 hint 272003 4992 846.312298645993
ALIGNED_TRAIN n15 hint 272003 5120 861.2582089909993
ALIGNED_TRAIN n15 hint 272003 5248 876.3087658759905
ALIGNED_TRAIN n15 hint 272003 5376 891.8943718069931
ALIGNED_TRAIN n15 hint 272003 5504 906.6236609749903
ALIGNED_TRAIN n15 hint 272003 5632 919.110733354988
ALIGNED_TRAIN n15 hint 272003 5760 931.780415502988
ALIGNED_TRAIN n15 hint 272003 5888 944.7427064160001
ALIGNED_TRAIN n15 hint 272003 6016 957.3600758579851
ALIGNED_TRAIN n15 hint 272003 6144 971.8702162579866
ALIGNED_TRAIN n15 hint 272003 6272 987.7805653999967
ALIGNED_TRAIN n15 hint 272003 6400 1003.5123120469798
ALIGNED_TRAIN n15 hint 272003 6528 1016.7168303569779
ALIGNED_TRAIN n15 hint 272003 6656 1032.4901747499825
ALIGNED_TRAIN n15 hint 272003 6784 1045.9184459579992
ALIGNED_TRAIN n15 hint 272003 6912 1059.0918972369982
ALIGNED_TRAIN n15 hint 272003 7040 1071.7070109299966
ALIGNED_TRAIN n15 hint 272003 7168 1084.4238476159808
ALIGNED_TRAIN n15 hint 272003 7296 1098.8827049839892
ALIGNED_TRAIN n15 hint 272003 7424 1114.3312496659928
ALIGNED_TRAIN n15 hint 272003 7552 1128.0750831759942
ALIGNED_TRAIN n15 hint 272003 7680 1143.1673080189794
ALIGNED_TRAIN n15 hint 272003 7808 1158.9452206509886
ALIGNED_TRAIN n15 hint 272003 7936 1174.8004416619951
ALIGNED_TRAIN n15 hint 272003 8064 1189.9415929459792
ALIGNED_TRAIN n15 hint 272003 8192 1202.617429201986
ALIGNED_EVAL n15 hint 272003 8208 p0_s48
ALIGNED_EVAL n15 hint 272003 8208 p0_s58
ALIGNED_EVAL n15 hint 272003 8208 p1_s25
ALIGNED_EVAL n15 hint 272003 8208 p1_s78
ALIGNED_EVAL n15 hint 272003 8208 p2_s30
ALIGNED_EVAL n15 hint 272003 8208 p2_s47
ALIGNED_EVAL n15 hint 272003 8208 p3_s37
ALIGNED_EVAL n15 hint 272003 8208 p3_s84
ALIGNED_EVAL n15 hint 272003 8208 p4_s2
ALIGNED_EVAL n15 hint 272003 8208 p4_s25
ALIGNED_EVAL n15 hint 272003 8208 p5_s34
ALIGNED_EVAL n15 hint 272003 8208 p5_s65
ALIGNED_EVAL n15 hint 272003 8208 p6_s10
ALIGNED_EVAL n15 hint 272003 8208 p6_s17
ALIGNED_EVAL n15 hint 272003 8208 p7_s44
ALIGNED_EVAL n15 hint 272003 8208 p7_s86
ALIGNED_EVAL n15 hint 272003 8208 p8_s101
ALIGNED_EVAL n15 hint 272003 8208 p8_s108
ALIGNED_EVAL n15 hint 272003 8208 p9_s42
ALIGNED_EVAL n15 hint 272003 8208 p9_s89
ALIGNED_EVAL n15 hint 272003 8208 p10_s45
ALIGNED_EVAL n15 hint 272003 8208 p10_s80
ALIGNED_EVAL n15 hint 272003 8208 p11_s49
ALIGNED_EVAL n15 hint 272003 8208 p11_s52
ALIGNED_EVAL n15 hint 272003 8208 p12_s11
ALIGNED_EVAL n15 hint 272003 8208 p12_s72
ALIGNED_EVAL n15 hint 272003 8208 p13_s95
ALIGNED_EVAL n15 hint 272003 8208 p13_s107
ALIGNED_EVAL n15 hint 272003 8208 p14_s6
ALIGNED_EVAL n15 hint 272003 8208 p14_s8
ALIGNED_EVAL n15 hint 272003 8208 p15_s13
ALIGNED_EVAL n15 hint 272003 8208 p15_s66
ALIGNED_EVAL n15 hint 272003 8208 p16_s5
ALIGNED_EVAL n15 hint 272003 8208 p16_s110
ALIGNED_EVAL n15 hint 272003 8208 p17_s44
ALIGNED_EVAL n15 hint 272003 8208 p17_s137
ALIGNED_EVAL n15 hint 272003 8208 p18_s13
ALIGNED_EVAL n15 hint 272003 8208 p18_s179
ALIGNED_EVAL n15 hint 272003 8208 p19_s90
ALIGNED_EVAL n15 hint 272003 8208 p19_s137
ALIGNED_EVAL n15 hint 272003 8208 p20_s100
ALIGNED_EVAL n15 hint 272003 8208 p20_s112
ALIGNED_EVAL n15 hint 272003 8208 p21_s23
ALIGNED_EVAL n15 hint 272003 8208 p21_s128
ALIGNED_EVAL n15 hint 272003 8208 p22_s25
ALIGNED_EVAL n15 hint 272003 8208 p22_s44
ALIGNED_EVAL n15 hint 272003 8208 p23_s68
ALIGNED_EVAL n15 hint 272003 8208 p23_s148
