2026-10-10 01:32:27,227 [/home/pc/anaconda3/envs/fold/lib/python3.12/site-packages/runner/batch_inference.py:403] INFO runner.batch_inference: Inference by Protenix: model_size: mini, with_feature: esm, model_version: v0.5.0, dtype: bf16
2026-10-10 01:32:27,227 [/home/pc/anaconda3/envs/fold/lib/python3.12/site-packages/runner/batch_inference.py:408] INFO runner.batch_inference: Triangle_multiplicative kernel: torch, Triangle_attention kernel: torch
2026-10-10 01:32:27,228 [/home/pc/anaconda3/envs/fold/lib/python3.12/site-packages/runner/batch_inference.py:412] INFO runner.batch_inference: enable_diffusion_shared_vars_cache: True, enable_efficient_fusion: True, enable_tf32: False
2026-10-10 01:32:27,228 [/home/pc/anaconda3/envs/fold/lib/python3.12/site-packages/runner/inference.py:246] INFO runner.inference: Distributed environment: world size: 1, global rank: 0, local rank: 0
2026-10-10 01:32:27,228 [/home/pc/anaconda3/envs/fold/lib/python3.12/site-packages/runner/inference.py:98] INFO root: LOCAL_RANK: 0 - CUDA_VISIBLE_DEVICES: [0]
2026-10-10 01:32:27,228 [/home/pc/anaconda3/envs/fold/lib/python3.12/site-packages/runner/inference.py:127] INFO root: Finished environment initialization.
train scheduler 16.0
inference scheduler 16.0
Diffusion Module has 16.0
2026-10-10 01:32:43,658 [/home/pc/anaconda3/envs/fold/lib/python3.12/site-packages/runner/inference.py:246] INFO runner.inference: Loading from /data/user/shuang886/Folding/protenix_stage0_pkg/v1_1/runtime/checkpoint/protenix_mini_esm_v0.5.0.pt, strict: False
2026-10-10 01:32:44,135 [/home/pc/anaconda3/envs/fold/lib/python3.12/site-packages/runner/inference.py:246] INFO runner.inference: Sampled key: module.input_embedder.atom_attention_encoder.linear_no_bias_ref_pos.weight
2026-10-10 01:32:44,176 [/home/pc/anaconda3/envs/fold/lib/python3.12/site-packages/runner/inference.py:246] INFO runner.inference: Finish loading checkpoint.
2026-10-10 01:32:44,179 [/home/pc/anaconda3/envs/fold/lib/python3.12/site-packages/runner/inference.py:246] INFO runner.inference: Model parameters: 135.22M
ALIGNED_EVAL n1 final 272001 0 p3_s37
ALIGNED_TRAIN n1 final 272001 128 51.53145390498685
ALIGNED_TRAIN n1 final 272001 256 58.824803274997976
ALIGNED_EVAL n1 final 272001 304 p3_s37
ALIGNED_TRAIN n1 final 272001 384 67.30369893499301
ALIGNED_TRAIN n1 final 272001 512 74.39325619398733
ALIGNED_TRAIN n1 final 272001 640 81.41640409600222
ALIGNED_TRAIN n1 final 272001 768 88.48050733699347
ALIGNED_TRAIN n1 final 272001 896 95.51498984498903
ALIGNED_TRAIN n1 final 272001 1024 102.90117427299265
ALIGNED_TRAIN n1 final 272001 1152 110.21221349999541
ALIGNED_EVAL n1 final 272001 1216 p3_s37
ALIGNED_TRAIN n1 final 272001 1280 118.7224814860092
ALIGNED_TRAIN n1 final 272001 1408 125.74385225400329
ALIGNED_TRAIN n1 final 272001 1536 132.8764725799847
ALIGNED_TRAIN n1 final 272001 1664 139.99778947798768
ALIGNED_TRAIN n1 final 272001 1792 147.1297005439992
ALIGNED_TRAIN n1 final 272001 1920 154.55733638699166
ALIGNED_TRAIN n1 final 272001 2048 161.84679515499738
ALIGNED_TRAIN n1 final 272001 2176 168.957823662
ALIGNED_TRAIN n1 final 272001 2304 176.4426883230044
ALIGNED_TRAIN n1 final 272001 2432 183.89497796300566
ALIGNED_TRAIN n1 final 272001 2560 191.2221740600071
ALIGNED_TRAIN n1 final 272001 2688 199.17865958699258
ALIGNED_TRAIN n1 final 272001 2816 206.35803223599214
ALIGNED_TRAIN n1 final 272001 2944 213.37361117999535
ALIGNED_TRAIN n1 final 272001 3072 220.7215447940107
ALIGNED_TRAIN n1 final 272001 3200 228.15670848399168
ALIGNED_TRAIN n1 final 272001 3328 235.5625671549933
ALIGNED_TRAIN n1 final 272001 3456 242.94538179898518
ALIGNED_TRAIN n1 final 272001 3584 250.1963976820116
ALIGNED_TRAIN n1 final 272001 3712 257.2720604809874
ALIGNED_TRAIN n1 final 272001 3840 264.3699750280066
ALIGNED_TRAIN n1 final 272001 3968 271.4696923189913
ALIGNED_TRAIN n1 final 272001 4096 278.61403439499554
ALIGNED_EVAL n1 final 272001 4104 p3_s37
ALIGNED_TRAIN n1 final 272001 4224 287.32854668601067
ALIGNED_TRAIN n1 final 272001 4352 294.65560130999074
ALIGNED_TRAIN n1 final 272001 4480 301.8957893140032
ALIGNED_TRAIN n1 final 272001 4608 308.99322478400427
ALIGNED_TRAIN n1 final 272001 4736 316.24146801099414
ALIGNED_TRAIN n1 final 272001 4864 323.463485270011
ALIGNED_TRAIN n1 final 272001 4992 330.55196006500046
ALIGNED_TRAIN n1 final 272001 5120 337.63243173700175
ALIGNED_TRAIN n1 final 272001 5248 344.94238650999614
ALIGNED_TRAIN n1 final 272001 5376 352.18587511600344
ALIGNED_TRAIN n1 final 272001 5504 359.52696197098703
ALIGNED_TRAIN n1 final 272001 5632 366.9476096639992
ALIGNED_TRAIN n1 final 272001 5760 374.38349442198523
ALIGNED_TRAIN n1 final 272001 5888 381.563136554003
ALIGNED_TRAIN n1 final 272001 6016 388.6980608990125
ALIGNED_TRAIN n1 final 272001 6144 395.825103812007
ALIGNED_TRAIN n1 final 272001 6272 402.97201287100324
ALIGNED_TRAIN n1 final 272001 6400 410.25538832199527
ALIGNED_TRAIN n1 final 272001 6528 417.348301844002
ALIGNED_TRAIN n1 final 272001 6656 424.72095548699144
ALIGNED_TRAIN n1 final 272001 6784 431.866681880987
ALIGNED_TRAIN n1 final 272001 6912 438.9437387090002
ALIGNED_TRAIN n1 final 272001 7040 446.04531272299937
ALIGNED_TRAIN n1 final 272001 7168 453.20824060900486
ALIGNED_TRAIN n1 final 272001 7296 460.72321576898685
ALIGNED_TRAIN n1 final 272001 7424 467.9337238589942
ALIGNED_TRAIN n1 final 272001 7552 475.0469544339867
ALIGNED_TRAIN n1 final 272001 7680 482.1584486759966
ALIGNED_TRAIN n1 final 272001 7808 489.3384071220062
ALIGNED_TRAIN n1 final 272001 7936 496.7227141149924
ALIGNED_TRAIN n1 final 272001 8064 504.0084243559977
ALIGNED_TRAIN n1 final 272001 8192 511.3508268180012
ALIGNED_EVAL n1 final 272001 8208 p3_s37
