STACK_HANDLER_READY 772207
2026-10-10 02:56:44,409 [/home/pc/anaconda3/envs/fold/lib/python3.12/site-packages/runner/batch_inference.py:403] INFO runner.batch_inference: Inference by Protenix: model_size: mini, with_feature: esm, model_version: v0.5.0, dtype: bf16
2026-10-10 02:56:44,409 [/home/pc/anaconda3/envs/fold/lib/python3.12/site-packages/runner/batch_inference.py:408] INFO runner.batch_inference: Triangle_multiplicative kernel: torch, Triangle_attention kernel: torch
2026-10-10 02:56:44,409 [/home/pc/anaconda3/envs/fold/lib/python3.12/site-packages/runner/batch_inference.py:412] INFO runner.batch_inference: enable_diffusion_shared_vars_cache: True, enable_efficient_fusion: True, enable_tf32: False
2026-10-10 02:56:44,409 [/home/pc/anaconda3/envs/fold/lib/python3.12/site-packages/runner/inference.py:246] INFO runner.inference: Distributed environment: world size: 1, global rank: 0, local rank: 0
2026-10-10 02:56:44,410 [/home/pc/anaconda3/envs/fold/lib/python3.12/site-packages/runner/inference.py:98] INFO root: LOCAL_RANK: 0 - CUDA_VISIBLE_DEVICES: [0]
2026-10-10 02:56:44,410 [/home/pc/anaconda3/envs/fold/lib/python3.12/site-packages/runner/inference.py:127] INFO root: Finished environment initialization.
train scheduler 16.0
inference scheduler 16.0
Diffusion Module has 16.0
2026-10-10 02:57:00,098 [/home/pc/anaconda3/envs/fold/lib/python3.12/site-packages/runner/inference.py:246] INFO runner.inference: Loading from /data/user/shuang886/Folding/protenix_stage0_pkg/v1_1/runtime/checkpoint/protenix_mini_esm_v0.5.0.pt, strict: False
2026-10-10 02:57:00,547 [/home/pc/anaconda3/envs/fold/lib/python3.12/site-packages/runner/inference.py:246] INFO runner.inference: Sampled key: module.input_embedder.atom_attention_encoder.linear_no_bias_ref_pos.weight
2026-10-10 02:57:00,584 [/home/pc/anaconda3/envs/fold/lib/python3.12/site-packages/runner/inference.py:246] INFO runner.inference: Finish loading checkpoint.
2026-10-10 02:57:00,587 [/home/pc/anaconda3/envs/fold/lib/python3.12/site-packages/runner/inference.py:246] INFO runner.inference: Model parameters: 135.22M
ALIGNED_EVAL n15 final 272003 0 p0_s48
ALIGNED_EVAL n15 final 272003 0 p0_s58
ALIGNED_EVAL n15 final 272003 0 p1_s25
ALIGNED_EVAL n15 final 272003 0 p1_s78
ALIGNED_EVAL n15 final 272003 0 p2_s30
ALIGNED_EVAL n15 final 272003 0 p2_s47
ALIGNED_EVAL n15 final 272003 0 p3_s37
ALIGNED_EVAL n15 final 272003 0 p3_s84
ALIGNED_EVAL n15 final 272003 0 p4_s2
ALIGNED_EVAL n15 final 272003 0 p4_s25
ALIGNED_EVAL n15 final 272003 0 p5_s34
ALIGNED_EVAL n15 final 272003 0 p5_s65
ALIGNED_EVAL n15 final 272003 0 p6_s10
ALIGNED_EVAL n15 final 272003 0 p6_s17
ALIGNED_EVAL n15 final 272003 0 p7_s44
ALIGNED_EVAL n15 final 272003 0 p7_s86
ALIGNED_EVAL n15 final 272003 0 p8_s101
ALIGNED_EVAL n15 final 272003 0 p8_s108
ALIGNED_EVAL n15 final 272003 0 p9_s42
ALIGNED_EVAL n15 final 272003 0 p9_s89
ALIGNED_EVAL n15 final 272003 0 p10_s45
ALIGNED_EVAL n15 final 272003 0 p10_s80
ALIGNED_EVAL n15 final 272003 0 p11_s49
ALIGNED_EVAL n15 final 272003 0 p11_s52
ALIGNED_EVAL n15 final 272003 0 p12_s11
ALIGNED_EVAL n15 final 272003 0 p12_s72
ALIGNED_EVAL n15 final 272003 0 p13_s95
ALIGNED_EVAL n15 final 272003 0 p13_s107
ALIGNED_EVAL n15 final 272003 0 p14_s6
ALIGNED_EVAL n15 final 272003 0 p14_s8
ALIGNED_EVAL n15 final 272003 0 p15_s13
ALIGNED_EVAL n15 final 272003 0 p15_s66
ALIGNED_EVAL n15 final 272003 0 p16_s5
ALIGNED_EVAL n15 final 272003 0 p16_s110
ALIGNED_EVAL n15 final 272003 0 p17_s44
ALIGNED_EVAL n15 final 272003 0 p17_s137
ALIGNED_EVAL n15 final 272003 0 p18_s13
ALIGNED_EVAL n15 final 272003 0 p18_s179
ALIGNED_EVAL n15 final 272003 0 p19_s90
ALIGNED_EVAL n15 final 272003 0 p19_s137
ALIGNED_EVAL n15 final 272003 0 p20_s100
ALIGNED_EVAL n15 final 272003 0 p20_s112
ALIGNED_EVAL n15 final 272003 0 p21_s23
ALIGNED_EVAL n15 final 272003 0 p21_s128
ALIGNED_EVAL n15 final 272003 0 p22_s25
ALIGNED_EVAL n15 final 272003 0 p22_s44
ALIGNED_EVAL n15 final 272003 0 p23_s68
ALIGNED_EVAL n15 final 272003 0 p23_s148
ALIGNED_TRAIN n15 final 272003 128 216.3947421660123
ALIGNED_TRAIN n15 final 272003 256 230.90163159699296
ALIGNED_TRAIN n15 final 272003 384 245.88984893698944
ALIGNED_TRAIN n15 final 272003 512 261.1308668850106
ALIGNED_TRAIN n15 final 272003 640 275.72286859099404
ALIGNED_TRAIN n15 final 272003 768 290.4268878280127
ALIGNED_TRAIN n15 final 272003 896 305.3810380779905
ALIGNED_TRAIN n15 final 272003 1024 320.4012256450078
ALIGNED_TRAIN n15 final 272003 1152 334.89519312098855
ALIGNED_TRAIN n15 final 272003 1280 349.6326594229904
ALIGNED_TRAIN n15 final 272003 1408 362.52740187800373
ALIGNED_TRAIN n15 final 272003 1536 377.340991731995
ALIGNED_TRAIN n15 final 272003 1664 391.7738896039955
ALIGNED_TRAIN n15 final 272003 1792 406.30776781999157
ALIGNED_TRAIN n15 final 272003 1920 420.80806195701007
ALIGNED_TRAIN n15 final 272003 2048 433.4198167079885
ALIGNED_TRAIN n15 final 272003 2176 445.77627671998926
ALIGNED_TRAIN n15 final 272003 2304 458.36588192000636
ALIGNED_TRAIN n15 final 272003 2432 472.502057020989
ALIGNED_TRAIN n15 final 272003 2560 487.02408105001086
ALIGNED_TRAIN n15 final 272003 2688 501.66313941500266
ALIGNED_TRAIN n15 final 272003 2816 516.693111650995
ALIGNED_TRAIN n15 final 272003 2944 532.0725366680126
ALIGNED_TRAIN n15 final 272003 3072 546.5977094649861
ALIGNED_TRAIN n15 final 272003 3200 560.7841309589858
ALIGNED_TRAIN n15 final 272003 3328 573.2968868059979
ALIGNED_TRAIN n15 final 272003 3456 587.948184015986
ALIGNED_TRAIN n15 final 272003 3584 602.050976486993
ALIGNED_TRAIN n15 final 272003 3712 616.8631596220075
ALIGNED_TRAIN n15 final 272003 3840 631.766261310986
ALIGNED_TRAIN n15 final 272003 3968 646.0396916960017
ALIGNED_TRAIN n15 final 272003 4096 658.340482767002
ALIGNED_EVAL n15 final 272003 4104 p0_s48
ALIGNED_EVAL n15 final 272003 4104 p0_s58
ALIGNED_EVAL n15 final 272003 4104 p1_s25
ALIGNED_EVAL n15 final 272003 4104 p1_s78
ALIGNED_EVAL n15 final 272003 4104 p2_s30
ALIGNED_EVAL n15 final 272003 4104 p2_s47
ALIGNED_EVAL n15 final 272003 4104 p3_s37
ALIGNED_EVAL n15 final 272003 4104 p3_s84
ALIGNED_EVAL n15 final 272003 4104 p4_s2
ALIGNED_EVAL n15 final 272003 4104 p4_s25
ALIGNED_EVAL n15 final 272003 4104 p5_s34
ALIGNED_EVAL n15 final 272003 4104 p5_s65
ALIGNED_EVAL n15 final 272003 4104 p6_s10
ALIGNED_EVAL n15 final 272003 4104 p6_s17
ALIGNED_EVAL n15 final 272003 4104 p7_s44
ALIGNED_EVAL n15 final 272003 4104 p7_s86
ALIGNED_EVAL n15 final 272003 4104 p8_s101
ALIGNED_EVAL n15 final 272003 4104 p8_s108
ALIGNED_EVAL n15 final 272003 4104 p9_s42
ALIGNED_EVAL n15 final 272003 4104 p9_s89
ALIGNED_EVAL n15 final 272003 4104 p10_s45
ALIGNED_EVAL n15 final 272003 4104 p10_s80
ALIGNED_EVAL n15 final 272003 4104 p11_s49
ALIGNED_EVAL n15 final 272003 4104 p11_s52
ALIGNED_EVAL n15 final 272003 4104 p12_s11
ALIGNED_EVAL n15 final 272003 4104 p12_s72
ALIGNED_EVAL n15 final 272003 4104 p13_s95
ALIGNED_EVAL n15 final 272003 4104 p13_s107
ALIGNED_EVAL n15 final 272003 4104 p14_s6
ALIGNED_EVAL n15 final 272003 4104 p14_s8
ALIGNED_EVAL n15 final 272003 4104 p15_s13
ALIGNED_EVAL n15 final 272003 4104 p15_s66
ALIGNED_EVAL n15 final 272003 4104 p16_s5
ALIGNED_EVAL n15 final 272003 4104 p16_s110
ALIGNED_EVAL n15 final 272003 4104 p17_s44
ALIGNED_EVAL n15 final 272003 4104 p17_s137
ALIGNED_EVAL n15 final 272003 4104 p18_s13
ALIGNED_EVAL n15 final 272003 4104 p18_s179
ALIGNED_EVAL n15 final 272003 4104 p19_s90
ALIGNED_EVAL n15 final 272003 4104 p19_s137
ALIGNED_EVAL n15 final 272003 4104 p20_s100
ALIGNED_EVAL n15 final 272003 4104 p20_s112
ALIGNED_EVAL n15 final 272003 4104 p21_s23
ALIGNED_EVAL n15 final 272003 4104 p21_s128
ALIGNED_EVAL n15 final 272003 4104 p22_s25
ALIGNED_EVAL n15 final 272003 4104 p22_s44
ALIGNED_EVAL n15 final 272003 4104 p23_s68
ALIGNED_EVAL n15 final 272003 4104 p23_s148
ALIGNED_TRAIN n15 final 272003 4224 737.5331756969972
ALIGNED_TRAIN n15 final 272003 4352 752.3629080629908
ALIGNED_TRAIN n15 final 272003 4480 766.8527781679877
ALIGNED_TRAIN n15 final 272003 4608 779.2158366419899
ALIGNED_TRAIN n15 final 272003 4736 791.798307346995
ALIGNED_TRAIN n15 final 272003 4864 804.5708154029853
ALIGNED_TRAIN n15 final 272003 4992 817.2852601209888
ALIGNED_TRAIN n15 final 272003 5120 831.5525963729888
ALIGNED_TRAIN n15 final 272003 5248 846.419399965991
ALIGNED_TRAIN n15 final 272003 5376 861.6456875810109
ALIGNED_TRAIN n15 final 272003 5504 876.6269447680097
ALIGNED_TRAIN n15 final 272003 5632 890.1259690219886
ALIGNED_TRAIN n15 final 272003 5760 904.7925335720065
ALIGNED_TRAIN n15 final 272003 5888 917.7658950700134
ALIGNED_TRAIN n15 final 272003 6016 932.0386168900004
ALIGNED_TRAIN n15 final 272003 6144 945.750272729987
ALIGNED_TRAIN n15 final 272003 6272 958.4360541689966
ALIGNED_TRAIN n15 final 272003 6400 971.2844807970105
ALIGNED_TRAIN n15 final 272003 6528 983.6947164779995
ALIGNED_TRAIN n15 final 272003 6656 996.265186197008
ALIGNED_TRAIN n15 final 272003 6784 1011.1922399280011
ALIGNED_TRAIN n15 final 272003 6912 1026.3415266459924
ALIGNED_TRAIN n15 final 272003 7040 1040.6472206570033
ALIGNED_TRAIN n15 final 272003 7168 1055.1171721610008
ALIGNED_TRAIN n15 final 272003 7296 1067.8936804510013
ALIGNED_TRAIN n15 final 272003 7424 1080.609408571996
ALIGNED_TRAIN n15 final 272003 7552 1092.936725817999
ALIGNED_TRAIN n15 final 272003 7680 1107.0478980639891
ALIGNED_TRAIN n15 final 272003 7808 1122.119895101001
ALIGNED_TRAIN n15 final 272003 7936 1137.620730975992
ALIGNED_TRAIN n15 final 272003 8064 1151.453002330003
ALIGNED_TRAIN n15 final 272003 8192 1164.0303191730054
ALIGNED_EVAL n15 final 272003 8208 p0_s48
ALIGNED_EVAL n15 final 272003 8208 p0_s58
ALIGNED_EVAL n15 final 272003 8208 p1_s25
ALIGNED_EVAL n15 final 272003 8208 p1_s78
ALIGNED_EVAL n15 final 272003 8208 p2_s30
ALIGNED_EVAL n15 final 272003 8208 p2_s47
ALIGNED_EVAL n15 final 272003 8208 p3_s37
ALIGNED_EVAL n15 final 272003 8208 p3_s84
ALIGNED_EVAL n15 final 272003 8208 p4_s2
ALIGNED_EVAL n15 final 272003 8208 p4_s25
ALIGNED_EVAL n15 final 272003 8208 p5_s34
ALIGNED_EVAL n15 final 272003 8208 p5_s65
ALIGNED_EVAL n15 final 272003 8208 p6_s10
ALIGNED_EVAL n15 final 272003 8208 p6_s17
ALIGNED_EVAL n15 final 272003 8208 p7_s44
ALIGNED_EVAL n15 final 272003 8208 p7_s86
ALIGNED_EVAL n15 final 272003 8208 p8_s101
ALIGNED_EVAL n15 final 272003 8208 p8_s108
ALIGNED_EVAL n15 final 272003 8208 p9_s42
ALIGNED_EVAL n15 final 272003 8208 p9_s89
ALIGNED_EVAL n15 final 272003 8208 p10_s45
ALIGNED_EVAL n15 final 272003 8208 p10_s80
ALIGNED_EVAL n15 final 272003 8208 p11_s49
ALIGNED_EVAL n15 final 272003 8208 p11_s52
ALIGNED_EVAL n15 final 272003 8208 p12_s11
ALIGNED_EVAL n15 final 272003 8208 p12_s72
ALIGNED_EVAL n15 final 272003 8208 p13_s95
ALIGNED_EVAL n15 final 272003 8208 p13_s107
ALIGNED_EVAL n15 final 272003 8208 p14_s6
ALIGNED_EVAL n15 final 272003 8208 p14_s8
ALIGNED_EVAL n15 final 272003 8208 p15_s13
ALIGNED_EVAL n15 final 272003 8208 p15_s66
ALIGNED_EVAL n15 final 272003 8208 p16_s5
ALIGNED_EVAL n15 final 272003 8208 p16_s110
ALIGNED_EVAL n15 final 272003 8208 p17_s44
ALIGNED_EVAL n15 final 272003 8208 p17_s137
ALIGNED_EVAL n15 final 272003 8208 p18_s13
ALIGNED_EVAL n15 final 272003 8208 p18_s179
ALIGNED_EVAL n15 final 272003 8208 p19_s90
ALIGNED_EVAL n15 final 272003 8208 p19_s137
ALIGNED_EVAL n15 final 272003 8208 p20_s100
ALIGNED_EVAL n15 final 272003 8208 p20_s112
ALIGNED_EVAL n15 final 272003 8208 p21_s23
ALIGNED_EVAL n15 final 272003 8208 p21_s128
ALIGNED_EVAL n15 final 272003 8208 p22_s25
ALIGNED_EVAL n15 final 272003 8208 p22_s44
ALIGNED_EVAL n15 final 272003 8208 p23_s68
ALIGNED_EVAL n15 final 272003 8208 p23_s148
