SCORE_RECOVERY_SITE 272003 0 p0_s48
SCORE_RECOVERY_SITE 272003 0 p0_s58
SCORE_RECOVERY_SITE 272003 0 p1_s25
SCORE_RECOVERY_SITE 272003 0 p1_s78
SCORE_RECOVERY_SITE 272003 0 p2_s30
SCORE_RECOVERY_SITE 272003 0 p2_s47
SCORE_RECOVERY_SITE 272003 0 p3_s37
SCORE_RECOVERY_SITE 272003 0 p3_s84
SCORE_RECOVERY_SITE 272003 0 p4_s2
SCORE_RECOVERY_SITE 272003 0 p4_s25
SCORE_RECOVERY_SITE 272003 0 p5_s34
SCORE_RECOVERY_SITE 272003 0 p5_s65
SCORE_RECOVERY_SITE 272003 0 p6_s10
SCORE_RECOVERY_SITE 272003 0 p6_s17
SCORE_RECOVERY_SITE 272003 0 p7_s44
SCORE_RECOVERY_SITE 272003 0 p7_s86
SCORE_RECOVERY_SITE 272003 0 p8_s101
SCORE_RECOVERY_SITE 272003 0 p8_s108
SCORE_RECOVERY_SITE 272003 0 p9_s42
SCORE_RECOVERY_SITE 272003 0 p9_s89
SCORE_RECOVERY_SITE 272003 0 p10_s45
SCORE_RECOVERY_SITE 272003 0 p10_s80
SCORE_RECOVERY_SITE 272003 0 p11_s49
SCORE_RECOVERY_SITE 272003 0 p11_s52
SCORE_RECOVERY_SITE 272003 0 p12_s11
SCORE_RECOVERY_SITE 272003 0 p12_s72
SCORE_RECOVERY_SITE 272003 0 p13_s95
SCORE_RECOVERY_SITE 272003 0 p13_s107
SCORE_RECOVERY_SITE 272003 0 p14_s6
SCORE_RECOVERY_SITE 272003 0 p14_s8
SCORE_RECOVERY_SITE 272003 0 p15_s13
SCORE_RECOVERY_SITE 272003 0 p15_s66
SCORE_RECOVERY_SITE 272003 0 p16_s5
SCORE_RECOVERY_SITE 272003 0 p16_s110
SCORE_RECOVERY_SITE 272003 0 p17_s44
SCORE_RECOVERY_SITE 272003 0 p17_s137
SCORE_RECOVERY_SITE 272003 0 p18_s13
SCORE_RECOVERY_SITE 272003 0 p18_s179
SCORE_RECOVERY_SITE 272003 0 p19_s90
SCORE_RECOVERY_SITE 272003 0 p19_s137
SCORE_RECOVERY_SITE 272003 0 p20_s100
SCORE_RECOVERY_SITE 272003 0 p20_s112
SCORE_RECOVERY_SITE 272003 0 p21_s23
SCORE_RECOVERY_SITE 272003 0 p21_s128
SCORE_RECOVERY_SITE 272003 0 p22_s25
SCORE_RECOVERY_SITE 272003 0 p22_s44
SCORE_RECOVERY_SITE 272003 0 p23_s68
SCORE_RECOVERY_SITE 272003 0 p23_s148
SCORE_RECOVERY_COMPLETE hint 272003 0 239.97136060197954
SCORE_RECOVERY_SITE 272003 4104 p0_s48
SCORE_RECOVERY_SITE 272003 4104 p0_s58
SCORE_RECOVERY_SITE 272003 4104 p1_s25
SCORE_RECOVERY_SITE 272003 4104 p1_s78
SCORE_RECOVERY_SITE 272003 4104 p2_s30
SCORE_RECOVERY_SITE 272003 4104 p2_s47
SCORE_RECOVERY_SITE 272003 4104 p3_s37
SCORE_RECOVERY_SITE 272003 4104 p3_s84
SCORE_RECOVERY_SITE 272003 4104 p4_s2
SCORE_RECOVERY_SITE 272003 4104 p4_s25
SCORE_RECOVERY_SITE 272003 4104 p5_s34
SCORE_RECOVERY_SITE 272003 4104 p5_s65
SCORE_RECOVERY_SITE 272003 4104 p6_s10
SCORE_RECOVERY_SITE 272003 4104 p6_s17
SCORE_RECOVERY_SITE 272003 4104 p7_s44
SCORE_RECOVERY_SITE 272003 4104 p7_s86
SCORE_RECOVERY_SITE 272003 4104 p8_s101
SCORE_RECOVERY_SITE 272003 4104 p8_s108
SCORE_RECOVERY_SITE 272003 4104 p9_s42
SCORE_RECOVERY_SITE 272003 4104 p9_s89
SCORE_RECOVERY_SITE 272003 4104 p10_s45
SCORE_RECOVERY_SITE 272003 4104 p10_s80
SCORE_RECOVERY_SITE 272003 4104 p11_s49
SCORE_RECOVERY_SITE 272003 4104 p11_s52
SCORE_RECOVERY_SITE 272003 4104 p12_s11
SCORE_RECOVERY_SITE 272003 4104 p12_s72
SCORE_RECOVERY_SITE 272003 4104 p13_s95
SCORE_RECOVERY_SITE 272003 4104 p13_s107
SCORE_RECOVERY_SITE 272003 4104 p14_s6
SCORE_RECOVERY_SITE 272003 4104 p14_s8
SCORE_RECOVERY_SITE 272003 4104 p15_s13
SCORE_RECOVERY_SITE 272003 4104 p15_s66
SCORE_RECOVERY_SITE 272003 4104 p16_s5
SCORE_RECOVERY_SITE 272003 4104 p16_s110
SCORE_RECOVERY_SITE 272003 4104 p17_s44
SCORE_RECOVERY_SITE 272003 4104 p17_s137
SCORE_RECOVERY_SITE 272003 4104 p18_s13
SCORE_RECOVERY_SITE 272003 4104 p18_s179
SCORE_RECOVERY_SITE 272003 4104 p19_s90
SCORE_RECOVERY_SITE 272003 4104 p19_s137
SCORE_RECOVERY_SITE 272003 4104 p20_s100
SCORE_RECOVERY_SITE 272003 4104 p20_s112
SCORE_RECOVERY_SITE 272003 4104 p21_s23
SCORE_RECOVERY_SITE 272003 4104 p21_s128
SCORE_RECOVERY_SITE 272003 4104 p22_s25
SCORE_RECOVERY_SITE 272003 4104 p22_s44
SCORE_RECOVERY_SITE 272003 4104 p23_s68
SCORE_RECOVERY_SITE 272003 4104 p23_s148
SCORE_RECOVERY_COMPLETE hint 272003 4104 250.26458704000106
SCORE_RECOVERY_SITE 272003 8208 p0_s48
SCORE_RECOVERY_SITE 272003 8208 p0_s58
SCORE_RECOVERY_SITE 272003 8208 p1_s25
SCORE_RECOVERY_SITE 272003 8208 p1_s78
SCORE_RECOVERY_SITE 272003 8208 p2_s30
SCORE_RECOVERY_SITE 272003 8208 p2_s47
SCORE_RECOVERY_SITE 272003 8208 p3_s37
SCORE_RECOVERY_SITE 272003 8208 p3_s84
SCORE_RECOVERY_SITE 272003 8208 p4_s2
SCORE_RECOVERY_SITE 272003 8208 p4_s25
SCORE_RECOVERY_SITE 272003 8208 p5_s34
SCORE_RECOVERY_SITE 272003 8208 p5_s65
SCORE_RECOVERY_SITE 272003 8208 p6_s10
SCORE_RECOVERY_SITE 272003 8208 p6_s17
SCORE_RECOVERY_SITE 272003 8208 p7_s44
SCORE_RECOVERY_SITE 272003 8208 p7_s86
SCORE_RECOVERY_SITE 272003 8208 p8_s101
SCORE_RECOVERY_SITE 272003 8208 p8_s108
SCORE_RECOVERY_SITE 272003 8208 p9_s42
SCORE_RECOVERY_SITE 272003 8208 p9_s89
SCORE_RECOVERY_SITE 272003 8208 p10_s45
SCORE_RECOVERY_SITE 272003 8208 p10_s80
SCORE_RECOVERY_SITE 272003 8208 p11_s49
SCORE_RECOVERY_SITE 272003 8208 p11_s52
SCORE_RECOVERY_SITE 272003 8208 p12_s11
SCORE_RECOVERY_SITE 272003 8208 p12_s72
SCORE_RECOVERY_SITE 272003 8208 p13_s95
SCORE_RECOVERY_SITE 272003 8208 p13_s107
SCORE_RECOVERY_SITE 272003 8208 p14_s6
SCORE_RECOVERY_SITE 272003 8208 p14_s8
SCORE_RECOVERY_SITE 272003 8208 p15_s13
SCORE_RECOVERY_SITE 272003 8208 p15_s66
SCORE_RECOVERY_SITE 272003 8208 p16_s5
SCORE_RECOVERY_SITE 272003 8208 p16_s110
SCORE_RECOVERY_SITE 272003 8208 p17_s44
SCORE_RECOVERY_SITE 272003 8208 p17_s137
SCORE_RECOVERY_SITE 272003 8208 p18_s13
SCORE_RECOVERY_SITE 272003 8208 p18_s179
SCORE_RECOVERY_SITE 272003 8208 p19_s90
SCORE_RECOVERY_SITE 272003 8208 p19_s137
SCORE_RECOVERY_SITE 272003 8208 p20_s100
SCORE_RECOVERY_SITE 272003 8208 p20_s112
SCORE_RECOVERY_SITE 272003 8208 p21_s23
SCORE_RECOVERY_SITE 272003 8208 p21_s128
SCORE_RECOVERY_SITE 272003 8208 p22_s25
SCORE_RECOVERY_SITE 272003 8208 p22_s44
SCORE_RECOVERY_SITE 272003 8208 p23_s68
SCORE_RECOVERY_SITE 272003 8208 p23_s148
SCORE_RECOVERY_COMPLETE hint 272003 8208 273.82461118799984
