2026-10-10 01:42:27,426 [/home/pc/anaconda3/envs/fold/lib/python3.12/site-packages/runner/batch_inference.py:403] INFO runner.batch_inference: Inference by Protenix: model_size: mini, with_feature: esm, model_version: v0.5.0, dtype: bf16
2026-10-10 01:42:27,426 [/home/pc/anaconda3/envs/fold/lib/python3.12/site-packages/runner/batch_inference.py:408] INFO runner.batch_inference: Triangle_multiplicative kernel: torch, Triangle_attention kernel: torch
2026-10-10 01:42:27,426 [/home/pc/anaconda3/envs/fold/lib/python3.12/site-packages/runner/batch_inference.py:412] INFO runner.batch_inference: enable_diffusion_shared_vars_cache: True, enable_efficient_fusion: True, enable_tf32: False
2026-10-10 01:42:27,427 [/home/pc/anaconda3/envs/fold/lib/python3.12/site-packages/runner/inference.py:246] INFO runner.inference: Distributed environment: world size: 1, global rank: 0, local rank: 0
2026-10-10 01:42:27,427 [/home/pc/anaconda3/envs/fold/lib/python3.12/site-packages/runner/inference.py:98] INFO root: LOCAL_RANK: 0 - CUDA_VISIBLE_DEVICES: [0]
2026-10-10 01:42:27,427 [/home/pc/anaconda3/envs/fold/lib/python3.12/site-packages/runner/inference.py:127] INFO root: Finished environment initialization.
train scheduler 16.0
inference scheduler 16.0
Diffusion Module has 16.0
2026-10-10 01:42:44,972 [/home/pc/anaconda3/envs/fold/lib/python3.12/site-packages/runner/inference.py:246] INFO runner.inference: Loading from /data/user/shuang886/Folding/protenix_stage0_pkg/v1_1/runtime/checkpoint/protenix_mini_esm_v0.5.0.pt, strict: False
2026-10-10 01:42:45,432 [/home/pc/anaconda3/envs/fold/lib/python3.12/site-packages/runner/inference.py:246] INFO runner.inference: Sampled key: module.input_embedder.atom_attention_encoder.linear_no_bias_ref_pos.weight
2026-10-10 01:42:45,472 [/home/pc/anaconda3/envs/fold/lib/python3.12/site-packages/runner/inference.py:246] INFO runner.inference: Finish loading checkpoint.
2026-10-10 01:42:45,475 [/home/pc/anaconda3/envs/fold/lib/python3.12/site-packages/runner/inference.py:246] INFO runner.inference: Model parameters: 135.22M
ALIGNED_EVAL n15 final 272001 0 p0_s48
ALIGNED_EVAL n15 final 272001 0 p0_s58
ALIGNED_EVAL n15 final 272001 0 p1_s25
ALIGNED_EVAL n15 final 272001 0 p1_s78
ALIGNED_EVAL n15 final 272001 0 p2_s30
ALIGNED_EVAL n15 final 272001 0 p2_s47
ALIGNED_EVAL n15 final 272001 0 p3_s37
ALIGNED_EVAL n15 final 272001 0 p3_s84
ALIGNED_EVAL n15 final 272001 0 p4_s2
ALIGNED_EVAL n15 final 272001 0 p4_s25
ALIGNED_EVAL n15 final 272001 0 p5_s34
ALIGNED_EVAL n15 final 272001 0 p5_s65
ALIGNED_EVAL n15 final 272001 0 p6_s10
ALIGNED_EVAL n15 final 272001 0 p6_s17
ALIGNED_EVAL n15 final 272001 0 p7_s44
ALIGNED_EVAL n15 final 272001 0 p7_s86
ALIGNED_EVAL n15 final 272001 0 p8_s101
ALIGNED_EVAL n15 final 272001 0 p8_s108
ALIGNED_EVAL n15 final 272001 0 p9_s42
ALIGNED_EVAL n15 final 272001 0 p9_s89
ALIGNED_EVAL n15 final 272001 0 p10_s45
ALIGNED_EVAL n15 final 272001 0 p10_s80
ALIGNED_EVAL n15 final 272001 0 p11_s49
ALIGNED_EVAL n15 final 272001 0 p11_s52
ALIGNED_EVAL n15 final 272001 0 p12_s11
ALIGNED_EVAL n15 final 272001 0 p12_s72
ALIGNED_EVAL n15 final 272001 0 p13_s95
ALIGNED_EVAL n15 final 272001 0 p13_s107
ALIGNED_EVAL n15 final 272001 0 p14_s6
ALIGNED_EVAL n15 final 272001 0 p14_s8
ALIGNED_EVAL n15 final 272001 0 p15_s13
ALIGNED_EVAL n15 final 272001 0 p15_s66
ALIGNED_EVAL n15 final 272001 0 p16_s5
ALIGNED_EVAL n15 final 272001 0 p16_s110
ALIGNED_EVAL n15 final 272001 0 p17_s44
ALIGNED_EVAL n15 final 272001 0 p17_s137
ALIGNED_EVAL n15 final 272001 0 p18_s13
ALIGNED_EVAL n15 final 272001 0 p18_s179
ALIGNED_EVAL n15 final 272001 0 p19_s90
ALIGNED_EVAL n15 final 272001 0 p19_s137
ALIGNED_EVAL n15 final 272001 0 p20_s100
ALIGNED_EVAL n15 final 272001 0 p20_s112
ALIGNED_EVAL n15 final 272001 0 p21_s23
ALIGNED_EVAL n15 final 272001 0 p21_s128
ALIGNED_EVAL n15 final 272001 0 p22_s25
ALIGNED_EVAL n15 final 272001 0 p22_s44
ALIGNED_EVAL n15 final 272001 0 p23_s68
ALIGNED_EVAL n15 final 272001 0 p23_s148
ALIGNED_TRAIN n15 final 272001 128 241.63337498399778
ALIGNED_TRAIN n15 final 272001 256 254.45598611500463
ALIGNED_TRAIN n15 final 272001 384 270.3027442760067
ALIGNED_TRAIN n15 final 272001 512 286.3829816899961
ALIGNED_TRAIN n15 final 272001 640 302.1383370519907
ALIGNED_TRAIN n15 final 272001 768 318.12379041299573
ALIGNED_TRAIN n15 final 272001 896 333.0855687519943
ALIGNED_TRAIN n15 final 272001 1024 349.10170658899006
ALIGNED_TRAIN n15 final 272001 1152 363.8900787910097
ALIGNED_TRAIN n15 final 272001 1280 378.0033872599888
ALIGNED_TRAIN n15 final 272001 1408 392.86528587999055
ALIGNED_TRAIN n15 final 272001 1536 408.02345493400935
ALIGNED_TRAIN n15 final 272001 1664 422.9908723460103
ALIGNED_TRAIN n15 final 272001 1792 436.20558676699875
ALIGNED_TRAIN n15 final 272001 1920 451.58443546900526
ALIGNED_TRAIN n15 final 272001 2048 467.1226889890095
ALIGNED_TRAIN n15 final 272001 2176 482.30415594301303
ALIGNED_TRAIN n15 final 272001 2304 497.11265995400026
ALIGNED_TRAIN n15 final 272001 2432 509.917213342007
ALIGNED_TRAIN n15 final 272001 2560 522.331149139005
ALIGNED_TRAIN n15 final 272001 2688 534.8055937660101
ALIGNED_TRAIN n15 final 272001 2816 548.1502410650137
ALIGNED_TRAIN n15 final 272001 2944 563.986503919994
ALIGNED_TRAIN n15 final 272001 3072 577.8993744530017
ALIGNED_TRAIN n15 final 272001 3200 590.4069028570084
ALIGNED_TRAIN n15 final 272001 3328 603.6223612269969
ALIGNED_TRAIN n15 final 272001 3456 618.0173687610077
ALIGNED_TRAIN n15 final 272001 3584 630.4284495809989
ALIGNED_TRAIN n15 final 272001 3712 643.0803263380076
ALIGNED_TRAIN n15 final 272001 3840 655.9102657139883
ALIGNED_TRAIN n15 final 272001 3968 670.1662698540022
ALIGNED_TRAIN n15 final 272001 4096 682.9407779040048
ALIGNED_EVAL n15 final 272001 4104 p0_s48
ALIGNED_EVAL n15 final 272001 4104 p0_s58
ALIGNED_EVAL n15 final 272001 4104 p1_s25
ALIGNED_EVAL n15 final 272001 4104 p1_s78
ALIGNED_EVAL n15 final 272001 4104 p2_s30
ALIGNED_EVAL n15 final 272001 4104 p2_s47
ALIGNED_EVAL n15 final 272001 4104 p3_s37
ALIGNED_EVAL n15 final 272001 4104 p3_s84
ALIGNED_EVAL n15 final 272001 4104 p4_s2
ALIGNED_EVAL n15 final 272001 4104 p4_s25
ALIGNED_EVAL n15 final 272001 4104 p5_s34
ALIGNED_EVAL n15 final 272001 4104 p5_s65
ALIGNED_EVAL n15 final 272001 4104 p6_s10
ALIGNED_EVAL n15 final 272001 4104 p6_s17
ALIGNED_EVAL n15 final 272001 4104 p7_s44
ALIGNED_EVAL n15 final 272001 4104 p7_s86
ALIGNED_EVAL n15 final 272001 4104 p8_s101
ALIGNED_EVAL n15 final 272001 4104 p8_s108
ALIGNED_EVAL n15 final 272001 4104 p9_s42
ALIGNED_EVAL n15 final 272001 4104 p9_s89
ALIGNED_EVAL n15 final 272001 4104 p10_s45
ALIGNED_EVAL n15 final 272001 4104 p10_s80
ALIGNED_EVAL n15 final 272001 4104 p11_s49
ALIGNED_EVAL n15 final 272001 4104 p11_s52
ALIGNED_EVAL n15 final 272001 4104 p12_s11
ALIGNED_EVAL n15 final 272001 4104 p12_s72
ALIGNED_EVAL n15 final 272001 4104 p13_s95
ALIGNED_EVAL n15 final 272001 4104 p13_s107
ALIGNED_EVAL n15 final 272001 4104 p14_s6
ALIGNED_EVAL n15 final 272001 4104 p14_s8
ALIGNED_EVAL n15 final 272001 4104 p15_s13
ALIGNED_EVAL n15 final 272001 4104 p15_s66
ALIGNED_EVAL n15 final 272001 4104 p16_s5
ALIGNED_EVAL n15 final 272001 4104 p16_s110
ALIGNED_EVAL n15 final 272001 4104 p17_s44
ALIGNED_EVAL n15 final 272001 4104 p17_s137
ALIGNED_EVAL n15 final 272001 4104 p18_s13
ALIGNED_EVAL n15 final 272001 4104 p18_s179
ALIGNED_EVAL n15 final 272001 4104 p19_s90
ALIGNED_EVAL n15 final 272001 4104 p19_s137
ALIGNED_EVAL n15 final 272001 4104 p20_s100
ALIGNED_EVAL n15 final 272001 4104 p20_s112
ALIGNED_EVAL n15 final 272001 4104 p21_s23
ALIGNED_EVAL n15 final 272001 4104 p21_s128
ALIGNED_EVAL n15 final 272001 4104 p22_s25
ALIGNED_EVAL n15 final 272001 4104 p22_s44
ALIGNED_EVAL n15 final 272001 4104 p23_s68
ALIGNED_EVAL n15 final 272001 4104 p23_s148
ALIGNED_TRAIN n15 final 272001 4224 777.9832913390128
ALIGNED_TRAIN n15 final 272001 4352 793.7851449110021
ALIGNED_TRAIN n15 final 272001 4480 809.6197296050086
ALIGNED_TRAIN n15 final 272001 4608 823.2085145039891
ALIGNED_TRAIN n15 final 272001 4736 835.8234295739967
ALIGNED_TRAIN n15 final 272001 4864 848.6863783760055
ALIGNED_TRAIN n15 final 272001 4992 861.5007613899943
ALIGNED_TRAIN n15 final 272001 5120 875.657823223999
ALIGNED_TRAIN n15 final 272001 5248 890.0853359480097
ALIGNED_TRAIN n15 final 272001 5376 903.7365114320128
ALIGNED_TRAIN n15 final 272001 5504 916.3912418470136
ALIGNED_TRAIN n15 final 272001 5632 928.6909206380078
ALIGNED_TRAIN n15 final 272001 5760 941.1944388110132
ALIGNED_TRAIN n15 final 272001 5888 955.8730941060057
ALIGNED_TRAIN n15 final 272001 6016 970.2768551640038
ALIGNED_TRAIN n15 final 272001 6144 1277.213338230009
ALIGNED_TRAIN n15 final 272001 6272 1292.459075774008
ALIGNED_TRAIN n15 final 272001 6400 1308.7286147309933
ALIGNED_TRAIN n15 final 272001 6528 1323.3993330429948
ALIGNED_TRAIN n15 final 272001 6656 1338.5311600370042
ALIGNED_TRAIN n15 final 272001 6784 1354.127508356003
ALIGNED_TRAIN n15 final 272001 6912 1368.5742871389957
ALIGNED_TRAIN n15 final 272001 7040 1380.8397146289935
ALIGNED_TRAIN n15 final 272001 7168 1395.8277196169947
ALIGNED_TRAIN n15 final 272001 7296 1413.8828090190073
ALIGNED_TRAIN n15 final 272001 7424 1429.383821047988
ALIGNED_TRAIN n15 final 272001 7552 1443.6747354289982
ALIGNED_TRAIN n15 final 272001 7680 1458.7905222160043
ALIGNED_TRAIN n15 final 272001 7808 1474.3873223710107
ALIGNED_TRAIN n15 final 272001 7936 1489.9322205859935
ALIGNED_TRAIN n15 final 272001 8064 1505.0072242459864
ALIGNED_TRAIN n15 final 272001 8192 1520.0747047399927
ALIGNED_EVAL n15 final 272001 8208 p0_s48
ALIGNED_EVAL n15 final 272001 8208 p0_s58
ALIGNED_EVAL n15 final 272001 8208 p1_s25
ALIGNED_EVAL n15 final 272001 8208 p1_s78
ALIGNED_EVAL n15 final 272001 8208 p2_s30
ALIGNED_EVAL n15 final 272001 8208 p2_s47
ALIGNED_EVAL n15 final 272001 8208 p3_s37
ALIGNED_EVAL n15 final 272001 8208 p3_s84
ALIGNED_EVAL n15 final 272001 8208 p4_s2
ALIGNED_EVAL n15 final 272001 8208 p4_s25
ALIGNED_EVAL n15 final 272001 8208 p5_s34
ALIGNED_EVAL n15 final 272001 8208 p5_s65
ALIGNED_EVAL n15 final 272001 8208 p6_s10
ALIGNED_EVAL n15 final 272001 8208 p6_s17
ALIGNED_EVAL n15 final 272001 8208 p7_s44
ALIGNED_EVAL n15 final 272001 8208 p7_s86
ALIGNED_EVAL n15 final 272001 8208 p8_s101
ALIGNED_EVAL n15 final 272001 8208 p8_s108
ALIGNED_EVAL n15 final 272001 8208 p9_s42
ALIGNED_EVAL n15 final 272001 8208 p9_s89
ALIGNED_EVAL n15 final 272001 8208 p10_s45
ALIGNED_EVAL n15 final 272001 8208 p10_s80
ALIGNED_EVAL n15 final 272001 8208 p11_s49
ALIGNED_EVAL n15 final 272001 8208 p11_s52
ALIGNED_EVAL n15 final 272001 8208 p12_s11
ALIGNED_EVAL n15 final 272001 8208 p12_s72
ALIGNED_EVAL n15 final 272001 8208 p13_s95
ALIGNED_EVAL n15 final 272001 8208 p13_s107
ALIGNED_EVAL n15 final 272001 8208 p14_s6
ALIGNED_EVAL n15 final 272001 8208 p14_s8
ALIGNED_EVAL n15 final 272001 8208 p15_s13
ALIGNED_EVAL n15 final 272001 8208 p15_s66
ALIGNED_EVAL n15 final 272001 8208 p16_s5
ALIGNED_EVAL n15 final 272001 8208 p16_s110
ALIGNED_EVAL n15 final 272001 8208 p17_s44
ALIGNED_EVAL n15 final 272001 8208 p17_s137
ALIGNED_EVAL n15 final 272001 8208 p18_s13
ALIGNED_EVAL n15 final 272001 8208 p18_s179
ALIGNED_EVAL n15 final 272001 8208 p19_s90
ALIGNED_EVAL n15 final 272001 8208 p19_s137
ALIGNED_EVAL n15 final 272001 8208 p20_s100
ALIGNED_EVAL n15 final 272001 8208 p20_s112
ALIGNED_EVAL n15 final 272001 8208 p21_s23
ALIGNED_EVAL n15 final 272001 8208 p21_s128
ALIGNED_EVAL n15 final 272001 8208 p22_s25
ALIGNED_EVAL n15 final 272001 8208 p22_s44
ALIGNED_EVAL n15 final 272001 8208 p23_s68
ALIGNED_EVAL n15 final 272001 8208 p23_s148
