2026-10-10 01:32:27,155 [/home/pc/anaconda3/envs/fold/lib/python3.12/site-packages/runner/batch_inference.py:403] INFO runner.batch_inference: Inference by Protenix: model_size: mini, with_feature: esm, model_version: v0.5.0, dtype: bf16
2026-10-10 01:32:27,155 [/home/pc/anaconda3/envs/fold/lib/python3.12/site-packages/runner/batch_inference.py:408] INFO runner.batch_inference: Triangle_multiplicative kernel: torch, Triangle_attention kernel: torch
2026-10-10 01:32:27,155 [/home/pc/anaconda3/envs/fold/lib/python3.12/site-packages/runner/batch_inference.py:412] INFO runner.batch_inference: enable_diffusion_shared_vars_cache: True, enable_efficient_fusion: True, enable_tf32: False
2026-10-10 01:32:27,156 [/home/pc/anaconda3/envs/fold/lib/python3.12/site-packages/runner/inference.py:246] INFO runner.inference: Distributed environment: world size: 1, global rank: 0, local rank: 0
2026-10-10 01:32:27,156 [/home/pc/anaconda3/envs/fold/lib/python3.12/site-packages/runner/inference.py:98] INFO root: LOCAL_RANK: 0 - CUDA_VISIBLE_DEVICES: [0]
2026-10-10 01:32:27,156 [/home/pc/anaconda3/envs/fold/lib/python3.12/site-packages/runner/inference.py:127] INFO root: Finished environment initialization.
train scheduler 16.0
inference scheduler 16.0
Diffusion Module has 16.0
2026-10-10 01:32:43,559 [/home/pc/anaconda3/envs/fold/lib/python3.12/site-packages/runner/inference.py:246] INFO runner.inference: Loading from /data/user/shuang886/Folding/protenix_stage0_pkg/v1_1/runtime/checkpoint/protenix_mini_esm_v0.5.0.pt, strict: False
2026-10-10 01:32:44,033 [/home/pc/anaconda3/envs/fold/lib/python3.12/site-packages/runner/inference.py:246] INFO runner.inference: Sampled key: module.input_embedder.atom_attention_encoder.linear_no_bias_ref_pos.weight
2026-10-10 01:32:44,073 [/home/pc/anaconda3/envs/fold/lib/python3.12/site-packages/runner/inference.py:246] INFO runner.inference: Finish loading checkpoint.
2026-10-10 01:32:44,076 [/home/pc/anaconda3/envs/fold/lib/python3.12/site-packages/runner/inference.py:246] INFO runner.inference: Model parameters: 135.22M
ALIGNED_EVAL n1 hint 272003 0 p3_s37
ALIGNED_TRAIN n1 hint 272003 128 51.477282575011486
ALIGNED_TRAIN n1 hint 272003 256 58.63393476000056
ALIGNED_EVAL n1 hint 272003 304 p3_s37
ALIGNED_TRAIN n1 hint 272003 384 67.2014551940083
ALIGNED_TRAIN n1 hint 272003 512 74.76101308001671
ALIGNED_TRAIN n1 hint 272003 640 82.30897188500967
ALIGNED_TRAIN n1 hint 272003 768 89.89425357201253
ALIGNED_TRAIN n1 hint 272003 896 97.40173994499492
ALIGNED_TRAIN n1 hint 272003 1024 104.87756677001016
ALIGNED_TRAIN n1 hint 272003 1152 112.44403008400695
ALIGNED_EVAL n1 hint 272003 1216 p3_s37
ALIGNED_TRAIN n1 hint 272003 1280 121.12715749000199
ALIGNED_TRAIN n1 hint 272003 1408 128.24244210100733
ALIGNED_TRAIN n1 hint 272003 1536 135.4852293379954
ALIGNED_TRAIN n1 hint 272003 1664 142.8057899790001
ALIGNED_TRAIN n1 hint 272003 1792 150.25824914101395
ALIGNED_TRAIN n1 hint 272003 1920 157.58121382299578
ALIGNED_TRAIN n1 hint 272003 2048 164.79498451499967
ALIGNED_TRAIN n1 hint 272003 2176 172.1972547500045
ALIGNED_TRAIN n1 hint 272003 2304 179.36843202199088
ALIGNED_TRAIN n1 hint 272003 2432 186.67715786999906
ALIGNED_TRAIN n1 hint 272003 2560 194.16838701299275
ALIGNED_TRAIN n1 hint 272003 2688 201.8070786500175
ALIGNED_TRAIN n1 hint 272003 2816 209.38508241300588
ALIGNED_TRAIN n1 hint 272003 2944 216.62862598898937
ALIGNED_TRAIN n1 hint 272003 3072 223.88576305101742
ALIGNED_TRAIN n1 hint 272003 3200 231.12528186599957
ALIGNED_TRAIN n1 hint 272003 3328 238.27082615799736
ALIGNED_TRAIN n1 hint 272003 3456 245.99198875800357
ALIGNED_TRAIN n1 hint 272003 3584 253.50006931900862
ALIGNED_TRAIN n1 hint 272003 3712 261.1212317890022
ALIGNED_TRAIN n1 hint 272003 3840 268.6297358550073
ALIGNED_TRAIN n1 hint 272003 3968 276.2404079900007
ALIGNED_TRAIN n1 hint 272003 4096 283.75089268101146
ALIGNED_EVAL n1 hint 272003 4104 p3_s37
ALIGNED_TRAIN n1 hint 272003 4224 292.55070794399944
ALIGNED_TRAIN n1 hint 272003 4352 300.09733848200995
ALIGNED_TRAIN n1 hint 272003 4480 307.7720468630141
ALIGNED_TRAIN n1 hint 272003 4608 315.28531102099805
ALIGNED_TRAIN n1 hint 272003 4736 322.8063002770068
ALIGNED_TRAIN n1 hint 272003 4864 330.3705239620176
ALIGNED_TRAIN n1 hint 272003 4992 337.58626780999475
ALIGNED_TRAIN n1 hint 272003 5120 344.6985471030057
ALIGNED_TRAIN n1 hint 272003 5248 351.84812119600247
ALIGNED_TRAIN n1 hint 272003 5376 359.2406407560047
ALIGNED_TRAIN n1 hint 272003 5504 366.6849785739905
ALIGNED_TRAIN n1 hint 272003 5632 373.91783443200984
ALIGNED_TRAIN n1 hint 272003 5760 381.4159301640175
ALIGNED_TRAIN n1 hint 272003 5888 388.5794918280153
ALIGNED_TRAIN n1 hint 272003 6016 395.7376467930153
ALIGNED_TRAIN n1 hint 272003 6144 402.85127529199235
ALIGNED_TRAIN n1 hint 272003 6272 410.04393831299967
ALIGNED_TRAIN n1 hint 272003 6400 417.24279352198937
ALIGNED_TRAIN n1 hint 272003 6528 424.3630943780008
ALIGNED_TRAIN n1 hint 272003 6656 431.5613177700143
ALIGNED_TRAIN n1 hint 272003 6784 438.73628912100685
ALIGNED_TRAIN n1 hint 272003 6912 445.85803744601435
ALIGNED_TRAIN n1 hint 272003 7040 452.99038454701076
ALIGNED_TRAIN n1 hint 272003 7168 460.16405203199247
ALIGNED_TRAIN n1 hint 272003 7296 467.2923183699895
ALIGNED_TRAIN n1 hint 272003 7424 474.46267856200575
ALIGNED_TRAIN n1 hint 272003 7552 481.618431076
ALIGNED_TRAIN n1 hint 272003 7680 488.73885694300407
ALIGNED_TRAIN n1 hint 272003 7808 496.2246715660149
ALIGNED_TRAIN n1 hint 272003 7936 503.5813006719982
ALIGNED_TRAIN n1 hint 272003 8064 511.0704704489908
ALIGNED_TRAIN n1 hint 272003 8192 518.571196534991
ALIGNED_EVAL n1 hint 272003 8208 p3_s37
