2026-10-10 01:32:27,005 [/home/pc/anaconda3/envs/fold/lib/python3.12/site-packages/runner/batch_inference.py:403] INFO runner.batch_inference: Inference by Protenix: model_size: mini, with_feature: esm, model_version: v0.5.0, dtype: bf16
2026-10-10 01:32:27,005 [/home/pc/anaconda3/envs/fold/lib/python3.12/site-packages/runner/batch_inference.py:408] INFO runner.batch_inference: Triangle_multiplicative kernel: torch, Triangle_attention kernel: torch
2026-10-10 01:32:27,006 [/home/pc/anaconda3/envs/fold/lib/python3.12/site-packages/runner/batch_inference.py:412] INFO runner.batch_inference: enable_diffusion_shared_vars_cache: True, enable_efficient_fusion: True, enable_tf32: False
2026-10-10 01:32:27,006 [/home/pc/anaconda3/envs/fold/lib/python3.12/site-packages/runner/inference.py:246] INFO runner.inference: Distributed environment: world size: 1, global rank: 0, local rank: 0
2026-10-10 01:32:27,006 [/home/pc/anaconda3/envs/fold/lib/python3.12/site-packages/runner/inference.py:98] INFO root: LOCAL_RANK: 0 - CUDA_VISIBLE_DEVICES: [0]
2026-10-10 01:32:27,006 [/home/pc/anaconda3/envs/fold/lib/python3.12/site-packages/runner/inference.py:127] INFO root: Finished environment initialization.
train scheduler 16.0
inference scheduler 16.0
Diffusion Module has 16.0
2026-10-10 01:32:43,440 [/home/pc/anaconda3/envs/fold/lib/python3.12/site-packages/runner/inference.py:246] INFO runner.inference: Loading from /data/user/shuang886/Folding/protenix_stage0_pkg/v1_1/runtime/checkpoint/protenix_mini_esm_v0.5.0.pt, strict: False
2026-10-10 01:32:43,898 [/home/pc/anaconda3/envs/fold/lib/python3.12/site-packages/runner/inference.py:246] INFO runner.inference: Sampled key: module.input_embedder.atom_attention_encoder.linear_no_bias_ref_pos.weight
2026-10-10 01:32:43,939 [/home/pc/anaconda3/envs/fold/lib/python3.12/site-packages/runner/inference.py:246] INFO runner.inference: Finish loading checkpoint.
2026-10-10 01:32:43,942 [/home/pc/anaconda3/envs/fold/lib/python3.12/site-packages/runner/inference.py:246] INFO runner.inference: Model parameters: 135.22M
ALIGNED_EVAL n1 hint 272001 0 p3_s37
ALIGNED_TRAIN n1 hint 272001 128 51.31525332399178
ALIGNED_TRAIN n1 hint 272001 256 58.595015897997655
ALIGNED_EVAL n1 hint 272001 304 p3_s37
ALIGNED_TRAIN n1 hint 272001 384 67.21505157000502
ALIGNED_TRAIN n1 hint 272001 512 74.3398028340016
ALIGNED_TRAIN n1 hint 272001 640 81.45378371799598
ALIGNED_TRAIN n1 hint 272001 768 88.54813089899835
ALIGNED_TRAIN n1 hint 272001 896 96.007763755013
ALIGNED_TRAIN n1 hint 272001 1024 103.64825486400514
ALIGNED_TRAIN n1 hint 272001 1152 110.94921666200389
ALIGNED_EVAL n1 hint 272001 1216 p3_s37
ALIGNED_TRAIN n1 hint 272001 1280 119.63682153599802
ALIGNED_TRAIN n1 hint 272001 1408 126.92864995601121
ALIGNED_TRAIN n1 hint 272001 1536 134.05113072899985
ALIGNED_TRAIN n1 hint 272001 1664 141.4320445790072
ALIGNED_TRAIN n1 hint 272001 1792 148.62591834401246
ALIGNED_TRAIN n1 hint 272001 1920 155.81125882000197
ALIGNED_TRAIN n1 hint 272001 2048 163.06498124700738
ALIGNED_TRAIN n1 hint 272001 2176 171.0082462739956
ALIGNED_TRAIN n1 hint 272001 2304 178.61145129299257
ALIGNED_TRAIN n1 hint 272001 2432 186.51252201601164
ALIGNED_TRAIN n1 hint 272001 2560 194.5826072189957
ALIGNED_TRAIN n1 hint 272001 2688 202.26677780301543
ALIGNED_TRAIN n1 hint 272001 2816 210.34217336500296
ALIGNED_TRAIN n1 hint 272001 2944 220.4520150749886
ALIGNED_TRAIN n1 hint 272001 3072 229.34613161400193
ALIGNED_TRAIN n1 hint 272001 3200 236.56963977200212
ALIGNED_TRAIN n1 hint 272001 3328 244.26604598300764
ALIGNED_TRAIN n1 hint 272001 3456 251.4111187790113
ALIGNED_TRAIN n1 hint 272001 3584 258.5732047740021
ALIGNED_TRAIN n1 hint 272001 3712 265.89515059199766
ALIGNED_TRAIN n1 hint 272001 3840 276.983844064991
ALIGNED_TRAIN n1 hint 272001 3968 286.800553270994
ALIGNED_TRAIN n1 hint 272001 4096 296.6180011370161
ALIGNED_EVAL n1 hint 272001 4104 p3_s37
ALIGNED_TRAIN n1 hint 272001 4224 309.0183601780154
ALIGNED_TRAIN n1 hint 272001 4352 319.15804703198955
ALIGNED_TRAIN n1 hint 272001 4480 327.13409689301625
ALIGNED_TRAIN n1 hint 272001 4608 334.83875438099494
ALIGNED_TRAIN n1 hint 272001 4736 342.6965490549919
ALIGNED_TRAIN n1 hint 272001 4864 350.7214939359983
ALIGNED_TRAIN n1 hint 272001 4992 359.26247729800525
ALIGNED_TRAIN n1 hint 272001 5120 366.9535150390002
ALIGNED_TRAIN n1 hint 272001 5248 374.18841660401085
ALIGNED_TRAIN n1 hint 272001 5376 381.5458659410069
ALIGNED_TRAIN n1 hint 272001 5504 388.804399331013
ALIGNED_TRAIN n1 hint 272001 5632 396.0852225389972
ALIGNED_TRAIN n1 hint 272001 5760 403.4844260039972
ALIGNED_TRAIN n1 hint 272001 5888 410.773145743995
ALIGNED_TRAIN n1 hint 272001 6016 418.17267945301137
ALIGNED_TRAIN n1 hint 272001 6144 425.6890401010169
ALIGNED_TRAIN n1 hint 272001 6272 433.06611777099897
ALIGNED_TRAIN n1 hint 272001 6400 440.30707991399686
ALIGNED_TRAIN n1 hint 272001 6528 447.65907632000744
ALIGNED_TRAIN n1 hint 272001 6656 454.98681347401
ALIGNED_TRAIN n1 hint 272001 6784 462.3294162680104
ALIGNED_TRAIN n1 hint 272001 6912 469.6210281949898
ALIGNED_TRAIN n1 hint 272001 7040 476.95402569600265
ALIGNED_TRAIN n1 hint 272001 7168 484.41093417600496
ALIGNED_TRAIN n1 hint 272001 7296 491.72452308700304
ALIGNED_TRAIN n1 hint 272001 7424 499.00691877500503
ALIGNED_TRAIN n1 hint 272001 7552 506.4267223360075
ALIGNED_TRAIN n1 hint 272001 7680 515.6319607210171
ALIGNED_TRAIN n1 hint 272001 7808 527.2851473990013
ALIGNED_TRAIN n1 hint 272001 7936 536.7326544499956
ALIGNED_TRAIN n1 hint 272001 8064 544.3723114890163
ALIGNED_TRAIN n1 hint 272001 8192 551.680731193017
ALIGNED_EVAL n1 hint 272001 8208 p3_s37
