2026-10-10 01:32:26,705 [/home/pc/anaconda3/envs/fold/lib/python3.12/site-packages/runner/batch_inference.py:403] INFO runner.batch_inference: Inference by Protenix: model_size: mini, with_feature: esm, model_version: v0.5.0, dtype: bf16
2026-10-10 01:32:26,705 [/home/pc/anaconda3/envs/fold/lib/python3.12/site-packages/runner/batch_inference.py:408] INFO runner.batch_inference: Triangle_multiplicative kernel: torch, Triangle_attention kernel: torch
2026-10-10 01:32:26,705 [/home/pc/anaconda3/envs/fold/lib/python3.12/site-packages/runner/batch_inference.py:412] INFO runner.batch_inference: enable_diffusion_shared_vars_cache: True, enable_efficient_fusion: True, enable_tf32: False
2026-10-10 01:32:26,706 [/home/pc/anaconda3/envs/fold/lib/python3.12/site-packages/runner/inference.py:246] INFO runner.inference: Distributed environment: world size: 1, global rank: 0, local rank: 0
2026-10-10 01:32:26,706 [/home/pc/anaconda3/envs/fold/lib/python3.12/site-packages/runner/inference.py:98] INFO root: LOCAL_RANK: 0 - CUDA_VISIBLE_DEVICES: [0]
2026-10-10 01:32:26,706 [/home/pc/anaconda3/envs/fold/lib/python3.12/site-packages/runner/inference.py:127] INFO root: Finished environment initialization.
train scheduler 16.0
inference scheduler 16.0
Diffusion Module has 16.0
2026-10-10 01:32:42,745 [/home/pc/anaconda3/envs/fold/lib/python3.12/site-packages/runner/inference.py:246] INFO runner.inference: Loading from /data/user/shuang886/Folding/protenix_stage0_pkg/v1_1/runtime/checkpoint/protenix_mini_esm_v0.5.0.pt, strict: False
2026-10-10 01:32:43,224 [/home/pc/anaconda3/envs/fold/lib/python3.12/site-packages/runner/inference.py:246] INFO runner.inference: Sampled key: module.input_embedder.atom_attention_encoder.linear_no_bias_ref_pos.weight
2026-10-10 01:32:43,268 [/home/pc/anaconda3/envs/fold/lib/python3.12/site-packages/runner/inference.py:246] INFO runner.inference: Finish loading checkpoint.
2026-10-10 01:32:43,271 [/home/pc/anaconda3/envs/fold/lib/python3.12/site-packages/runner/inference.py:246] INFO runner.inference: Model parameters: 135.22M
ALIGNED_EVAL n1 final 272003 0 p3_s37
ALIGNED_TRAIN n1 final 272003 128 50.52036173499073
ALIGNED_TRAIN n1 final 272003 256 57.70722604999901
ALIGNED_EVAL n1 final 272003 304 p3_s37
ALIGNED_TRAIN n1 final 272003 384 66.08767733999412
ALIGNED_TRAIN n1 final 272003 512 73.2642333219992
ALIGNED_TRAIN n1 final 272003 640 80.49387068999931
ALIGNED_TRAIN n1 final 272003 768 87.68882094899891
ALIGNED_TRAIN n1 final 272003 896 94.83260331797646
ALIGNED_TRAIN n1 final 272003 1024 101.86437095099245
ALIGNED_TRAIN n1 final 272003 1152 109.00760719299433
ALIGNED_EVAL n1 final 272003 1216 p3_s37
ALIGNED_TRAIN n1 final 272003 1280 117.48275343497517
ALIGNED_TRAIN n1 final 272003 1408 124.8407715689973
ALIGNED_TRAIN n1 final 272003 1536 131.9911356929806
ALIGNED_TRAIN n1 final 272003 1664 139.23242169999867
ALIGNED_TRAIN n1 final 272003 1792 146.55914195999503
ALIGNED_TRAIN n1 final 272003 1920 153.64924156598863
ALIGNED_TRAIN n1 final 272003 2048 160.54825639599585
ALIGNED_TRAIN n1 final 272003 2176 167.9385456960008
ALIGNED_TRAIN n1 final 272003 2304 175.187686034973
ALIGNED_TRAIN n1 final 272003 2432 182.2364215469861
ALIGNED_TRAIN n1 final 272003 2560 189.55234911799198
ALIGNED_TRAIN n1 final 272003 2688 196.85054977997788
ALIGNED_TRAIN n1 final 272003 2816 203.81226341897855
ALIGNED_TRAIN n1 final 272003 2944 210.97026774199912
ALIGNED_TRAIN n1 final 272003 3072 218.69460679398617
ALIGNED_TRAIN n1 final 272003 3200 225.97681299899705
ALIGNED_TRAIN n1 final 272003 3328 233.22734862598008
ALIGNED_TRAIN n1 final 272003 3456 240.22932725399733
ALIGNED_TRAIN n1 final 272003 3584 247.42145287699532
ALIGNED_TRAIN n1 final 272003 3712 254.56426025397377
ALIGNED_TRAIN n1 final 272003 3840 261.6983272469952
ALIGNED_TRAIN n1 final 272003 3968 268.9738759469765
ALIGNED_TRAIN n1 final 272003 4096 276.61078274998
ALIGNED_EVAL n1 final 272003 4104 p3_s37
ALIGNED_TRAIN n1 final 272003 4224 285.16118853297667
ALIGNED_TRAIN n1 final 272003 4352 292.4873864169931
ALIGNED_TRAIN n1 final 272003 4480 299.8043068499828
ALIGNED_TRAIN n1 final 272003 4608 307.0778137529851
ALIGNED_TRAIN n1 final 272003 4736 314.2129077799909
ALIGNED_TRAIN n1 final 272003 4864 321.6609765359899
ALIGNED_TRAIN n1 final 272003 4992 329.22447087199544
ALIGNED_TRAIN n1 final 272003 5120 336.6687471490004
ALIGNED_TRAIN n1 final 272003 5248 344.38174185398384
ALIGNED_TRAIN n1 final 272003 5376 351.7247618739784
ALIGNED_TRAIN n1 final 272003 5504 358.8397593619884
ALIGNED_TRAIN n1 final 272003 5632 365.87536672499846
ALIGNED_TRAIN n1 final 272003 5760 372.97802445298294
ALIGNED_TRAIN n1 final 272003 5888 380.1502294589882
ALIGNED_TRAIN n1 final 272003 6016 387.26500961298007
ALIGNED_TRAIN n1 final 272003 6144 394.48113914599526
ALIGNED_TRAIN n1 final 272003 6272 401.6693040279788
ALIGNED_TRAIN n1 final 272003 6400 408.88208441698225
ALIGNED_TRAIN n1 final 272003 6528 416.057618655992
ALIGNED_TRAIN n1 final 272003 6656 423.5238008259912
ALIGNED_TRAIN n1 final 272003 6784 431.1102173279796
ALIGNED_TRAIN n1 final 272003 6912 438.3687874079915
ALIGNED_TRAIN n1 final 272003 7040 445.582203856
ALIGNED_TRAIN n1 final 272003 7168 452.68466590097523
ALIGNED_TRAIN n1 final 272003 7296 459.8661847669864
ALIGNED_TRAIN n1 final 272003 7424 467.3842200069921
ALIGNED_TRAIN n1 final 272003 7552 474.5708092379791
ALIGNED_TRAIN n1 final 272003 7680 481.6537946619792
ALIGNED_TRAIN n1 final 272003 7808 488.7569131559867
ALIGNED_TRAIN n1 final 272003 7936 495.9789356349793
ALIGNED_TRAIN n1 final 272003 8064 503.14807959098835
ALIGNED_TRAIN n1 final 272003 8192 509.9207935509912
ALIGNED_EVAL n1 final 272003 8208 p3_s37
