2026-10-10 09:54:49,490 [/home/pc/anaconda3/envs/fold/lib/python3.12/site-packages/runner/batch_inference.py:403] INFO runner.batch_inference: Inference by Protenix: model_size: mini, with_feature: esm, model_version: v0.5.0, dtype: bf16
2026-10-10 09:54:49,490 [/home/pc/anaconda3/envs/fold/lib/python3.12/site-packages/runner/batch_inference.py:408] INFO runner.batch_inference: Triangle_multiplicative kernel: torch, Triangle_attention kernel: torch
2026-10-10 09:54:49,490 [/home/pc/anaconda3/envs/fold/lib/python3.12/site-packages/runner/batch_inference.py:412] INFO runner.batch_inference: enable_diffusion_shared_vars_cache: True, enable_efficient_fusion: True, enable_tf32: False
2026-10-10 09:54:49,491 [/home/pc/anaconda3/envs/fold/lib/python3.12/site-packages/runner/inference.py:246] INFO runner.inference: Distributed environment: world size: 1, global rank: 0, local rank: 0
2026-10-10 09:54:49,491 [/home/pc/anaconda3/envs/fold/lib/python3.12/site-packages/runner/inference.py:98] INFO root: LOCAL_RANK: 0 - CUDA_VISIBLE_DEVICES: [0]
2026-10-10 09:54:49,491 [/home/pc/anaconda3/envs/fold/lib/python3.12/site-packages/runner/inference.py:127] INFO root: Finished environment initialization.
train scheduler 16.0
inference scheduler 16.0
Diffusion Module has 16.0
2026-10-10 09:55:05,339 [/home/pc/anaconda3/envs/fold/lib/python3.12/site-packages/runner/inference.py:246] INFO runner.inference: Loading from /data/user/shuang886/Folding/protenix_stage0_pkg/v1_1/runtime/checkpoint/protenix_mini_esm_v0.5.0.pt, strict: False
2026-10-10 09:55:05,828 [/home/pc/anaconda3/envs/fold/lib/python3.12/site-packages/runner/inference.py:246] INFO runner.inference: Sampled key: module.input_embedder.atom_attention_encoder.linear_no_bias_ref_pos.weight
2026-10-10 09:55:05,872 [/home/pc/anaconda3/envs/fold/lib/python3.12/site-packages/runner/inference.py:246] INFO runner.inference: Finish loading checkpoint.
2026-10-10 09:55:05,875 [/home/pc/anaconda3/envs/fold/lib/python3.12/site-packages/runner/inference.py:246] INFO runner.inference: Model parameters: 135.22M
FULLBATCH_STATE adamw 272003 cache 0 76.28764178900747
FULLBATCH_STATE adamw 272003 evaluation 0 78.36274247901747
FULLBATCH_EVAL_SITE adamw 272003 0 p0_s48
FULLBATCH_EVAL_SITE adamw 272003 0 p0_s58
FULLBATCH_EVAL_SITE adamw 272003 0 p1_s25
FULLBATCH_EVAL_SITE adamw 272003 0 p1_s78
FULLBATCH_EVAL_SITE adamw 272003 0 p2_s30
FULLBATCH_EVAL_SITE adamw 272003 0 p2_s47
FULLBATCH_EVAL_SITE adamw 272003 0 p3_s37
FULLBATCH_EVAL_SITE adamw 272003 0 p3_s84
FULLBATCH_EVAL_SITE adamw 272003 0 p4_s2
FULLBATCH_EVAL_SITE adamw 272003 0 p4_s25
FULLBATCH_EVAL_SITE adamw 272003 0 p5_s34
FULLBATCH_EVAL_SITE adamw 272003 0 p5_s65
FULLBATCH_EVAL_SITE adamw 272003 0 p6_s10
FULLBATCH_EVAL_SITE adamw 272003 0 p6_s17
FULLBATCH_EVAL_SITE adamw 272003 0 p7_s44
FULLBATCH_EVAL_SITE adamw 272003 0 p7_s86
FULLBATCH_EVAL_SITE adamw 272003 0 p8_s101
FULLBATCH_EVAL_SITE adamw 272003 0 p8_s108
FULLBATCH_EVAL_SITE adamw 272003 0 p9_s42
FULLBATCH_EVAL_SITE adamw 272003 0 p9_s89
FULLBATCH_EVAL_SITE adamw 272003 0 p10_s45
FULLBATCH_EVAL_SITE adamw 272003 0 p10_s80
FULLBATCH_EVAL_SITE adamw 272003 0 p11_s49
FULLBATCH_EVAL_SITE adamw 272003 0 p11_s52
FULLBATCH_EVAL_SITE adamw 272003 0 p12_s11
FULLBATCH_EVAL_SITE adamw 272003 0 p12_s72
FULLBATCH_EVAL_SITE adamw 272003 0 p13_s95
FULLBATCH_EVAL_SITE adamw 272003 0 p13_s107
FULLBATCH_EVAL_SITE adamw 272003 0 p14_s6
FULLBATCH_EVAL_SITE adamw 272003 0 p14_s8
FULLBATCH_EVAL_SITE adamw 272003 0 p15_s13
FULLBATCH_EVAL_SITE adamw 272003 0 p15_s66
FULLBATCH_EVAL_SITE adamw 272003 0 p16_s5
FULLBATCH_EVAL_SITE adamw 272003 0 p16_s110
FULLBATCH_EVAL_SITE adamw 272003 0 p17_s44
FULLBATCH_EVAL_SITE adamw 272003 0 p17_s137
FULLBATCH_EVAL_SITE adamw 272003 0 p18_s13
FULLBATCH_EVAL_SITE adamw 272003 0 p18_s179
FULLBATCH_EVAL_SITE adamw 272003 0 p19_s90
FULLBATCH_EVAL_SITE adamw 272003 0 p19_s137
FULLBATCH_EVAL_SITE adamw 272003 0 p20_s100
FULLBATCH_EVAL_SITE adamw 272003 0 p20_s112
FULLBATCH_EVAL_SITE adamw 272003 0 p21_s23
FULLBATCH_EVAL_SITE adamw 272003 0 p21_s128
FULLBATCH_EVAL_SITE adamw 272003 0 p22_s25
FULLBATCH_EVAL_SITE adamw 272003 0 p22_s44
FULLBATCH_EVAL_SITE adamw 272003 0 p23_s68
FULLBATCH_EVAL_SITE adamw 272003 0 p23_s148
FULLBATCH_STATE adamw 272003 training 0 243.1715561610181
FULLBATCH_STATE adamw 272003 training 1 270.2748031830124
FULLBATCH_STATE adamw 272003 training 1 270.79482603500946
FULLBATCH_STATE adamw 272003 training 2 294.0682633340184
FULLBATCH_STATE adamw 272003 training 2 294.08988664799836
FULLBATCH_STATE adamw 272003 training 3 397.23016415402526
FULLBATCH_STATE adamw 272003 training 3 397.6361069550039
FULLBATCH_STATE adamw 272003 training 4 697.5321331550076
FULLBATCH_STATE adamw 272003 training 4 697.5576814160158
FULLBATCH_STATE adamw 272003 training 5 830.7599273190135
FULLBATCH_STATE adamw 272003 training 5 830.782919979014
FULLBATCH_STATE adamw 272003 training 6 1045.2223911650071
FULLBATCH_STATE adamw 272003 training 6 1045.246406477003
FULLBATCH_STATE adamw 272003 training 7 1195.8757946260157
FULLBATCH_STATE adamw 272003 training 7 1195.8989805080055
FULLBATCH_STATE adamw 272003 training 8 1269.9589480959985
FULLBATCH_STATE adamw 272003 training 8 1269.979628539004
FULLBATCH_STATE adamw 272003 training 9 1429.459763004008
FULLBATCH_STATE adamw 272003 training 9 1429.483701404999
FULLBATCH_STATE adamw 272003 training 10 1470.3443725010147
FULLBATCH_STATE adamw 272003 training 10 1470.365421169001
FULLBATCH_STATE adamw 272003 training 11 1517.3727325190266
FULLBATCH_STATE adamw 272003 training 11 1517.3957484690181
FULLBATCH_STATE adamw 272003 training 12 1544.2134745850053
FULLBATCH_STATE adamw 272003 training 12 1544.234100008005
FULLBATCH_STATE adamw 272003 training 13 1567.3419255910267
FULLBATCH_STATE adamw 272003 training 13 1567.3646333780198
FULLBATCH_STATE adamw 272003 training 14 1590.4216477230075
FULLBATCH_STATE adamw 272003 training 14 1590.4426233890117
FULLBATCH_STATE adamw 272003 training 15 1613.5076913500088
FULLBATCH_STATE adamw 272003 training 15 1613.5287990880024
FULLBATCH_STATE adamw 272003 training 16 1636.6334235920222
FULLBATCH_STATE adamw 272003 training 16 1636.6541161350033
FULLBATCH_STATE adamw 272003 training 17 1659.4638171039987
FULLBATCH_STATE adamw 272003 training 17 1659.4847706910223
FULLBATCH_STATE adamw 272003 training 18 1682.3904986380076
FULLBATCH_STATE adamw 272003 training 18 1682.4138844730041
FULLBATCH_STATE adamw 272003 training 19 1710.5093046360125
FULLBATCH_STATE adamw 272003 training 19 1710.530814879021
FULLBATCH_STATE adamw 272003 training 20 1741.1549226630013
FULLBATCH_STATE adamw 272003 training 20 1741.1779181130114
FULLBATCH_STATE adamw 272003 training 21 1764.120396143
FULLBATCH_STATE adamw 272003 training 21 1764.1420508170268
FULLBATCH_STATE adamw 272003 training 22 1787.0266125060152
FULLBATCH_STATE adamw 272003 training 22 1787.048387192015
FULLBATCH_STATE adamw 272003 training 23 1812.9567871300096
FULLBATCH_STATE adamw 272003 training 23 1812.9787846289983
FULLBATCH_STATE adamw 272003 training 24 1847.5412085600256
FULLBATCH_STATE adamw 272003 training 24 1847.5624459600076
FULLBATCH_STATE adamw 272003 training 25 1870.439517751016
FULLBATCH_STATE adamw 272003 training 25 1870.4610614039993
FULLBATCH_STATE adamw 272003 training 26 1896.2184001870046
FULLBATCH_STATE adamw 272003 training 26 1896.24029316401
FULLBATCH_STATE adamw 272003 training 27 1919.4770340930263
FULLBATCH_STATE adamw 272003 training 27 1919.4984634139983
FULLBATCH_STATE adamw 272003 training 28 1946.6238330460037
FULLBATCH_STATE adamw 272003 training 28 1946.644933574018
FULLBATCH_STATE adamw 272003 training 29 1969.638354102004
FULLBATCH_STATE adamw 272003 training 29 1969.6605451830255
FULLBATCH_STATE adamw 272003 training 30 1992.5856462490046
FULLBATCH_STATE adamw 272003 training 30 1992.6065356540203
FULLBATCH_STATE adamw 272003 training 31 2015.6549436690111
FULLBATCH_STATE adamw 272003 training 31 2015.6757381530188
FULLBATCH_STATE adamw 272003 training 32 2041.8540844050003
FULLBATCH_STATE adamw 272003 training 32 2041.8750249400036
FULLBATCH_STATE adamw 272003 evaluation 32 2041.8762131450057
FULLBATCH_EVAL_SITE adamw 272003 32 p0_s48
FULLBATCH_EVAL_SITE adamw 272003 32 p0_s58
FULLBATCH_EVAL_SITE adamw 272003 32 p1_s25
FULLBATCH_EVAL_SITE adamw 272003 32 p1_s78
FULLBATCH_EVAL_SITE adamw 272003 32 p2_s30
FULLBATCH_EVAL_SITE adamw 272003 32 p2_s47
FULLBATCH_EVAL_SITE adamw 272003 32 p3_s37
FULLBATCH_EVAL_SITE adamw 272003 32 p3_s84
FULLBATCH_EVAL_SITE adamw 272003 32 p4_s2
FULLBATCH_EVAL_SITE adamw 272003 32 p4_s25
FULLBATCH_EVAL_SITE adamw 272003 32 p5_s34
FULLBATCH_EVAL_SITE adamw 272003 32 p5_s65
FULLBATCH_EVAL_SITE adamw 272003 32 p6_s10
FULLBATCH_EVAL_SITE adamw 272003 32 p6_s17
FULLBATCH_EVAL_SITE adamw 272003 32 p7_s44
FULLBATCH_EVAL_SITE adamw 272003 32 p7_s86
FULLBATCH_EVAL_SITE adamw 272003 32 p8_s101
FULLBATCH_EVAL_SITE adamw 272003 32 p8_s108
FULLBATCH_EVAL_SITE adamw 272003 32 p9_s42
FULLBATCH_EVAL_SITE adamw 272003 32 p9_s89
FULLBATCH_EVAL_SITE adamw 272003 32 p10_s45
FULLBATCH_EVAL_SITE adamw 272003 32 p10_s80
FULLBATCH_EVAL_SITE adamw 272003 32 p11_s49
FULLBATCH_EVAL_SITE adamw 272003 32 p11_s52
FULLBATCH_EVAL_SITE adamw 272003 32 p12_s11
FULLBATCH_EVAL_SITE adamw 272003 32 p12_s72
FULLBATCH_EVAL_SITE adamw 272003 32 p13_s95
FULLBATCH_EVAL_SITE adamw 272003 32 p13_s107
FULLBATCH_EVAL_SITE adamw 272003 32 p14_s6
FULLBATCH_EVAL_SITE adamw 272003 32 p14_s8
FULLBATCH_EVAL_SITE adamw 272003 32 p15_s13
FULLBATCH_EVAL_SITE adamw 272003 32 p15_s66
FULLBATCH_EVAL_SITE adamw 272003 32 p16_s5
FULLBATCH_EVAL_SITE adamw 272003 32 p16_s110
FULLBATCH_EVAL_SITE adamw 272003 32 p17_s44
FULLBATCH_EVAL_SITE adamw 272003 32 p17_s137
FULLBATCH_EVAL_SITE adamw 272003 32 p18_s13
FULLBATCH_EVAL_SITE adamw 272003 32 p18_s179
FULLBATCH_EVAL_SITE adamw 272003 32 p19_s90
FULLBATCH_EVAL_SITE adamw 272003 32 p19_s137
FULLBATCH_EVAL_SITE adamw 272003 32 p20_s100
FULLBATCH_EVAL_SITE adamw 272003 32 p20_s112
FULLBATCH_EVAL_SITE adamw 272003 32 p21_s23
FULLBATCH_EVAL_SITE adamw 272003 32 p21_s128
FULLBATCH_EVAL_SITE adamw 272003 32 p22_s25
FULLBATCH_EVAL_SITE adamw 272003 32 p22_s44
FULLBATCH_EVAL_SITE adamw 272003 32 p23_s68
FULLBATCH_EVAL_SITE adamw 272003 32 p23_s148
FULLBATCH_STATE adamw 272003 training 32 2111.8186709470174
FULLBATCH_STATE adamw 272003 training 33 2134.875101826008
FULLBATCH_STATE adamw 272003 training 33 2134.895559606026
FULLBATCH_STATE adamw 272003 training 34 2157.872776814009
FULLBATCH_STATE adamw 272003 training 34 2157.895276548021
FULLBATCH_STATE adamw 272003 training 35 2180.667872340011
FULLBATCH_STATE adamw 272003 training 35 2180.690349225013
FULLBATCH_STATE adamw 272003 training 36 2206.299130142026
FULLBATCH_STATE adamw 272003 training 36 2206.3204088720086
FULLBATCH_STATE adamw 272003 training 37 2232.9265380210127
FULLBATCH_STATE adamw 272003 training 37 2232.9474540270166
FULLBATCH_STATE adamw 272003 training 38 2259.819395640021
FULLBATCH_STATE adamw 272003 training 38 2259.8402703160245
FULLBATCH_STATE adamw 272003 training 39 2283.4972078120045
FULLBATCH_STATE adamw 272003 training 39 2283.5180837680236
FULLBATCH_STATE adamw 272003 training 40 2306.449445076025
FULLBATCH_STATE adamw 272003 training 40 2306.4704597730015
FULLBATCH_STATE adamw 272003 training 41 2329.293197545019
FULLBATCH_STATE adamw 272003 training 41 2329.3136617760174
FULLBATCH_STATE adamw 272003 training 42 2356.693228045013
FULLBATCH_STATE adamw 272003 training 42 2356.7144798750232
FULLBATCH_STATE adamw 272003 training 43 2379.5895338020055
FULLBATCH_STATE adamw 272003 training 43 2379.6100860840234
FULLBATCH_STATE adamw 272003 training 44 2404.8490531640127
FULLBATCH_STATE adamw 272003 training 44 2404.8709377310006
FULLBATCH_STATE adamw 272003 training 45 2431.7778139250004
FULLBATCH_STATE adamw 272003 training 45 2431.8478703090223
FULLBATCH_STATE adamw 272003 training 46 2455.9891409580014
FULLBATCH_STATE adamw 272003 training 46 2456.0098518910236
FULLBATCH_STATE adamw 272003 training 47 2478.8610097570054
FULLBATCH_STATE adamw 272003 training 47 2478.881909643009
FULLBATCH_STATE adamw 272003 training 48 2501.788312078017
FULLBATCH_STATE adamw 272003 training 48 2501.8096281290054
FULLBATCH_STATE adamw 272003 training 49 2525.9848640570126
FULLBATCH_STATE adamw 272003 training 49 2526.006262798008
FULLBATCH_STATE adamw 272003 training 50 2549.6600539280043
FULLBATCH_STATE adamw 272003 training 50 2549.680914083001
FULLBATCH_STATE adamw 272003 training 51 2573.3339703440142
FULLBATCH_STATE adamw 272003 training 51 2573.354698558018
FULLBATCH_STATE adamw 272003 training 52 2599.7238936220238
FULLBATCH_STATE adamw 272003 training 52 2599.745128052018
FULLBATCH_STATE adamw 272003 training 53 2622.652630710014
FULLBATCH_STATE adamw 272003 training 53 2622.673550756008
FULLBATCH_STATE adamw 272003 training 54 2648.3863836960227
FULLBATCH_STATE adamw 272003 training 54 2648.4089380310033
FULLBATCH_STATE adamw 272003 training 55 2675.4358666260086
FULLBATCH_STATE adamw 272003 training 55 2675.457083746005
FULLBATCH_STATE adamw 272003 training 56 2702.789336958027
FULLBATCH_STATE adamw 272003 training 56 2702.810249344009
FULLBATCH_STATE adamw 272003 training 57 2729.022712836013
FULLBATCH_STATE adamw 272003 training 57 2729.044485142018
FULLBATCH_STATE adamw 272003 training 58 2755.573018619005
FULLBATCH_STATE adamw 272003 training 58 2755.594052727014
FULLBATCH_STATE adamw 272003 training 59 2780.5314693030086
FULLBATCH_STATE adamw 272003 training 59 2780.5524848300265
FULLBATCH_STATE adamw 272003 training 60 2803.4270905209996
FULLBATCH_STATE adamw 272003 training 60 2803.447761274001
FULLBATCH_STATE adamw 272003 training 61 2826.280488894001
FULLBATCH_STATE adamw 272003 training 61 2826.3009015530115
FULLBATCH_STATE adamw 272003 training 62 2851.4084446800116
FULLBATCH_STATE adamw 272003 training 62 2851.430381878017
FULLBATCH_STATE adamw 272003 training 63 2878.952188998024
FULLBATCH_STATE adamw 272003 training 63 2879.0127098690136
FULLBATCH_STATE adamw 272003 training 64 2903.3214575770253
FULLBATCH_STATE adamw 272003 training 64 2903.3420717090194
FULLBATCH_STATE adamw 272003 training 65 2928.9863959940267
FULLBATCH_STATE adamw 272003 training 65 2929.0078925770067
FULLBATCH_STATE adamw 272003 training 66 2952.698052834021
FULLBATCH_STATE adamw 272003 training 66 2952.718161460012
FULLBATCH_STATE adamw 272003 training 67 2976.1197475460067
FULLBATCH_STATE adamw 272003 training 67 2976.141033876018
FULLBATCH_STATE adamw 272003 training 68 3001.4789900900214
FULLBATCH_STATE adamw 272003 training 68 3001.4994688100123
FULLBATCH_STATE adamw 272003 training 69 3024.277993743017
FULLBATCH_STATE adamw 272003 training 69 3024.2989279990143
FULLBATCH_STATE adamw 272003 training 70 3050.701132082002
FULLBATCH_STATE adamw 272003 training 70 3050.7231516210013
FULLBATCH_STATE adamw 272003 training 71 3075.8252145920123
FULLBATCH_STATE adamw 272003 training 71 3075.8479711200052
FULLBATCH_STATE adamw 272003 training 72 3103.310567665001
FULLBATCH_STATE adamw 272003 training 72 3103.334030951024
FULLBATCH_STATE adamw 272003 training 73 3130.1136394790083
FULLBATCH_STATE adamw 272003 training 73 3130.135058341024
FULLBATCH_STATE adamw 272003 training 74 3154.641032976011
FULLBATCH_STATE adamw 272003 training 74 3154.6622622249997
FULLBATCH_STATE adamw 272003 training 75 3178.7261968850216
FULLBATCH_STATE adamw 272003 training 75 3178.7465495850192
FULLBATCH_STATE adamw 272003 training 76 3201.813378615014
FULLBATCH_STATE adamw 272003 training 76 3201.834164950007
FULLBATCH_STATE adamw 272003 training 77 3226.677948786004
FULLBATCH_STATE adamw 272003 training 77 3226.700279408018
FULLBATCH_STATE adamw 272003 training 78 3252.6024060130003
FULLBATCH_STATE adamw 272003 training 78 3252.6231857870007
FULLBATCH_STATE adamw 272003 training 79 3278.801973394002
FULLBATCH_STATE adamw 272003 training 79 3278.8815597490175
FULLBATCH_STATE adamw 272003 training 80 3304.488260252023
FULLBATCH_STATE adamw 272003 training 80 3304.509363680001
FULLBATCH_STATE adamw 272003 training 81 3327.4522882940073
FULLBATCH_STATE adamw 272003 training 81 3327.472905047005
FULLBATCH_STATE adamw 272003 training 82 3350.972106699017
FULLBATCH_STATE adamw 272003 training 82 3350.9933510490227
FULLBATCH_STATE adamw 272003 training 83 3377.6260821510223
FULLBATCH_STATE adamw 272003 training 83 3377.6473658510076
FULLBATCH_STATE adamw 272003 training 84 3403.0998764910037
FULLBATCH_STATE adamw 272003 training 84 3403.121640917001
FULLBATCH_STATE adamw 272003 training 85 3429.261552467011
FULLBATCH_STATE adamw 272003 training 85 3429.2820449270075
FULLBATCH_STATE adamw 272003 training 86 3454.8542856850254
FULLBATCH_STATE adamw 272003 training 86 3454.8751340000017
FULLBATCH_STATE adamw 272003 training 87 3477.84738306902
FULLBATCH_STATE adamw 272003 training 87 3477.867941171018
FULLBATCH_STATE adamw 272003 training 88 3503.608371715003
FULLBATCH_STATE adamw 272003 training 88 3503.629159480013
FULLBATCH_STATE adamw 272003 training 89 3530.2791981350165
FULLBATCH_STATE adamw 272003 training 89 3530.3020201030013
FULLBATCH_STATE adamw 272003 training 90 3553.5134517230035
FULLBATCH_STATE adamw 272003 training 90 3553.534537311003
FULLBATCH_STATE adamw 272003 training 91 3579.9749937430024
FULLBATCH_STATE adamw 272003 training 91 3579.9981929060013
FULLBATCH_STATE adamw 272003 training 92 3602.9125489750004
FULLBATCH_STATE adamw 272003 training 92 3602.9351369299984
FULLBATCH_STATE adamw 272003 training 93 3626.0263648280234
FULLBATCH_STATE adamw 272003 training 93 3626.0478206900007
FULLBATCH_STATE adamw 272003 training 94 3650.219268724002
FULLBATCH_STATE adamw 272003 training 94 3650.2398300660134
FULLBATCH_STATE adamw 272003 training 95 3675.2662269280117
FULLBATCH_STATE adamw 272003 training 95 3675.2874580870266
FULLBATCH_STATE adamw 272003 training 96 3700.131018961023
FULLBATCH_STATE adamw 272003 training 96 3700.15188474601
FULLBATCH_STATE adamw 272003 training 97 3723.0980270080036
FULLBATCH_STATE adamw 272003 training 97 3723.118885683012
FULLBATCH_STATE adamw 272003 training 98 3746.778373230016
FULLBATCH_STATE adamw 272003 training 98 3746.799249445001
FULLBATCH_STATE adamw 272003 training 99 3797.344528148009
FULLBATCH_STATE adamw 272003 training 99 3797.36575750701
FULLBATCH_STATE adamw 272003 training 100 3824.881410036003
FULLBATCH_STATE adamw 272003 training 100 3824.9045408079983
FULLBATCH_STATE adamw 272003 training 101 3850.1127939180005
FULLBATCH_STATE adamw 272003 training 101 3850.134563534026
FULLBATCH_STATE adamw 272003 training 102 3873.5040537720197
FULLBATCH_STATE adamw 272003 training 102 3873.5255009140237
FULLBATCH_STATE adamw 272003 training 103 3897.8340865700156
FULLBATCH_STATE adamw 272003 training 103 3897.8565441840037
FULLBATCH_STATE adamw 272003 training 104 3924.130589640001
FULLBATCH_STATE adamw 272003 training 104 3924.153411748004
FULLBATCH_STATE adamw 272003 training 105 3947.6329549090005
FULLBATCH_STATE adamw 272003 training 105 3947.653712563013
FULLBATCH_STATE adamw 272003 training 106 3976.1287233680196
FULLBATCH_STATE adamw 272003 training 106 3976.150349292002
FULLBATCH_STATE adamw 272003 training 107 4003.2572942280094
FULLBATCH_STATE adamw 272003 training 107 4003.278771890007
FULLBATCH_STATE adamw 272003 training 108 4027.999088244018
FULLBATCH_STATE adamw 272003 training 108 4028.0206153980107
FULLBATCH_STATE adamw 272003 training 109 4050.9417375060148
FULLBATCH_STATE adamw 272003 training 109 4050.9623945190106
FULLBATCH_STATE adamw 272003 training 110 4073.9491599190223
FULLBATCH_STATE adamw 272003 training 110 4073.9698101810063
FULLBATCH_STATE adamw 272003 training 111 4099.7868615460175
FULLBATCH_STATE adamw 272003 training 111 4099.8092662499985
FULLBATCH_STATE adamw 272003 training 112 4125.970642050001
FULLBATCH_STATE adamw 272003 training 112 4125.991884150018
FULLBATCH_STATE adamw 272003 training 113 4154.410388081014
FULLBATCH_STATE adamw 272003 training 113 4154.431734341022
FULLBATCH_STATE adamw 272003 training 114 4179.834776360018
FULLBATCH_STATE adamw 272003 training 114 4179.856876480015
FULLBATCH_STATE adamw 272003 training 115 4202.810415630025
FULLBATCH_STATE adamw 272003 training 115 4202.832729652
FULLBATCH_STATE adamw 272003 training 116 4228.626690806006
FULLBATCH_STATE adamw 272003 training 116 4228.6496906560205
FULLBATCH_STATE adamw 272003 training 117 4256.203169920016
FULLBATCH_STATE adamw 272003 training 117 4256.224808544008
FULLBATCH_STATE adamw 272003 training 118 4283.4432002390095
FULLBATCH_STATE adamw 272003 training 118 4283.465863286023
FULLBATCH_STATE adamw 272003 training 119 4308.410410246026
FULLBATCH_STATE adamw 272003 training 119 4308.431552815018
FULLBATCH_STATE adamw 272003 training 120 4331.385995424003
FULLBATCH_STATE adamw 272003 training 120 4331.408804592007
FULLBATCH_STATE adamw 272003 training 121 4354.438192593021
FULLBATCH_STATE adamw 272003 training 121 4354.459420963016
FULLBATCH_STATE adamw 272003 training 122 4380.74388037101
FULLBATCH_STATE adamw 272003 training 122 4380.765969291009
FULLBATCH_STATE adamw 272003 training 123 4406.8890327929985
FULLBATCH_STATE adamw 272003 training 123 4406.909517714026
FULLBATCH_STATE adamw 272003 training 124 4429.996875516023
FULLBATCH_STATE adamw 272003 training 124 4430.018252827023
FULLBATCH_STATE adamw 272003 training 125 4453.3962574540055
FULLBATCH_STATE adamw 272003 training 125 4453.417163639999
FULLBATCH_STATE adamw 272003 training 126 4478.913337443024
FULLBATCH_STATE adamw 272003 training 126 4478.93481971501
FULLBATCH_STATE adamw 272003 training 127 4503.517615144025
FULLBATCH_STATE adamw 272003 training 127 4503.538917284022
FULLBATCH_STATE adamw 272003 training 128 4530.3697438140225
FULLBATCH_STATE adamw 272003 training 128 4530.391515180003
FULLBATCH_STATE adamw 272003 evaluation 128 4530.392690484005
FULLBATCH_EVAL_SITE adamw 272003 128 p0_s48
FULLBATCH_EVAL_SITE adamw 272003 128 p0_s58
FULLBATCH_EVAL_SITE adamw 272003 128 p1_s25
FULLBATCH_EVAL_SITE adamw 272003 128 p1_s78
FULLBATCH_EVAL_SITE adamw 272003 128 p2_s30
FULLBATCH_EVAL_SITE adamw 272003 128 p2_s47
FULLBATCH_EVAL_SITE adamw 272003 128 p3_s37
FULLBATCH_EVAL_SITE adamw 272003 128 p3_s84
FULLBATCH_EVAL_SITE adamw 272003 128 p4_s2
FULLBATCH_EVAL_SITE adamw 272003 128 p4_s25
FULLBATCH_EVAL_SITE adamw 272003 128 p5_s34
FULLBATCH_EVAL_SITE adamw 272003 128 p5_s65
FULLBATCH_EVAL_SITE adamw 272003 128 p6_s10
FULLBATCH_EVAL_SITE adamw 272003 128 p6_s17
FULLBATCH_EVAL_SITE adamw 272003 128 p7_s44
FULLBATCH_EVAL_SITE adamw 272003 128 p7_s86
FULLBATCH_EVAL_SITE adamw 272003 128 p8_s101
FULLBATCH_EVAL_SITE adamw 272003 128 p8_s108
FULLBATCH_EVAL_SITE adamw 272003 128 p9_s42
FULLBATCH_EVAL_SITE adamw 272003 128 p9_s89
FULLBATCH_EVAL_SITE adamw 272003 128 p10_s45
FULLBATCH_EVAL_SITE adamw 272003 128 p10_s80
FULLBATCH_EVAL_SITE adamw 272003 128 p11_s49
FULLBATCH_EVAL_SITE adamw 272003 128 p11_s52
FULLBATCH_EVAL_SITE adamw 272003 128 p12_s11
FULLBATCH_EVAL_SITE adamw 272003 128 p12_s72
FULLBATCH_EVAL_SITE adamw 272003 128 p13_s95
FULLBATCH_EVAL_SITE adamw 272003 128 p13_s107
FULLBATCH_EVAL_SITE adamw 272003 128 p14_s6
FULLBATCH_EVAL_SITE adamw 272003 128 p14_s8
FULLBATCH_EVAL_SITE adamw 272003 128 p15_s13
FULLBATCH_EVAL_SITE adamw 272003 128 p15_s66
FULLBATCH_EVAL_SITE adamw 272003 128 p16_s5
FULLBATCH_EVAL_SITE adamw 272003 128 p16_s110
FULLBATCH_EVAL_SITE adamw 272003 128 p17_s44
FULLBATCH_EVAL_SITE adamw 272003 128 p17_s137
FULLBATCH_EVAL_SITE adamw 272003 128 p18_s13
FULLBATCH_EVAL_SITE adamw 272003 128 p18_s179
FULLBATCH_EVAL_SITE adamw 272003 128 p19_s90
FULLBATCH_EVAL_SITE adamw 272003 128 p19_s137
FULLBATCH_EVAL_SITE adamw 272003 128 p20_s100
FULLBATCH_EVAL_SITE adamw 272003 128 p20_s112
FULLBATCH_EVAL_SITE adamw 272003 128 p21_s23
FULLBATCH_EVAL_SITE adamw 272003 128 p21_s128
FULLBATCH_EVAL_SITE adamw 272003 128 p22_s25
FULLBATCH_EVAL_SITE adamw 272003 128 p22_s44
FULLBATCH_EVAL_SITE adamw 272003 128 p23_s68
FULLBATCH_EVAL_SITE adamw 272003 128 p23_s148
FULLBATCH_STATE adamw 272003 training 128 4647.597040929017
FULLBATCH_STATE adamw 272003 complete 128 4654.08376246001
