2026-10-10 09:54:49,441 [/home/pc/anaconda3/envs/fold/lib/python3.12/site-packages/runner/batch_inference.py:403] INFO runner.batch_inference: Inference by Protenix: model_size: mini, with_feature: esm, model_version: v0.5.0, dtype: bf16
2026-10-10 09:54:49,442 [/home/pc/anaconda3/envs/fold/lib/python3.12/site-packages/runner/batch_inference.py:408] INFO runner.batch_inference: Triangle_multiplicative kernel: torch, Triangle_attention kernel: torch
2026-10-10 09:54:49,442 [/home/pc/anaconda3/envs/fold/lib/python3.12/site-packages/runner/batch_inference.py:412] INFO runner.batch_inference: enable_diffusion_shared_vars_cache: True, enable_efficient_fusion: True, enable_tf32: False
2026-10-10 09:54:49,442 [/home/pc/anaconda3/envs/fold/lib/python3.12/site-packages/runner/inference.py:246] INFO runner.inference: Distributed environment: world size: 1, global rank: 0, local rank: 0
2026-10-10 09:54:49,442 [/home/pc/anaconda3/envs/fold/lib/python3.12/site-packages/runner/inference.py:98] INFO root: LOCAL_RANK: 0 - CUDA_VISIBLE_DEVICES: [0]
2026-10-10 09:54:49,443 [/home/pc/anaconda3/envs/fold/lib/python3.12/site-packages/runner/inference.py:127] INFO root: Finished environment initialization.
train scheduler 16.0
inference scheduler 16.0
Diffusion Module has 16.0
2026-10-10 09:55:05,298 [/home/pc/anaconda3/envs/fold/lib/python3.12/site-packages/runner/inference.py:246] INFO runner.inference: Loading from /data/user/shuang886/Folding/protenix_stage0_pkg/v1_1/runtime/checkpoint/protenix_mini_esm_v0.5.0.pt, strict: False
2026-10-10 09:55:05,774 [/home/pc/anaconda3/envs/fold/lib/python3.12/site-packages/runner/inference.py:246] INFO runner.inference: Sampled key: module.input_embedder.atom_attention_encoder.linear_no_bias_ref_pos.weight
2026-10-10 09:55:05,816 [/home/pc/anaconda3/envs/fold/lib/python3.12/site-packages/runner/inference.py:246] INFO runner.inference: Finish loading checkpoint.
2026-10-10 09:55:05,819 [/home/pc/anaconda3/envs/fold/lib/python3.12/site-packages/runner/inference.py:246] INFO runner.inference: Model parameters: 135.22M
FULLBATCH_STATE lbfgs 272003 cache 0 76.14137682999717
FULLBATCH_STATE lbfgs 272003 evaluation 0 78.18335744997603
FULLBATCH_EVAL_SITE lbfgs 272003 0 p0_s48
FULLBATCH_EVAL_SITE lbfgs 272003 0 p0_s58
FULLBATCH_EVAL_SITE lbfgs 272003 0 p1_s25
FULLBATCH_EVAL_SITE lbfgs 272003 0 p1_s78
FULLBATCH_EVAL_SITE lbfgs 272003 0 p2_s30
FULLBATCH_EVAL_SITE lbfgs 272003 0 p2_s47
FULLBATCH_EVAL_SITE lbfgs 272003 0 p3_s37
FULLBATCH_EVAL_SITE lbfgs 272003 0 p3_s84
FULLBATCH_EVAL_SITE lbfgs 272003 0 p4_s2
FULLBATCH_EVAL_SITE lbfgs 272003 0 p4_s25
FULLBATCH_EVAL_SITE lbfgs 272003 0 p5_s34
FULLBATCH_EVAL_SITE lbfgs 272003 0 p5_s65
FULLBATCH_EVAL_SITE lbfgs 272003 0 p6_s10
FULLBATCH_EVAL_SITE lbfgs 272003 0 p6_s17
FULLBATCH_EVAL_SITE lbfgs 272003 0 p7_s44
FULLBATCH_EVAL_SITE lbfgs 272003 0 p7_s86
FULLBATCH_EVAL_SITE lbfgs 272003 0 p8_s101
FULLBATCH_EVAL_SITE lbfgs 272003 0 p8_s108
FULLBATCH_EVAL_SITE lbfgs 272003 0 p9_s42
FULLBATCH_EVAL_SITE lbfgs 272003 0 p9_s89
FULLBATCH_EVAL_SITE lbfgs 272003 0 p10_s45
FULLBATCH_EVAL_SITE lbfgs 272003 0 p10_s80
FULLBATCH_EVAL_SITE lbfgs 272003 0 p11_s49
FULLBATCH_EVAL_SITE lbfgs 272003 0 p11_s52
FULLBATCH_EVAL_SITE lbfgs 272003 0 p12_s11
FULLBATCH_EVAL_SITE lbfgs 272003 0 p12_s72
FULLBATCH_EVAL_SITE lbfgs 272003 0 p13_s95
FULLBATCH_EVAL_SITE lbfgs 272003 0 p13_s107
FULLBATCH_EVAL_SITE lbfgs 272003 0 p14_s6
FULLBATCH_EVAL_SITE lbfgs 272003 0 p14_s8
FULLBATCH_EVAL_SITE lbfgs 272003 0 p15_s13
FULLBATCH_EVAL_SITE lbfgs 272003 0 p15_s66
FULLBATCH_EVAL_SITE lbfgs 272003 0 p16_s5
FULLBATCH_EVAL_SITE lbfgs 272003 0 p16_s110
FULLBATCH_EVAL_SITE lbfgs 272003 0 p17_s44
FULLBATCH_EVAL_SITE lbfgs 272003 0 p17_s137
FULLBATCH_EVAL_SITE lbfgs 272003 0 p18_s13
FULLBATCH_EVAL_SITE lbfgs 272003 0 p18_s179
FULLBATCH_EVAL_SITE lbfgs 272003 0 p19_s90
FULLBATCH_EVAL_SITE lbfgs 272003 0 p19_s137
FULLBATCH_EVAL_SITE lbfgs 272003 0 p20_s100
FULLBATCH_EVAL_SITE lbfgs 272003 0 p20_s112
FULLBATCH_EVAL_SITE lbfgs 272003 0 p21_s23
FULLBATCH_EVAL_SITE lbfgs 272003 0 p21_s128
FULLBATCH_EVAL_SITE lbfgs 272003 0 p22_s25
FULLBATCH_EVAL_SITE lbfgs 272003 0 p22_s44
FULLBATCH_EVAL_SITE lbfgs 272003 0 p23_s68
FULLBATCH_EVAL_SITE lbfgs 272003 0 p23_s148
FULLBATCH_STATE lbfgs 272003 training 0 234.7823179589759
FULLBATCH_STATE lbfgs 272003 training 1 263.49408652697457
FULLBATCH_STATE lbfgs 272003 training 2 289.64694732800126
FULLBATCH_STATE lbfgs 272003 training 3 316.4044495759881
FULLBATCH_STATE lbfgs 272003 training 3 316.42725887399865
FULLBATCH_STATE lbfgs 272003 training 4 343.17222381499596
FULLBATCH_STATE lbfgs 272003 training 5 370.047227033996
FULLBATCH_STATE lbfgs 272003 training 6 397.0043916289869
FULLBATCH_STATE lbfgs 272003 training 6 397.02488297998207
FULLBATCH_STATE lbfgs 272003 training 7 421.02464957599295
FULLBATCH_STATE lbfgs 272003 training 8 445.12594725500094
FULLBATCH_STATE lbfgs 272003 training 8 445.1509950699983
FULLBATCH_STATE lbfgs 272003 training 9 471.45140789597644
FULLBATCH_STATE lbfgs 272003 training 10 499.9318429539853
FULLBATCH_STATE lbfgs 272003 training 10 499.95707261998905
FULLBATCH_STATE lbfgs 272003 training 11 525.5122705179965
FULLBATCH_STATE lbfgs 272003 training 12 549.8503526699787
FULLBATCH_STATE lbfgs 272003 training 12 549.8725060309807
FULLBATCH_STATE lbfgs 272003 training 13 575.5510626070027
FULLBATCH_STATE lbfgs 272003 training 14 598.5806486299844
FULLBATCH_STATE lbfgs 272003 training 14 598.6077434189792
FULLBATCH_STATE lbfgs 272003 training 15 623.7858199740003
FULLBATCH_STATE lbfgs 272003 training 16 651.0355192069837
FULLBATCH_STATE lbfgs 272003 training 16 651.0573248329747
FULLBATCH_STATE lbfgs 272003 training 17 674.3771913679957
FULLBATCH_STATE lbfgs 272003 training 18 698.3634802059969
FULLBATCH_STATE lbfgs 272003 training 18 698.3849539779767
FULLBATCH_STATE lbfgs 272003 training 19 725.537232615985
FULLBATCH_STATE lbfgs 272003 training 20 752.589220365975
FULLBATCH_STATE lbfgs 272003 training 20 752.6594391819963
FULLBATCH_STATE lbfgs 272003 training 21 779.0424590579933
FULLBATCH_STATE lbfgs 272003 training 22 807.2593105289852
FULLBATCH_STATE lbfgs 272003 training 22 807.2815680999774
FULLBATCH_STATE lbfgs 272003 training 23 834.065701532003
FULLBATCH_STATE lbfgs 272003 training 24 860.0269398519886
FULLBATCH_STATE lbfgs 272003 training 24 860.0493116139842
FULLBATCH_STATE lbfgs 272003 training 25 883.3724567079917
FULLBATCH_STATE lbfgs 272003 training 26 907.9341277979838
FULLBATCH_STATE lbfgs 272003 training 26 907.9552302859956
FULLBATCH_STATE lbfgs 272003 training 27 932.7465967559838
FULLBATCH_STATE lbfgs 272003 training 28 958.0029921209789
FULLBATCH_STATE lbfgs 272003 training 28 958.0839423220023
FULLBATCH_STATE lbfgs 272003 training 29 984.2477629929781
FULLBATCH_STATE lbfgs 272003 training 30 1007.3789915509988
FULLBATCH_STATE lbfgs 272003 training 30 1007.3997896349756
FULLBATCH_STATE lbfgs 272003 training 31 1030.844593707996
FULLBATCH_STATE lbfgs 272003 training 32 1056.629548265977
FULLBATCH_STATE lbfgs 272003 training 32 1056.6516201649792
FULLBATCH_STATE lbfgs 272003 evaluation 32 1056.6528951799846
FULLBATCH_EVAL_SITE lbfgs 272003 32 p0_s48
FULLBATCH_EVAL_SITE lbfgs 272003 32 p0_s58
FULLBATCH_EVAL_SITE lbfgs 272003 32 p1_s25
FULLBATCH_EVAL_SITE lbfgs 272003 32 p1_s78
FULLBATCH_EVAL_SITE lbfgs 272003 32 p2_s30
FULLBATCH_EVAL_SITE lbfgs 272003 32 p2_s47
FULLBATCH_EVAL_SITE lbfgs 272003 32 p3_s37
FULLBATCH_EVAL_SITE lbfgs 272003 32 p3_s84
FULLBATCH_EVAL_SITE lbfgs 272003 32 p4_s2
FULLBATCH_EVAL_SITE lbfgs 272003 32 p4_s25
FULLBATCH_EVAL_SITE lbfgs 272003 32 p5_s34
FULLBATCH_EVAL_SITE lbfgs 272003 32 p5_s65
FULLBATCH_EVAL_SITE lbfgs 272003 32 p6_s10
FULLBATCH_EVAL_SITE lbfgs 272003 32 p6_s17
FULLBATCH_EVAL_SITE lbfgs 272003 32 p7_s44
FULLBATCH_EVAL_SITE lbfgs 272003 32 p7_s86
FULLBATCH_EVAL_SITE lbfgs 272003 32 p8_s101
FULLBATCH_EVAL_SITE lbfgs 272003 32 p8_s108
FULLBATCH_EVAL_SITE lbfgs 272003 32 p9_s42
FULLBATCH_EVAL_SITE lbfgs 272003 32 p9_s89
FULLBATCH_EVAL_SITE lbfgs 272003 32 p10_s45
FULLBATCH_EVAL_SITE lbfgs 272003 32 p10_s80
FULLBATCH_EVAL_SITE lbfgs 272003 32 p11_s49
FULLBATCH_EVAL_SITE lbfgs 272003 32 p11_s52
FULLBATCH_EVAL_SITE lbfgs 272003 32 p12_s11
FULLBATCH_EVAL_SITE lbfgs 272003 32 p12_s72
FULLBATCH_EVAL_SITE lbfgs 272003 32 p13_s95
FULLBATCH_EVAL_SITE lbfgs 272003 32 p13_s107
FULLBATCH_EVAL_SITE lbfgs 272003 32 p14_s6
FULLBATCH_EVAL_SITE lbfgs 272003 32 p14_s8
FULLBATCH_EVAL_SITE lbfgs 272003 32 p15_s13
FULLBATCH_EVAL_SITE lbfgs 272003 32 p15_s66
FULLBATCH_EVAL_SITE lbfgs 272003 32 p16_s5
FULLBATCH_EVAL_SITE lbfgs 272003 32 p16_s110
FULLBATCH_EVAL_SITE lbfgs 272003 32 p17_s44
FULLBATCH_EVAL_SITE lbfgs 272003 32 p17_s137
FULLBATCH_EVAL_SITE lbfgs 272003 32 p18_s13
FULLBATCH_EVAL_SITE lbfgs 272003 32 p18_s179
FULLBATCH_EVAL_SITE lbfgs 272003 32 p19_s90
FULLBATCH_EVAL_SITE lbfgs 272003 32 p19_s137
FULLBATCH_EVAL_SITE lbfgs 272003 32 p20_s100
FULLBATCH_EVAL_SITE lbfgs 272003 32 p20_s112
FULLBATCH_EVAL_SITE lbfgs 272003 32 p21_s23
FULLBATCH_EVAL_SITE lbfgs 272003 32 p21_s128
FULLBATCH_EVAL_SITE lbfgs 272003 32 p22_s25
FULLBATCH_EVAL_SITE lbfgs 272003 32 p22_s44
FULLBATCH_EVAL_SITE lbfgs 272003 32 p23_s68
FULLBATCH_EVAL_SITE lbfgs 272003 32 p23_s148
FULLBATCH_STATE lbfgs 272003 training 32 1132.8241308319848
FULLBATCH_STATE lbfgs 272003 training 33 1155.9263612889918
FULLBATCH_STATE lbfgs 272003 training 34 1182.0809709609894
FULLBATCH_STATE lbfgs 272003 training 34 1182.1015849940013
FULLBATCH_STATE lbfgs 272003 training 35 1207.1463741819898
FULLBATCH_STATE lbfgs 272003 training 36 1234.145154785976
FULLBATCH_STATE lbfgs 272003 training 36 1234.2408370209741
FULLBATCH_STATE lbfgs 272003 training 37 1260.6165405619831
FULLBATCH_STATE lbfgs 272003 training 38 1287.2874070109974
FULLBATCH_STATE lbfgs 272003 training 38 1287.308528169
FULLBATCH_STATE lbfgs 272003 training 39 1313.093996372976
FULLBATCH_STATE lbfgs 272003 training 40 1340.7929654769832
FULLBATCH_STATE lbfgs 272003 training 40 1340.817035760003
FULLBATCH_STATE lbfgs 272003 training 41 1364.6330579560017
FULLBATCH_STATE lbfgs 272003 training 42 1390.6742144949967
FULLBATCH_STATE lbfgs 272003 training 42 1390.7398908069881
FULLBATCH_STATE lbfgs 272003 training 43 1414.7564764409908
FULLBATCH_STATE lbfgs 272003 training 44 1438.2424143879907
FULLBATCH_STATE lbfgs 272003 training 44 1438.263382833975
FULLBATCH_STATE lbfgs 272003 training 45 1464.8900044939946
FULLBATCH_STATE lbfgs 272003 training 46 1489.8796631039877
FULLBATCH_STATE lbfgs 272003 training 46 1489.8992915549898
FULLBATCH_STATE lbfgs 272003 training 47 1512.790784414974
FULLBATCH_STATE lbfgs 272003 training 48 1537.4056573709822
FULLBATCH_STATE lbfgs 272003 training 49 1564.5397116050008
FULLBATCH_STATE lbfgs 272003 training 49 1564.5630136089749
FULLBATCH_STATE lbfgs 272003 training 50 1587.7025076339778
FULLBATCH_STATE lbfgs 272003 training 51 1611.7959197199962
FULLBATCH_STATE lbfgs 272003 training 51 1611.81714621
FULLBATCH_STATE lbfgs 272003 training 52 1638.1273715900024
FULLBATCH_STATE lbfgs 272003 training 53 1663.821419689979
FULLBATCH_STATE lbfgs 272003 training 53 1663.8434918989951
FULLBATCH_STATE lbfgs 272003 training 54 1686.9866444669897
FULLBATCH_STATE lbfgs 272003 training 55 1710.2131424749969
FULLBATCH_STATE lbfgs 272003 training 55 1710.2342006419785
FULLBATCH_STATE lbfgs 272003 training 56 1736.7683690759877
FULLBATCH_STATE lbfgs 272003 training 57 1759.7658013909822
FULLBATCH_STATE lbfgs 272003 training 57 1759.7859440679895
FULLBATCH_STATE lbfgs 272003 training 58 1786.6726659649867
FULLBATCH_STATE lbfgs 272003 training 59 1813.638901266997
FULLBATCH_STATE lbfgs 272003 training 59 1813.6614671720017
FULLBATCH_STATE lbfgs 272003 training 60 1837.726077779982
FULLBATCH_STATE lbfgs 272003 training 61 1860.9301236929896
FULLBATCH_STATE lbfgs 272003 training 61 1860.9514010330022
FULLBATCH_STATE lbfgs 272003 training 62 1886.7614608659933
FULLBATCH_STATE lbfgs 272003 training 63 1910.8927766190027
FULLBATCH_STATE lbfgs 272003 training 63 1910.9155170859885
FULLBATCH_STATE lbfgs 272003 training 64 1934.0978366439813
FULLBATCH_STATE lbfgs 272003 training 65 1959.1015543599788
FULLBATCH_STATE lbfgs 272003 training 65 1959.1231050429924
FULLBATCH_STATE lbfgs 272003 training 66 1984.9757803269895
FULLBATCH_STATE lbfgs 272003 training 67 2008.1077541739796
FULLBATCH_STATE lbfgs 272003 training 67 2008.1271159219905
FULLBATCH_STATE lbfgs 272003 training 68 2032.6361015319999
FULLBATCH_STATE lbfgs 272003 training 69 2056.3245628799777
FULLBATCH_STATE lbfgs 272003 training 70 2079.276942893979
FULLBATCH_STATE lbfgs 272003 training 70 2079.2978293999913
FULLBATCH_STATE lbfgs 272003 training 71 2102.4126510349743
FULLBATCH_STATE lbfgs 272003 training 72 2128.855969160999
FULLBATCH_STATE lbfgs 272003 training 72 2128.877392711991
FULLBATCH_STATE lbfgs 272003 training 73 2155.8434937019774
FULLBATCH_STATE lbfgs 272003 training 74 2179.4855445129797
FULLBATCH_STATE lbfgs 272003 training 74 2179.506955334975
FULLBATCH_STATE lbfgs 272003 training 75 2202.652551301988
FULLBATCH_STATE lbfgs 272003 training 76 2225.729849475989
FULLBATCH_STATE lbfgs 272003 training 76 2225.750631269999
FULLBATCH_STATE lbfgs 272003 training 77 2250.5854978209827
FULLBATCH_STATE lbfgs 272003 training 78 2273.9399409519974
FULLBATCH_STATE lbfgs 272003 training 78 2273.960798137996
FULLBATCH_STATE lbfgs 272003 training 79 2300.0973507979943
FULLBATCH_STATE lbfgs 272003 training 80 2323.842450899974
FULLBATCH_STATE lbfgs 272003 training 80 2323.864077414997
FULLBATCH_STATE lbfgs 272003 training 81 2348.6980027949903
FULLBATCH_STATE lbfgs 272003 training 82 2371.8654570179933
FULLBATCH_STATE lbfgs 272003 training 82 2371.8864358449937
FULLBATCH_STATE lbfgs 272003 training 83 2396.7049427039747
FULLBATCH_STATE lbfgs 272003 training 84 2423.956795481994
FULLBATCH_STATE lbfgs 272003 training 84 2423.978886172001
FULLBATCH_STATE lbfgs 272003 training 85 2447.0688254239794
FULLBATCH_STATE lbfgs 272003 training 86 2470.1511741579743
FULLBATCH_STATE lbfgs 272003 training 86 2470.173935794999
FULLBATCH_STATE lbfgs 272003 training 87 2496.0863800509833
FULLBATCH_STATE lbfgs 272003 training 88 2519.2992755689775
FULLBATCH_STATE lbfgs 272003 training 88 2519.319986702001
FULLBATCH_STATE lbfgs 272003 training 89 2544.434913724981
FULLBATCH_STATE lbfgs 272003 training 90 2571.9609859459742
FULLBATCH_STATE lbfgs 272003 training 90 2571.9840577279974
FULLBATCH_STATE lbfgs 272003 training 91 2599.831060200988
FULLBATCH_STATE lbfgs 272003 training 92 2624.4225766619784
FULLBATCH_STATE lbfgs 272003 training 93 2649.259279674996
FULLBATCH_STATE lbfgs 272003 training 93 2649.2818296600017
FULLBATCH_STATE lbfgs 272003 training 94 2676.27174584
FULLBATCH_STATE lbfgs 272003 training 95 2701.264382043999
FULLBATCH_STATE lbfgs 272003 training 95 2701.2855453329976
FULLBATCH_STATE lbfgs 272003 training 96 2727.330266023986
FULLBATCH_STATE lbfgs 272003 training 97 2750.364313728991
FULLBATCH_STATE lbfgs 272003 training 97 2750.38428820399
FULLBATCH_STATE lbfgs 272003 training 98 2775.0775981019833
FULLBATCH_STATE lbfgs 272003 training 99 2799.554258931981
FULLBATCH_STATE lbfgs 272003 training 99 2799.5771690719994
FULLBATCH_STATE lbfgs 272003 training 100 2824.892907323985
FULLBATCH_STATE lbfgs 272003 training 101 2848.0878309309774
FULLBATCH_STATE lbfgs 272003 training 101 2848.109950590995
FULLBATCH_STATE lbfgs 272003 training 102 2871.278631477995
FULLBATCH_STATE lbfgs 272003 training 103 2895.3189376899973
FULLBATCH_STATE lbfgs 272003 training 103 2895.3407050259993
FULLBATCH_STATE lbfgs 272003 training 104 2921.9719707210024
FULLBATCH_STATE lbfgs 272003 training 105 2946.865785914997
FULLBATCH_STATE lbfgs 272003 training 105 2946.888556142978
FULLBATCH_STATE lbfgs 272003 training 106 2971.655510495999
FULLBATCH_STATE lbfgs 272003 training 107 2996.9619219889864
FULLBATCH_STATE lbfgs 272003 training 107 2996.982694942999
FULLBATCH_STATE lbfgs 272003 training 108 3024.239119064994
FULLBATCH_STATE lbfgs 272003 training 109 3050.588586647995
FULLBATCH_STATE lbfgs 272003 training 109 3050.6109434709942
FULLBATCH_STATE lbfgs 272003 training 110 3077.094390968996
FULLBATCH_STATE lbfgs 272003 training 111 3100.126819134981
FULLBATCH_STATE lbfgs 272003 training 111 3100.1484811999835
FULLBATCH_STATE lbfgs 272003 training 112 3123.3895618979877
FULLBATCH_STATE lbfgs 272003 training 113 3146.463108457974
FULLBATCH_STATE lbfgs 272003 training 113 3146.4839284920017
FULLBATCH_STATE lbfgs 272003 training 114 3172.7521756700007
FULLBATCH_STATE lbfgs 272003 training 115 3198.1042220300005
FULLBATCH_STATE lbfgs 272003 training 116 3223.0134699649934
FULLBATCH_STATE lbfgs 272003 training 116 3223.03708314299
FULLBATCH_STATE lbfgs 272003 training 117 3246.082815044996
FULLBATCH_STATE lbfgs 272003 training 118 3269.101940665976
FULLBATCH_STATE lbfgs 272003 training 118 3269.1230402439833
FULLBATCH_STATE lbfgs 272003 training 119 3294.5225785019866
FULLBATCH_STATE lbfgs 272003 training 120 3321.5164563180006
FULLBATCH_STATE lbfgs 272003 training 120 3321.537860869983
FULLBATCH_STATE lbfgs 272003 training 121 3348.556484336994
FULLBATCH_STATE lbfgs 272003 training 122 3374.8172906979744
FULLBATCH_STATE lbfgs 272003 training 123 3397.770000356977
FULLBATCH_STATE lbfgs 272003 training 123 3397.792792894994
FULLBATCH_STATE lbfgs 272003 training 124 3422.4204321799916
FULLBATCH_STATE lbfgs 272003 training 125 3445.626631688996
FULLBATCH_STATE lbfgs 272003 training 125 3445.6475948449806
FULLBATCH_STATE lbfgs 272003 training 126 3471.47990270998
FULLBATCH_STATE lbfgs 272003 training 127 3497.7117571299896
FULLBATCH_STATE lbfgs 272003 training 127 3497.7338313889923
FULLBATCH_STATE lbfgs 272003 training 128 3524.3526796879887
FULLBATCH_STATE lbfgs 272003 training 128 3524.373791845981
FULLBATCH_STATE lbfgs 272003 evaluation 128 3524.3749654299754
FULLBATCH_EVAL_SITE lbfgs 272003 128 p0_s48
FULLBATCH_EVAL_SITE lbfgs 272003 128 p0_s58
FULLBATCH_EVAL_SITE lbfgs 272003 128 p1_s25
FULLBATCH_EVAL_SITE lbfgs 272003 128 p1_s78
FULLBATCH_EVAL_SITE lbfgs 272003 128 p2_s30
FULLBATCH_EVAL_SITE lbfgs 272003 128 p2_s47
FULLBATCH_EVAL_SITE lbfgs 272003 128 p3_s37
FULLBATCH_EVAL_SITE lbfgs 272003 128 p3_s84
FULLBATCH_EVAL_SITE lbfgs 272003 128 p4_s2
FULLBATCH_EVAL_SITE lbfgs 272003 128 p4_s25
FULLBATCH_EVAL_SITE lbfgs 272003 128 p5_s34
FULLBATCH_EVAL_SITE lbfgs 272003 128 p5_s65
FULLBATCH_EVAL_SITE lbfgs 272003 128 p6_s10
FULLBATCH_EVAL_SITE lbfgs 272003 128 p6_s17
FULLBATCH_EVAL_SITE lbfgs 272003 128 p7_s44
FULLBATCH_EVAL_SITE lbfgs 272003 128 p7_s86
FULLBATCH_EVAL_SITE lbfgs 272003 128 p8_s101
FULLBATCH_EVAL_SITE lbfgs 272003 128 p8_s108
FULLBATCH_EVAL_SITE lbfgs 272003 128 p9_s42
FULLBATCH_EVAL_SITE lbfgs 272003 128 p9_s89
FULLBATCH_EVAL_SITE lbfgs 272003 128 p10_s45
FULLBATCH_EVAL_SITE lbfgs 272003 128 p10_s80
FULLBATCH_EVAL_SITE lbfgs 272003 128 p11_s49
FULLBATCH_EVAL_SITE lbfgs 272003 128 p11_s52
FULLBATCH_EVAL_SITE lbfgs 272003 128 p12_s11
FULLBATCH_EVAL_SITE lbfgs 272003 128 p12_s72
FULLBATCH_EVAL_SITE lbfgs 272003 128 p13_s95
FULLBATCH_EVAL_SITE lbfgs 272003 128 p13_s107
FULLBATCH_EVAL_SITE lbfgs 272003 128 p14_s6
FULLBATCH_EVAL_SITE lbfgs 272003 128 p14_s8
FULLBATCH_EVAL_SITE lbfgs 272003 128 p15_s13
FULLBATCH_EVAL_SITE lbfgs 272003 128 p15_s66
FULLBATCH_EVAL_SITE lbfgs 272003 128 p16_s5
FULLBATCH_EVAL_SITE lbfgs 272003 128 p16_s110
FULLBATCH_EVAL_SITE lbfgs 272003 128 p17_s44
FULLBATCH_EVAL_SITE lbfgs 272003 128 p17_s137
FULLBATCH_EVAL_SITE lbfgs 272003 128 p18_s13
FULLBATCH_EVAL_SITE lbfgs 272003 128 p18_s179
FULLBATCH_EVAL_SITE lbfgs 272003 128 p19_s90
FULLBATCH_EVAL_SITE lbfgs 272003 128 p19_s137
FULLBATCH_EVAL_SITE lbfgs 272003 128 p20_s100
FULLBATCH_EVAL_SITE lbfgs 272003 128 p20_s112
FULLBATCH_EVAL_SITE lbfgs 272003 128 p21_s23
FULLBATCH_EVAL_SITE lbfgs 272003 128 p21_s128
FULLBATCH_EVAL_SITE lbfgs 272003 128 p22_s25
FULLBATCH_EVAL_SITE lbfgs 272003 128 p22_s44
FULLBATCH_EVAL_SITE lbfgs 272003 128 p23_s68
FULLBATCH_EVAL_SITE lbfgs 272003 128 p23_s148
FULLBATCH_STATE lbfgs 272003 training 128 3658.585420042975
FULLBATCH_STATE lbfgs 272003 complete 128 3665.9581733169907
