2026-10-10 09:54:49,330 [/home/pc/anaconda3/envs/fold/lib/python3.12/site-packages/runner/batch_inference.py:403] INFO runner.batch_inference: Inference by Protenix: model_size: mini, with_feature: esm, model_version: v0.5.0, dtype: bf16
2026-10-10 09:54:49,330 [/home/pc/anaconda3/envs/fold/lib/python3.12/site-packages/runner/batch_inference.py:408] INFO runner.batch_inference: Triangle_multiplicative kernel: torch, Triangle_attention kernel: torch
2026-10-10 09:54:49,330 [/home/pc/anaconda3/envs/fold/lib/python3.12/site-packages/runner/batch_inference.py:412] INFO runner.batch_inference: enable_diffusion_shared_vars_cache: True, enable_efficient_fusion: True, enable_tf32: False
2026-10-10 09:54:49,331 [/home/pc/anaconda3/envs/fold/lib/python3.12/site-packages/runner/inference.py:246] INFO runner.inference: Distributed environment: world size: 1, global rank: 0, local rank: 0
2026-10-10 09:54:49,331 [/home/pc/anaconda3/envs/fold/lib/python3.12/site-packages/runner/inference.py:98] INFO root: LOCAL_RANK: 0 - CUDA_VISIBLE_DEVICES: [0]
2026-10-10 09:54:49,331 [/home/pc/anaconda3/envs/fold/lib/python3.12/site-packages/runner/inference.py:127] INFO root: Finished environment initialization.
train scheduler 16.0
inference scheduler 16.0
Diffusion Module has 16.0
2026-10-10 09:55:05,161 [/home/pc/anaconda3/envs/fold/lib/python3.12/site-packages/runner/inference.py:246] INFO runner.inference: Loading from /data/user/shuang886/Folding/protenix_stage0_pkg/v1_1/runtime/checkpoint/protenix_mini_esm_v0.5.0.pt, strict: False
2026-10-10 09:55:05,647 [/home/pc/anaconda3/envs/fold/lib/python3.12/site-packages/runner/inference.py:246] INFO runner.inference: Sampled key: module.input_embedder.atom_attention_encoder.linear_no_bias_ref_pos.weight
2026-10-10 09:55:05,690 [/home/pc/anaconda3/envs/fold/lib/python3.12/site-packages/runner/inference.py:246] INFO runner.inference: Finish loading checkpoint.
2026-10-10 09:55:05,693 [/home/pc/anaconda3/envs/fold/lib/python3.12/site-packages/runner/inference.py:246] INFO runner.inference: Model parameters: 135.22M
FULLBATCH_STATE adamw 272001 cache 0 76.49952750999364
FULLBATCH_STATE adamw 272001 evaluation 0 78.57187367699225
FULLBATCH_EVAL_SITE adamw 272001 0 p0_s48
FULLBATCH_EVAL_SITE adamw 272001 0 p0_s58
FULLBATCH_EVAL_SITE adamw 272001 0 p1_s25
FULLBATCH_EVAL_SITE adamw 272001 0 p1_s78
FULLBATCH_EVAL_SITE adamw 272001 0 p2_s30
FULLBATCH_EVAL_SITE adamw 272001 0 p2_s47
FULLBATCH_EVAL_SITE adamw 272001 0 p3_s37
FULLBATCH_EVAL_SITE adamw 272001 0 p3_s84
FULLBATCH_EVAL_SITE adamw 272001 0 p4_s2
FULLBATCH_EVAL_SITE adamw 272001 0 p4_s25
FULLBATCH_EVAL_SITE adamw 272001 0 p5_s34
FULLBATCH_EVAL_SITE adamw 272001 0 p5_s65
FULLBATCH_EVAL_SITE adamw 272001 0 p6_s10
FULLBATCH_EVAL_SITE adamw 272001 0 p6_s17
FULLBATCH_EVAL_SITE adamw 272001 0 p7_s44
FULLBATCH_EVAL_SITE adamw 272001 0 p7_s86
FULLBATCH_EVAL_SITE adamw 272001 0 p8_s101
FULLBATCH_EVAL_SITE adamw 272001 0 p8_s108
FULLBATCH_EVAL_SITE adamw 272001 0 p9_s42
FULLBATCH_EVAL_SITE adamw 272001 0 p9_s89
FULLBATCH_EVAL_SITE adamw 272001 0 p10_s45
FULLBATCH_EVAL_SITE adamw 272001 0 p10_s80
FULLBATCH_EVAL_SITE adamw 272001 0 p11_s49
FULLBATCH_EVAL_SITE adamw 272001 0 p11_s52
FULLBATCH_EVAL_SITE adamw 272001 0 p12_s11
FULLBATCH_EVAL_SITE adamw 272001 0 p12_s72
FULLBATCH_EVAL_SITE adamw 272001 0 p13_s95
FULLBATCH_EVAL_SITE adamw 272001 0 p13_s107
FULLBATCH_EVAL_SITE adamw 272001 0 p14_s6
FULLBATCH_EVAL_SITE adamw 272001 0 p14_s8
FULLBATCH_EVAL_SITE adamw 272001 0 p15_s13
FULLBATCH_EVAL_SITE adamw 272001 0 p15_s66
FULLBATCH_EVAL_SITE adamw 272001 0 p16_s5
FULLBATCH_EVAL_SITE adamw 272001 0 p16_s110
FULLBATCH_EVAL_SITE adamw 272001 0 p17_s44
FULLBATCH_EVAL_SITE adamw 272001 0 p17_s137
FULLBATCH_EVAL_SITE adamw 272001 0 p18_s13
FULLBATCH_EVAL_SITE adamw 272001 0 p18_s179
FULLBATCH_EVAL_SITE adamw 272001 0 p19_s90
FULLBATCH_EVAL_SITE adamw 272001 0 p19_s137
FULLBATCH_EVAL_SITE adamw 272001 0 p20_s100
FULLBATCH_EVAL_SITE adamw 272001 0 p20_s112
FULLBATCH_EVAL_SITE adamw 272001 0 p21_s23
FULLBATCH_EVAL_SITE adamw 272001 0 p21_s128
FULLBATCH_EVAL_SITE adamw 272001 0 p22_s25
FULLBATCH_EVAL_SITE adamw 272001 0 p22_s44
FULLBATCH_EVAL_SITE adamw 272001 0 p23_s68
FULLBATCH_EVAL_SITE adamw 272001 0 p23_s148
FULLBATCH_STATE adamw 272001 training 0 383.98432840101304
FULLBATCH_STATE adamw 272001 training 1 409.0892286860035
FULLBATCH_STATE adamw 272001 training 1 409.53663701500045
FULLBATCH_STATE adamw 272001 training 2 432.39711481000995
FULLBATCH_STATE adamw 272001 training 2 432.4205130850023
FULLBATCH_STATE adamw 272001 training 3 455.50977932001115
FULLBATCH_STATE adamw 272001 training 3 455.53255904701655
FULLBATCH_STATE adamw 272001 training 4 480.7291220900079
FULLBATCH_STATE adamw 272001 training 4 480.7541997639928
FULLBATCH_STATE adamw 272001 training 5 508.8030736600049
FULLBATCH_STATE adamw 272001 training 5 508.8269083900086
FULLBATCH_STATE adamw 272001 training 6 531.9225232700119
FULLBATCH_STATE adamw 272001 training 6 531.9427617480105
FULLBATCH_STATE adamw 272001 training 7 554.979115789989
FULLBATCH_STATE adamw 272001 training 7 555.002048149996
FULLBATCH_STATE adamw 272001 training 8 578.0601426470093
FULLBATCH_STATE adamw 272001 training 8 578.081887442997
FULLBATCH_STATE adamw 272001 training 9 603.6135299740126
FULLBATCH_STATE adamw 272001 training 9 603.6356625340122
FULLBATCH_STATE adamw 272001 training 10 628.5106050159957
FULLBATCH_STATE adamw 272001 training 10 628.532451253006
FULLBATCH_STATE adamw 272001 training 11 656.5241681369953
FULLBATCH_STATE adamw 272001 training 11 656.546004984004
FULLBATCH_STATE adamw 272001 training 12 680.6169065760041
FULLBATCH_STATE adamw 272001 training 12 680.6380571940099
FULLBATCH_STATE adamw 272001 training 13 703.7798556759953
FULLBATCH_STATE adamw 272001 training 13 703.8023465099977
FULLBATCH_STATE adamw 272001 training 14 726.9348807040078
FULLBATCH_STATE adamw 272001 training 14 726.9557530689926
FULLBATCH_STATE adamw 272001 training 15 750.0592114510073
FULLBATCH_STATE adamw 272001 training 15 750.0812902699981
FULLBATCH_STATE adamw 272001 training 16 774.7312240280153
FULLBATCH_STATE adamw 272001 training 16 774.7521809640166
FULLBATCH_STATE adamw 272001 training 17 800.0052729510062
FULLBATCH_STATE adamw 272001 training 17 800.026458909997
FULLBATCH_STATE adamw 272001 training 18 825.1552950559999
FULLBATCH_STATE adamw 272001 training 18 825.1771038320148
FULLBATCH_STATE adamw 272001 training 19 850.3305925079912
FULLBATCH_STATE adamw 272001 training 19 850.3524223350105
FULLBATCH_STATE adamw 272001 training 20 873.6310354750021
FULLBATCH_STATE adamw 272001 training 20 873.6524595670053
FULLBATCH_STATE adamw 272001 training 21 898.9695293749974
FULLBATCH_STATE adamw 272001 training 21 898.9918191170145
FULLBATCH_STATE adamw 272001 training 22 925.8923731569957
FULLBATCH_STATE adamw 272001 training 22 925.9583396420057
FULLBATCH_STATE adamw 272001 training 23 949.9950285520172
FULLBATCH_STATE adamw 272001 training 23 950.0173220940051
FULLBATCH_STATE adamw 272001 training 24 975.4630477740138
FULLBATCH_STATE adamw 272001 training 24 975.4854890480055
FULLBATCH_STATE adamw 272001 training 25 1001.3889939690125
FULLBATCH_STATE adamw 272001 training 25 1001.4096676920017
FULLBATCH_STATE adamw 272001 training 26 1026.3304341720068
FULLBATCH_STATE adamw 272001 training 26 1026.3542796029942
FULLBATCH_STATE adamw 272001 training 27 1049.3248545019887
FULLBATCH_STATE adamw 272001 training 27 1049.3455075650127
FULLBATCH_STATE adamw 272001 training 28 1074.471558018995
FULLBATCH_STATE adamw 272001 training 28 1074.4932735140028
FULLBATCH_STATE adamw 272001 training 29 1098.5023599489941
FULLBATCH_STATE adamw 272001 training 29 1098.527926729992
FULLBATCH_STATE adamw 272001 training 30 1123.2233129510132
FULLBATCH_STATE adamw 272001 training 30 1123.2492818369938
FULLBATCH_STATE adamw 272001 training 31 1149.2102429629886
FULLBATCH_STATE adamw 272001 training 31 1149.232304522011
FULLBATCH_STATE adamw 272001 training 32 1174.8331394359993
FULLBATCH_STATE adamw 272001 training 32 1174.8527116460027
FULLBATCH_STATE adamw 272001 evaluation 32 1174.8538978800061
FULLBATCH_EVAL_SITE adamw 272001 32 p0_s48
FULLBATCH_EVAL_SITE adamw 272001 32 p0_s58
FULLBATCH_EVAL_SITE adamw 272001 32 p1_s25
FULLBATCH_EVAL_SITE adamw 272001 32 p1_s78
FULLBATCH_EVAL_SITE adamw 272001 32 p2_s30
FULLBATCH_EVAL_SITE adamw 272001 32 p2_s47
FULLBATCH_EVAL_SITE adamw 272001 32 p3_s37
FULLBATCH_EVAL_SITE adamw 272001 32 p3_s84
FULLBATCH_EVAL_SITE adamw 272001 32 p4_s2
FULLBATCH_EVAL_SITE adamw 272001 32 p4_s25
FULLBATCH_EVAL_SITE adamw 272001 32 p5_s34
FULLBATCH_EVAL_SITE adamw 272001 32 p5_s65
FULLBATCH_EVAL_SITE adamw 272001 32 p6_s10
FULLBATCH_EVAL_SITE adamw 272001 32 p6_s17
FULLBATCH_EVAL_SITE adamw 272001 32 p7_s44
FULLBATCH_EVAL_SITE adamw 272001 32 p7_s86
FULLBATCH_EVAL_SITE adamw 272001 32 p8_s101
FULLBATCH_EVAL_SITE adamw 272001 32 p8_s108
FULLBATCH_EVAL_SITE adamw 272001 32 p9_s42
FULLBATCH_EVAL_SITE adamw 272001 32 p9_s89
FULLBATCH_EVAL_SITE adamw 272001 32 p10_s45
FULLBATCH_EVAL_SITE adamw 272001 32 p10_s80
FULLBATCH_EVAL_SITE adamw 272001 32 p11_s49
FULLBATCH_EVAL_SITE adamw 272001 32 p11_s52
FULLBATCH_EVAL_SITE adamw 272001 32 p12_s11
FULLBATCH_EVAL_SITE adamw 272001 32 p12_s72
FULLBATCH_EVAL_SITE adamw 272001 32 p13_s95
FULLBATCH_EVAL_SITE adamw 272001 32 p13_s107
FULLBATCH_EVAL_SITE adamw 272001 32 p14_s6
FULLBATCH_EVAL_SITE adamw 272001 32 p14_s8
FULLBATCH_EVAL_SITE adamw 272001 32 p15_s13
FULLBATCH_EVAL_SITE adamw 272001 32 p15_s66
FULLBATCH_EVAL_SITE adamw 272001 32 p16_s5
FULLBATCH_EVAL_SITE adamw 272001 32 p16_s110
FULLBATCH_EVAL_SITE adamw 272001 32 p17_s44
FULLBATCH_EVAL_SITE adamw 272001 32 p17_s137
FULLBATCH_EVAL_SITE adamw 272001 32 p18_s13
FULLBATCH_EVAL_SITE adamw 272001 32 p18_s179
FULLBATCH_EVAL_SITE adamw 272001 32 p19_s90
FULLBATCH_EVAL_SITE adamw 272001 32 p19_s137
FULLBATCH_EVAL_SITE adamw 272001 32 p20_s100
FULLBATCH_EVAL_SITE adamw 272001 32 p20_s112
FULLBATCH_EVAL_SITE adamw 272001 32 p21_s23
FULLBATCH_EVAL_SITE adamw 272001 32 p21_s128
FULLBATCH_EVAL_SITE adamw 272001 32 p22_s25
FULLBATCH_EVAL_SITE adamw 272001 32 p22_s44
FULLBATCH_EVAL_SITE adamw 272001 32 p23_s68
FULLBATCH_EVAL_SITE adamw 272001 32 p23_s148
FULLBATCH_STATE adamw 272001 training 32 1244.6799997650087
FULLBATCH_STATE adamw 272001 training 33 1270.4716870319971
FULLBATCH_STATE adamw 272001 training 33 1270.4947572830133
FULLBATCH_STATE adamw 272001 training 34 1295.4272155009967
FULLBATCH_STATE adamw 272001 training 34 1295.447882153996
FULLBATCH_STATE adamw 272001 training 35 1319.0889332740044
FULLBATCH_STATE adamw 272001 training 35 1319.1104325670167
FULLBATCH_STATE adamw 272001 training 36 1342.210993604007
FULLBATCH_STATE adamw 272001 training 36 1342.2324612560042
FULLBATCH_STATE adamw 272001 training 37 1365.5258214499918
FULLBATCH_STATE adamw 272001 training 37 1365.5473024820094
FULLBATCH_STATE adamw 272001 training 38 1392.3577461930108
FULLBATCH_STATE adamw 272001 training 38 1392.378975472995
FULLBATCH_STATE adamw 272001 training 39 1418.3952496889979
FULLBATCH_STATE adamw 272001 training 39 1418.4199355290039
FULLBATCH_STATE adamw 272001 training 40 1441.452632889006
FULLBATCH_STATE adamw 272001 training 40 1441.473654025991
FULLBATCH_STATE adamw 272001 training 41 1467.934398115991
FULLBATCH_STATE adamw 272001 training 41 1467.9554523930128
FULLBATCH_STATE adamw 272001 training 42 1492.3739625010057
FULLBATCH_STATE adamw 272001 training 42 1492.3965202260006
FULLBATCH_STATE adamw 272001 training 43 1515.4443412440014
FULLBATCH_STATE adamw 272001 training 43 1515.4671506820014
FULLBATCH_STATE adamw 272001 training 44 1542.6212805120158
FULLBATCH_STATE adamw 272001 training 44 1542.642018515995
FULLBATCH_STATE adamw 272001 training 45 1565.9758543650096
FULLBATCH_STATE adamw 272001 training 45 1565.9972072959936
FULLBATCH_STATE adamw 272001 training 46 1592.3991930749908
FULLBATCH_STATE adamw 272001 training 46 1592.4218410320173
FULLBATCH_STATE adamw 272001 training 47 1616.1618650050077
FULLBATCH_STATE adamw 272001 training 47 1616.1828032410122
FULLBATCH_STATE adamw 272001 training 48 1639.157522797992
FULLBATCH_STATE adamw 272001 training 48 1639.1777574860025
FULLBATCH_STATE adamw 272001 training 49 1662.1155635610048
FULLBATCH_STATE adamw 272001 training 49 1662.1375014680088
FULLBATCH_STATE adamw 272001 training 50 1685.0122323920077
FULLBATCH_STATE adamw 272001 training 50 1685.0369311920076
FULLBATCH_STATE adamw 272001 training 51 1708.0645446320123
FULLBATCH_STATE adamw 272001 training 51 1708.085658230004
FULLBATCH_STATE adamw 272001 training 52 1733.8619225560105
FULLBATCH_STATE adamw 272001 training 52 1733.884338139993
FULLBATCH_STATE adamw 272001 training 53 1760.6332569569931
FULLBATCH_STATE adamw 272001 training 53 1760.6563253079948
FULLBATCH_STATE adamw 272001 training 54 1787.2805599500134
FULLBATCH_STATE adamw 272001 training 54 1787.3020952740044
FULLBATCH_STATE adamw 272001 training 55 1812.9767025740002
FULLBATCH_STATE adamw 272001 training 55 1812.9971698640147
FULLBATCH_STATE adamw 272001 training 56 1840.109653994994
FULLBATCH_STATE adamw 272001 training 56 1840.1315264920122
FULLBATCH_STATE adamw 272001 training 57 1866.0155270140094
FULLBATCH_STATE adamw 272001 training 57 1866.0372663390008
FULLBATCH_STATE adamw 272001 training 58 1891.047753235005
FULLBATCH_STATE adamw 272001 training 58 1891.0685048589949
FULLBATCH_STATE adamw 272001 training 59 1918.5074775370013
FULLBATCH_STATE adamw 272001 training 59 1918.530653608992
FULLBATCH_STATE adamw 272001 training 60 1942.855125321017
FULLBATCH_STATE adamw 272001 training 60 1942.878958642017
FULLBATCH_STATE adamw 272001 training 61 1966.0067288890132
FULLBATCH_STATE adamw 272001 training 61 1966.0301554340112
FULLBATCH_STATE adamw 272001 training 62 1988.9770917760034
FULLBATCH_STATE adamw 272001 training 62 1988.9965621250158
FULLBATCH_STATE adamw 272001 training 63 2013.884291527007
FULLBATCH_STATE adamw 272001 training 63 2013.906404547015
FULLBATCH_STATE adamw 272001 training 64 2037.9860995630152
FULLBATCH_STATE adamw 272001 training 64 2038.008151721995
FULLBATCH_STATE adamw 272001 training 65 2060.8207544450124
FULLBATCH_STATE adamw 272001 training 65 2060.8421988670016
FULLBATCH_STATE adamw 272001 training 66 2083.6080475290073
FULLBATCH_STATE adamw 272001 training 66 2083.6287043720076
FULLBATCH_STATE adamw 272001 training 67 2106.643137378007
FULLBATCH_STATE adamw 272001 training 67 2106.666157168016
FULLBATCH_STATE adamw 272001 training 68 2129.699953970994
FULLBATCH_STATE adamw 272001 training 68 2129.7218203480006
FULLBATCH_STATE adamw 272001 training 69 2153.2847303390154
FULLBATCH_STATE adamw 272001 training 69 2153.30624874201
FULLBATCH_STATE adamw 272001 training 70 2178.682824779011
FULLBATCH_STATE adamw 272001 training 70 2178.705485915998
FULLBATCH_STATE adamw 272001 training 71 2202.935395887005
FULLBATCH_STATE adamw 272001 training 71 2202.9572462030046
FULLBATCH_STATE adamw 272001 training 72 2228.044706982997
FULLBATCH_STATE adamw 272001 training 72 2228.0667788030114
FULLBATCH_STATE adamw 272001 training 73 2255.59687598201
FULLBATCH_STATE adamw 272001 training 73 2255.618442195002
FULLBATCH_STATE adamw 272001 training 74 2279.4901873659983
FULLBATCH_STATE adamw 272001 training 74 2279.5123210070014
FULLBATCH_STATE adamw 272001 training 75 2302.6363168090174
FULLBATCH_STATE adamw 272001 training 75 2302.6584972199926
FULLBATCH_STATE adamw 272001 training 76 2328.8981621919957
FULLBATCH_STATE adamw 272001 training 76 2328.919933568017
FULLBATCH_STATE adamw 272001 training 77 2352.2191368099884
FULLBATCH_STATE adamw 272001 training 77 2352.2391778760066
FULLBATCH_STATE adamw 272001 training 78 2375.2274497229955
FULLBATCH_STATE adamw 272001 training 78 2375.2492485690163
FULLBATCH_STATE adamw 272001 training 79 2398.206532703014
FULLBATCH_STATE adamw 272001 training 79 2398.2278328230022
FULLBATCH_STATE adamw 272001 training 80 2421.983718022995
FULLBATCH_STATE adamw 272001 training 80 2422.0068920750055
FULLBATCH_STATE adamw 272001 training 81 2445.3407975950104
FULLBATCH_STATE adamw 272001 training 81 2445.361830531998
FULLBATCH_STATE adamw 272001 training 82 2470.4880188069947
FULLBATCH_STATE adamw 272001 training 82 2470.509128464997
FULLBATCH_STATE adamw 272001 training 83 2495.7856779379945
FULLBATCH_STATE adamw 272001 training 83 2495.806650634011
FULLBATCH_STATE adamw 272001 training 84 2518.7312768030097
FULLBATCH_STATE adamw 272001 training 84 2518.752426402003
FULLBATCH_STATE adamw 272001 training 85 2545.0853711100062
FULLBATCH_STATE adamw 272001 training 85 2545.106585600006
FULLBATCH_STATE adamw 272001 training 86 2568.0328689590096
FULLBATCH_STATE adamw 272001 training 86 2568.0541065680154
FULLBATCH_STATE adamw 272001 training 87 2591.0395779529936
FULLBATCH_STATE adamw 272001 training 87 2591.0607609820145
FULLBATCH_STATE adamw 272001 training 88 2613.919798610994
FULLBATCH_STATE adamw 272001 training 88 2613.9411038410035
FULLBATCH_STATE adamw 272001 training 89 2639.2310807309987
FULLBATCH_STATE adamw 272001 training 89 2639.2540308909956
FULLBATCH_STATE adamw 272001 training 90 2663.6417694269912
FULLBATCH_STATE adamw 272001 training 90 2663.6646094250027
FULLBATCH_STATE adamw 272001 training 91 2689.3102949360036
FULLBATCH_STATE adamw 272001 training 91 2689.332100102998
FULLBATCH_STATE adamw 272001 training 92 2713.5179039539944
FULLBATCH_STATE adamw 272001 training 92 2713.5395525280037
FULLBATCH_STATE adamw 272001 training 93 2736.521490231011
FULLBATCH_STATE adamw 272001 training 93 2736.5429343229916
FULLBATCH_STATE adamw 272001 training 94 2762.4630748899945
FULLBATCH_STATE adamw 272001 training 94 2762.484682514012
FULLBATCH_STATE adamw 272001 training 95 2787.9740895479918
FULLBATCH_STATE adamw 272001 training 95 2787.995217976015
FULLBATCH_STATE adamw 272001 training 96 2810.9528737940127
FULLBATCH_STATE adamw 272001 training 96 2810.973872050992
FULLBATCH_STATE adamw 272001 training 97 2834.027819890005
FULLBATCH_STATE adamw 272001 training 97 2834.0487590160046
FULLBATCH_STATE adamw 272001 training 98 2857.026519100007
FULLBATCH_STATE adamw 272001 training 98 2857.0480793039897
FULLBATCH_STATE adamw 272001 training 99 2880.1054870230146
FULLBATCH_STATE adamw 272001 training 99 2880.127133527014
FULLBATCH_STATE adamw 272001 training 100 2904.727254129015
FULLBATCH_STATE adamw 272001 training 100 2904.748289815994
FULLBATCH_STATE adamw 272001 training 101 2927.8473599260033
FULLBATCH_STATE adamw 272001 training 101 2927.8685864660074
FULLBATCH_STATE adamw 272001 training 102 2954.6202916960174
FULLBATCH_STATE adamw 272001 training 102 2954.6428247610165
FULLBATCH_STATE adamw 272001 training 103 2977.7725517110084
FULLBATCH_STATE adamw 272001 training 103 2977.796820905991
FULLBATCH_STATE adamw 272001 training 104 3005.4619518519903
FULLBATCH_STATE adamw 272001 training 104 3005.4832713030046
FULLBATCH_STATE adamw 272001 training 105 3029.1448384340038
FULLBATCH_STATE adamw 272001 training 105 3029.167171656998
FULLBATCH_STATE adamw 272001 training 106 3054.9987152419926
FULLBATCH_STATE adamw 272001 training 106 3055.020432966994
FULLBATCH_STATE adamw 272001 training 107 3078.0603426320013
FULLBATCH_STATE adamw 272001 training 107 3078.081852745003
FULLBATCH_STATE adamw 272001 training 108 3101.0739637379884
FULLBATCH_STATE adamw 272001 training 108 3101.0962347990135
FULLBATCH_STATE adamw 272001 training 109 3124.127409070992
FULLBATCH_STATE adamw 272001 training 109 3124.1499723359884
FULLBATCH_STATE adamw 272001 training 110 3147.2557785249955
FULLBATCH_STATE adamw 272001 training 110 3147.277876553999
FULLBATCH_STATE adamw 272001 training 111 3170.213855737995
FULLBATCH_STATE adamw 272001 training 111 3170.23478714301
FULLBATCH_STATE adamw 272001 training 112 3193.2313986989902
FULLBATCH_STATE adamw 272001 training 112 3193.2546653430036
FULLBATCH_STATE adamw 272001 training 113 3216.183762475004
FULLBATCH_STATE adamw 272001 training 113 3216.205081244989
FULLBATCH_STATE adamw 272001 training 114 3240.8576088830014
FULLBATCH_STATE adamw 272001 training 114 3240.879714053008
FULLBATCH_STATE adamw 272001 training 115 3264.9407933389884
FULLBATCH_STATE adamw 272001 training 115 3264.9634973060165
FULLBATCH_STATE adamw 272001 training 116 3289.190861717012
FULLBATCH_STATE adamw 272001 training 116 3289.211927675002
FULLBATCH_STATE adamw 272001 training 117 3312.1755762830144
FULLBATCH_STATE adamw 272001 training 117 3312.1956074580085
FULLBATCH_STATE adamw 272001 training 118 3335.114397489
FULLBATCH_STATE adamw 272001 training 118 3335.1355684380105
FULLBATCH_STATE adamw 272001 training 119 3358.1340506559936
FULLBATCH_STATE adamw 272001 training 119 3358.155065063009
FULLBATCH_STATE adamw 272001 training 120 3384.2070003380068
FULLBATCH_STATE adamw 272001 training 120 3384.228767954017
FULLBATCH_STATE adamw 272001 training 121 3407.76640175801
FULLBATCH_STATE adamw 272001 training 121 3407.786909068993
FULLBATCH_STATE adamw 272001 training 122 3430.81857804599
FULLBATCH_STATE adamw 272001 training 122 3430.8402432810108
FULLBATCH_STATE adamw 272001 training 123 3453.8894839250133
FULLBATCH_STATE adamw 272001 training 123 3453.910958738008
FULLBATCH_STATE adamw 272001 training 124 3476.9095559570123
FULLBATCH_STATE adamw 272001 training 124 3476.931263681996
FULLBATCH_STATE adamw 272001 training 125 3559.1998371169902
FULLBATCH_STATE adamw 272001 training 125 3559.2214416110073
FULLBATCH_STATE adamw 272001 training 126 3637.164555577998
FULLBATCH_STATE adamw 272001 training 126 3637.187546578003
FULLBATCH_STATE adamw 272001 training 127 3664.6391135739977
FULLBATCH_STATE adamw 272001 training 127 3664.6610154419905
FULLBATCH_STATE adamw 272001 training 128 3687.6693522949936
FULLBATCH_STATE adamw 272001 training 128 3687.6906803059974
FULLBATCH_STATE adamw 272001 evaluation 128 3687.6918598799966
FULLBATCH_EVAL_SITE adamw 272001 128 p0_s48
FULLBATCH_EVAL_SITE adamw 272001 128 p0_s58
FULLBATCH_EVAL_SITE adamw 272001 128 p1_s25
FULLBATCH_EVAL_SITE adamw 272001 128 p1_s78
FULLBATCH_EVAL_SITE adamw 272001 128 p2_s30
FULLBATCH_EVAL_SITE adamw 272001 128 p2_s47
FULLBATCH_EVAL_SITE adamw 272001 128 p3_s37
FULLBATCH_EVAL_SITE adamw 272001 128 p3_s84
FULLBATCH_EVAL_SITE adamw 272001 128 p4_s2
FULLBATCH_EVAL_SITE adamw 272001 128 p4_s25
FULLBATCH_EVAL_SITE adamw 272001 128 p5_s34
FULLBATCH_EVAL_SITE adamw 272001 128 p5_s65
FULLBATCH_EVAL_SITE adamw 272001 128 p6_s10
FULLBATCH_EVAL_SITE adamw 272001 128 p6_s17
FULLBATCH_EVAL_SITE adamw 272001 128 p7_s44
FULLBATCH_EVAL_SITE adamw 272001 128 p7_s86
FULLBATCH_EVAL_SITE adamw 272001 128 p8_s101
FULLBATCH_EVAL_SITE adamw 272001 128 p8_s108
FULLBATCH_EVAL_SITE adamw 272001 128 p9_s42
FULLBATCH_EVAL_SITE adamw 272001 128 p9_s89
FULLBATCH_EVAL_SITE adamw 272001 128 p10_s45
FULLBATCH_EVAL_SITE adamw 272001 128 p10_s80
FULLBATCH_EVAL_SITE adamw 272001 128 p11_s49
FULLBATCH_EVAL_SITE adamw 272001 128 p11_s52
FULLBATCH_EVAL_SITE adamw 272001 128 p12_s11
FULLBATCH_EVAL_SITE adamw 272001 128 p12_s72
FULLBATCH_EVAL_SITE adamw 272001 128 p13_s95
FULLBATCH_EVAL_SITE adamw 272001 128 p13_s107
FULLBATCH_EVAL_SITE adamw 272001 128 p14_s6
FULLBATCH_EVAL_SITE adamw 272001 128 p14_s8
FULLBATCH_EVAL_SITE adamw 272001 128 p15_s13
FULLBATCH_EVAL_SITE adamw 272001 128 p15_s66
FULLBATCH_EVAL_SITE adamw 272001 128 p16_s5
FULLBATCH_EVAL_SITE adamw 272001 128 p16_s110
FULLBATCH_EVAL_SITE adamw 272001 128 p17_s44
FULLBATCH_EVAL_SITE adamw 272001 128 p17_s137
FULLBATCH_EVAL_SITE adamw 272001 128 p18_s13
FULLBATCH_EVAL_SITE adamw 272001 128 p18_s179
FULLBATCH_EVAL_SITE adamw 272001 128 p19_s90
FULLBATCH_EVAL_SITE adamw 272001 128 p19_s137
FULLBATCH_EVAL_SITE adamw 272001 128 p20_s100
FULLBATCH_EVAL_SITE adamw 272001 128 p20_s112
FULLBATCH_EVAL_SITE adamw 272001 128 p21_s23
FULLBATCH_EVAL_SITE adamw 272001 128 p21_s128
FULLBATCH_EVAL_SITE adamw 272001 128 p22_s25
FULLBATCH_EVAL_SITE adamw 272001 128 p22_s44
FULLBATCH_EVAL_SITE adamw 272001 128 p23_s68
FULLBATCH_EVAL_SITE adamw 272001 128 p23_s148
FULLBATCH_STATE adamw 272001 training 128 3806.817912071012
FULLBATCH_STATE adamw 272001 complete 128 3814.0697829140117
