2026-10-10 09:54:47,939 [/home/pc/anaconda3/envs/fold/lib/python3.12/site-packages/runner/batch_inference.py:403] INFO runner.batch_inference: Inference by Protenix: model_size: mini, with_feature: esm, model_version: v0.5.0, dtype: bf16
2026-10-10 09:54:47,939 [/home/pc/anaconda3/envs/fold/lib/python3.12/site-packages/runner/batch_inference.py:408] INFO runner.batch_inference: Triangle_multiplicative kernel: torch, Triangle_attention kernel: torch
2026-10-10 09:54:47,939 [/home/pc/anaconda3/envs/fold/lib/python3.12/site-packages/runner/batch_inference.py:412] INFO runner.batch_inference: enable_diffusion_shared_vars_cache: True, enable_efficient_fusion: True, enable_tf32: False
2026-10-10 09:54:47,940 [/home/pc/anaconda3/envs/fold/lib/python3.12/site-packages/runner/inference.py:246] INFO runner.inference: Distributed environment: world size: 1, global rank: 0, local rank: 0
2026-10-10 09:54:47,940 [/home/pc/anaconda3/envs/fold/lib/python3.12/site-packages/runner/inference.py:98] INFO root: LOCAL_RANK: 0 - CUDA_VISIBLE_DEVICES: [0]
2026-10-10 09:54:47,940 [/home/pc/anaconda3/envs/fold/lib/python3.12/site-packages/runner/inference.py:127] INFO root: Finished environment initialization.
train scheduler 16.0
inference scheduler 16.0
Diffusion Module has 16.0
2026-10-10 09:55:03,793 [/home/pc/anaconda3/envs/fold/lib/python3.12/site-packages/runner/inference.py:246] INFO runner.inference: Loading from /data/user/shuang886/Folding/protenix_stage0_pkg/v1_1/runtime/checkpoint/protenix_mini_esm_v0.5.0.pt, strict: False
2026-10-10 09:55:04,207 [/home/pc/anaconda3/envs/fold/lib/python3.12/site-packages/runner/inference.py:246] INFO runner.inference: Sampled key: module.input_embedder.atom_attention_encoder.linear_no_bias_ref_pos.weight
2026-10-10 09:55:04,247 [/home/pc/anaconda3/envs/fold/lib/python3.12/site-packages/runner/inference.py:246] INFO runner.inference: Finish loading checkpoint.
2026-10-10 09:55:04,250 [/home/pc/anaconda3/envs/fold/lib/python3.12/site-packages/runner/inference.py:246] INFO runner.inference: Model parameters: 135.22M
FULLBATCH_STATE lbfgs 272001 cache 0 70.42779930698453
FULLBATCH_STATE lbfgs 272001 evaluation 0 72.28150032399572
FULLBATCH_EVAL_SITE lbfgs 272001 0 p0_s48
FULLBATCH_EVAL_SITE lbfgs 272001 0 p0_s58
FULLBATCH_EVAL_SITE lbfgs 272001 0 p1_s25
FULLBATCH_EVAL_SITE lbfgs 272001 0 p1_s78
FULLBATCH_EVAL_SITE lbfgs 272001 0 p2_s30
FULLBATCH_EVAL_SITE lbfgs 272001 0 p2_s47
FULLBATCH_EVAL_SITE lbfgs 272001 0 p3_s37
FULLBATCH_EVAL_SITE lbfgs 272001 0 p3_s84
FULLBATCH_EVAL_SITE lbfgs 272001 0 p4_s2
FULLBATCH_EVAL_SITE lbfgs 272001 0 p4_s25
FULLBATCH_EVAL_SITE lbfgs 272001 0 p5_s34
FULLBATCH_EVAL_SITE lbfgs 272001 0 p5_s65
FULLBATCH_EVAL_SITE lbfgs 272001 0 p6_s10
FULLBATCH_EVAL_SITE lbfgs 272001 0 p6_s17
FULLBATCH_EVAL_SITE lbfgs 272001 0 p7_s44
FULLBATCH_EVAL_SITE lbfgs 272001 0 p7_s86
FULLBATCH_EVAL_SITE lbfgs 272001 0 p8_s101
FULLBATCH_EVAL_SITE lbfgs 272001 0 p8_s108
FULLBATCH_EVAL_SITE lbfgs 272001 0 p9_s42
FULLBATCH_EVAL_SITE lbfgs 272001 0 p9_s89
FULLBATCH_EVAL_SITE lbfgs 272001 0 p10_s45
FULLBATCH_EVAL_SITE lbfgs 272001 0 p10_s80
FULLBATCH_EVAL_SITE lbfgs 272001 0 p11_s49
FULLBATCH_EVAL_SITE lbfgs 272001 0 p11_s52
FULLBATCH_EVAL_SITE lbfgs 272001 0 p12_s11
FULLBATCH_EVAL_SITE lbfgs 272001 0 p12_s72
FULLBATCH_EVAL_SITE lbfgs 272001 0 p13_s95
FULLBATCH_EVAL_SITE lbfgs 272001 0 p13_s107
FULLBATCH_EVAL_SITE lbfgs 272001 0 p14_s6
FULLBATCH_EVAL_SITE lbfgs 272001 0 p14_s8
FULLBATCH_EVAL_SITE lbfgs 272001 0 p15_s13
FULLBATCH_EVAL_SITE lbfgs 272001 0 p15_s66
FULLBATCH_EVAL_SITE lbfgs 272001 0 p16_s5
FULLBATCH_EVAL_SITE lbfgs 272001 0 p16_s110
FULLBATCH_EVAL_SITE lbfgs 272001 0 p17_s44
FULLBATCH_EVAL_SITE lbfgs 272001 0 p17_s137
FULLBATCH_EVAL_SITE lbfgs 272001 0 p18_s13
FULLBATCH_EVAL_SITE lbfgs 272001 0 p18_s179
FULLBATCH_EVAL_SITE lbfgs 272001 0 p19_s90
FULLBATCH_EVAL_SITE lbfgs 272001 0 p19_s137
FULLBATCH_EVAL_SITE lbfgs 272001 0 p20_s100
FULLBATCH_EVAL_SITE lbfgs 272001 0 p20_s112
FULLBATCH_EVAL_SITE lbfgs 272001 0 p21_s23
FULLBATCH_EVAL_SITE lbfgs 272001 0 p21_s128
FULLBATCH_EVAL_SITE lbfgs 272001 0 p22_s25
FULLBATCH_EVAL_SITE lbfgs 272001 0 p22_s44
FULLBATCH_EVAL_SITE lbfgs 272001 0 p23_s68
FULLBATCH_EVAL_SITE lbfgs 272001 0 p23_s148
FULLBATCH_STATE lbfgs 272001 training 0 213.86254367500078
FULLBATCH_STATE lbfgs 272001 training 1 238.47580002999166
FULLBATCH_STATE lbfgs 272001 training 2 261.4902458959841
FULLBATCH_STATE lbfgs 272001 training 3 284.3025809949904
FULLBATCH_STATE lbfgs 272001 training 3 284.32250605899026
FULLBATCH_STATE lbfgs 272001 training 4 307.2892264940019
FULLBATCH_STATE lbfgs 272001 training 5 330.29822332400363
FULLBATCH_STATE lbfgs 272001 training 6 353.3773332189885
FULLBATCH_STATE lbfgs 272001 training 6 353.40214699099306
FULLBATCH_STATE lbfgs 272001 training 7 376.47916263199295
FULLBATCH_STATE lbfgs 272001 training 8 399.52440824799123
FULLBATCH_STATE lbfgs 272001 training 8 399.54391242799466
FULLBATCH_STATE lbfgs 272001 training 9 422.677005496982
FULLBATCH_STATE lbfgs 272001 training 10 445.77851158598787
FULLBATCH_STATE lbfgs 272001 training 10 445.79914696799824
FULLBATCH_STATE lbfgs 272001 training 11 468.41647774598096
FULLBATCH_STATE lbfgs 272001 training 12 491.2389020039991
FULLBATCH_STATE lbfgs 272001 training 12 491.25868708698545
FULLBATCH_STATE lbfgs 272001 training 13 515.9434680639824
FULLBATCH_STATE lbfgs 272001 training 14 544.3779714219854
FULLBATCH_STATE lbfgs 272001 training 14 544.3991347409901
FULLBATCH_STATE lbfgs 272001 training 15 571.9911785479926
FULLBATCH_STATE lbfgs 272001 training 16 599.3225575709948
FULLBATCH_STATE lbfgs 272001 training 16 599.3434202659992
FULLBATCH_STATE lbfgs 272001 training 17 624.4389645509946
FULLBATCH_STATE lbfgs 272001 training 18 647.1623638150049
FULLBATCH_STATE lbfgs 272001 training 18 647.1810822259868
FULLBATCH_STATE lbfgs 272001 training 19 672.3775552760053
FULLBATCH_STATE lbfgs 272001 training 20 699.5257240869978
FULLBATCH_STATE lbfgs 272001 training 20 699.5450410939811
FULLBATCH_STATE lbfgs 272001 training 21 726.8376706010022
FULLBATCH_STATE lbfgs 272001 training 22 755.460040298989
FULLBATCH_STATE lbfgs 272001 training 22 755.4806805010012
FULLBATCH_STATE lbfgs 272001 training 23 780.9601926089963
FULLBATCH_STATE lbfgs 272001 training 24 807.1841810769984
FULLBATCH_STATE lbfgs 272001 training 24 807.2075480109779
FULLBATCH_STATE lbfgs 272001 training 25 834.0627508879988
FULLBATCH_STATE lbfgs 272001 training 26 860.6017699590011
FULLBATCH_STATE lbfgs 272001 training 26 860.6213823489961
FULLBATCH_STATE lbfgs 272001 training 27 884.3932143659913
FULLBATCH_STATE lbfgs 272001 training 28 910.0904049119854
FULLBATCH_STATE lbfgs 272001 training 28 910.1114996999968
FULLBATCH_STATE lbfgs 272001 training 29 936.6399738859909
FULLBATCH_STATE lbfgs 272001 training 30 964.9666672979947
FULLBATCH_STATE lbfgs 272001 training 30 964.9878876769799
FULLBATCH_STATE lbfgs 272001 training 31 992.890348011977
FULLBATCH_STATE lbfgs 272001 training 32 1021.3452269400004
FULLBATCH_STATE lbfgs 272001 training 32 1021.367672694003
FULLBATCH_STATE lbfgs 272001 evaluation 32 1021.3691090409993
FULLBATCH_EVAL_SITE lbfgs 272001 32 p0_s48
FULLBATCH_EVAL_SITE lbfgs 272001 32 p0_s58
FULLBATCH_EVAL_SITE lbfgs 272001 32 p1_s25
FULLBATCH_EVAL_SITE lbfgs 272001 32 p1_s78
FULLBATCH_EVAL_SITE lbfgs 272001 32 p2_s30
FULLBATCH_EVAL_SITE lbfgs 272001 32 p2_s47
FULLBATCH_EVAL_SITE lbfgs 272001 32 p3_s37
FULLBATCH_EVAL_SITE lbfgs 272001 32 p3_s84
FULLBATCH_EVAL_SITE lbfgs 272001 32 p4_s2
FULLBATCH_EVAL_SITE lbfgs 272001 32 p4_s25
FULLBATCH_EVAL_SITE lbfgs 272001 32 p5_s34
FULLBATCH_EVAL_SITE lbfgs 272001 32 p5_s65
FULLBATCH_EVAL_SITE lbfgs 272001 32 p6_s10
FULLBATCH_EVAL_SITE lbfgs 272001 32 p6_s17
FULLBATCH_EVAL_SITE lbfgs 272001 32 p7_s44
FULLBATCH_EVAL_SITE lbfgs 272001 32 p7_s86
FULLBATCH_EVAL_SITE lbfgs 272001 32 p8_s101
FULLBATCH_EVAL_SITE lbfgs 272001 32 p8_s108
FULLBATCH_EVAL_SITE lbfgs 272001 32 p9_s42
FULLBATCH_EVAL_SITE lbfgs 272001 32 p9_s89
FULLBATCH_EVAL_SITE lbfgs 272001 32 p10_s45
FULLBATCH_EVAL_SITE lbfgs 272001 32 p10_s80
FULLBATCH_EVAL_SITE lbfgs 272001 32 p11_s49
FULLBATCH_EVAL_SITE lbfgs 272001 32 p11_s52
FULLBATCH_EVAL_SITE lbfgs 272001 32 p12_s11
FULLBATCH_EVAL_SITE lbfgs 272001 32 p12_s72
FULLBATCH_EVAL_SITE lbfgs 272001 32 p13_s95
FULLBATCH_EVAL_SITE lbfgs 272001 32 p13_s107
FULLBATCH_EVAL_SITE lbfgs 272001 32 p14_s6
FULLBATCH_EVAL_SITE lbfgs 272001 32 p14_s8
FULLBATCH_EVAL_SITE lbfgs 272001 32 p15_s13
FULLBATCH_EVAL_SITE lbfgs 272001 32 p15_s66
FULLBATCH_EVAL_SITE lbfgs 272001 32 p16_s5
FULLBATCH_EVAL_SITE lbfgs 272001 32 p16_s110
FULLBATCH_EVAL_SITE lbfgs 272001 32 p17_s44
FULLBATCH_EVAL_SITE lbfgs 272001 32 p17_s137
FULLBATCH_EVAL_SITE lbfgs 272001 32 p18_s13
FULLBATCH_EVAL_SITE lbfgs 272001 32 p18_s179
FULLBATCH_EVAL_SITE lbfgs 272001 32 p19_s90
FULLBATCH_EVAL_SITE lbfgs 272001 32 p19_s137
FULLBATCH_EVAL_SITE lbfgs 272001 32 p20_s100
FULLBATCH_EVAL_SITE lbfgs 272001 32 p20_s112
FULLBATCH_EVAL_SITE lbfgs 272001 32 p21_s23
FULLBATCH_EVAL_SITE lbfgs 272001 32 p21_s128
FULLBATCH_EVAL_SITE lbfgs 272001 32 p22_s25
FULLBATCH_EVAL_SITE lbfgs 272001 32 p22_s44
FULLBATCH_EVAL_SITE lbfgs 272001 32 p23_s68
FULLBATCH_EVAL_SITE lbfgs 272001 32 p23_s148
FULLBATCH_STATE lbfgs 272001 training 32 1095.4530172199884
FULLBATCH_STATE lbfgs 272001 training 33 1120.9803332389856
FULLBATCH_STATE lbfgs 272001 training 34 1148.0472577239852
FULLBATCH_STATE lbfgs 272001 training 34 1148.0677044249896
FULLBATCH_STATE lbfgs 272001 training 35 1172.9865939329902
FULLBATCH_STATE lbfgs 272001 training 36 1197.3724003660027
FULLBATCH_STATE lbfgs 272001 training 36 1197.395002551988
FULLBATCH_STATE lbfgs 272001 training 37 1224.2682218299888
FULLBATCH_STATE lbfgs 272001 training 38 1251.1843133429938
FULLBATCH_STATE lbfgs 272001 training 38 1251.203894573002
FULLBATCH_STATE lbfgs 272001 training 39 1278.5751663050032
FULLBATCH_STATE lbfgs 272001 training 40 1301.9417179180018
FULLBATCH_STATE lbfgs 272001 training 40 1301.9639008989907
FULLBATCH_STATE lbfgs 272001 training 41 1328.1588618259993
FULLBATCH_STATE lbfgs 272001 training 42 1352.1395915779867
FULLBATCH_STATE lbfgs 272001 training 42 1352.1608721179946
FULLBATCH_STATE lbfgs 272001 training 43 1379.244492718979
FULLBATCH_STATE lbfgs 272001 training 44 1406.990694748005
FULLBATCH_STATE lbfgs 272001 training 44 1407.012924790004
FULLBATCH_STATE lbfgs 272001 training 45 1429.784584610985
FULLBATCH_STATE lbfgs 272001 training 46 1452.7990416369867
FULLBATCH_STATE lbfgs 272001 training 46 1452.8190549220017
FULLBATCH_STATE lbfgs 272001 training 47 1479.712066092994
FULLBATCH_STATE lbfgs 272001 training 48 1507.6402753209986
FULLBATCH_STATE lbfgs 272001 training 49 1530.6167165089864
FULLBATCH_STATE lbfgs 272001 training 49 1530.6402465159772
FULLBATCH_STATE lbfgs 272001 training 50 1556.556118701992
FULLBATCH_STATE lbfgs 272001 training 51 1584.014810291992
FULLBATCH_STATE lbfgs 272001 training 51 1584.0362444839848
FULLBATCH_STATE lbfgs 272001 training 52 1611.2682756790018
FULLBATCH_STATE lbfgs 272001 training 53 1638.7162526419852
FULLBATCH_STATE lbfgs 272001 training 53 1638.7378018460004
FULLBATCH_STATE lbfgs 272001 training 54 1662.0289592029876
FULLBATCH_STATE lbfgs 272001 training 55 1684.9289208230039
FULLBATCH_STATE lbfgs 272001 training 55 1684.9499051989987
FULLBATCH_STATE lbfgs 272001 training 56 1711.147337804985
FULLBATCH_STATE lbfgs 272001 training 57 1734.897819381993
FULLBATCH_STATE lbfgs 272001 training 57 1734.9204368169885
FULLBATCH_STATE lbfgs 272001 training 58 1757.8296291459992
FULLBATCH_STATE lbfgs 272001 training 59 1783.7988171789912
FULLBATCH_STATE lbfgs 272001 training 59 1783.8205379339925
FULLBATCH_STATE lbfgs 272001 training 60 1811.2261206090043
FULLBATCH_STATE lbfgs 272001 training 61 1836.0787448890042
FULLBATCH_STATE lbfgs 272001 training 61 1836.1039845460036
FULLBATCH_STATE lbfgs 272001 training 62 1863.5504005609837
FULLBATCH_STATE lbfgs 272001 training 63 1970.2419635370024
FULLBATCH_STATE lbfgs 272001 training 63 1970.3222999709833
FULLBATCH_STATE lbfgs 272001 training 64 1998.8572243200033
FULLBATCH_STATE lbfgs 272001 training 65 2026.2470491409767
FULLBATCH_STATE lbfgs 272001 training 65 2026.270977262
FULLBATCH_STATE lbfgs 272001 training 66 2055.30746954598
FULLBATCH_STATE lbfgs 272001 training 67 2078.4581215619983
FULLBATCH_STATE lbfgs 272001 training 67 2078.4794322919915
FULLBATCH_STATE lbfgs 272001 training 68 2101.4306227839843
FULLBATCH_STATE lbfgs 272001 training 69 2129.9976697499806
FULLBATCH_STATE lbfgs 272001 training 69 2130.0183111429797
FULLBATCH_STATE lbfgs 272001 training 70 2157.3828753760026
FULLBATCH_STATE lbfgs 272001 training 71 2183.5026417280023
FULLBATCH_STATE lbfgs 272001 training 71 2183.524540165992
FULLBATCH_STATE lbfgs 272001 training 72 2210.2465095759835
FULLBATCH_STATE lbfgs 272001 training 73 2237.842627980979
FULLBATCH_STATE lbfgs 272001 training 73 2237.8658936650027
FULLBATCH_STATE lbfgs 272001 training 74 2263.2904951969977
FULLBATCH_STATE lbfgs 272001 training 75 2290.29133316598
FULLBATCH_STATE lbfgs 272001 training 75 2290.312009518995
FULLBATCH_STATE lbfgs 272001 training 76 2315.817544011981
FULLBATCH_STATE lbfgs 272001 training 77 2341.3455859999813
FULLBATCH_STATE lbfgs 272001 training 77 2341.3680236839864
FULLBATCH_STATE lbfgs 272001 training 78 2368.790125764004
FULLBATCH_STATE lbfgs 272001 training 79 2393.175030946004
FULLBATCH_STATE lbfgs 272001 training 79 2393.1979130349937
FULLBATCH_STATE lbfgs 272001 training 80 2419.5430442569777
FULLBATCH_STATE lbfgs 272001 training 81 2446.455182492995
FULLBATCH_STATE lbfgs 272001 training 81 2446.476553963992
FULLBATCH_STATE lbfgs 272001 training 82 2473.1395914820023
FULLBATCH_STATE lbfgs 272001 training 83 2500.805319624982
FULLBATCH_STATE lbfgs 272001 training 83 2500.828417476994
FULLBATCH_STATE lbfgs 272001 training 84 2525.4347404110013
FULLBATCH_STATE lbfgs 272001 training 85 2552.826149600005
FULLBATCH_STATE lbfgs 272001 training 85 2552.8488326869847
FULLBATCH_STATE lbfgs 272001 training 86 2576.8236441589834
FULLBATCH_STATE lbfgs 272001 training 87 2599.8585346549808
FULLBATCH_STATE lbfgs 272001 training 87 2599.880288029992
FULLBATCH_STATE lbfgs 272001 training 88 2625.9465504249965
FULLBATCH_STATE lbfgs 272001 training 89 2653.3796209729917
FULLBATCH_STATE lbfgs 272001 training 90 2678.1654440679995
FULLBATCH_STATE lbfgs 272001 training 90 2678.1892738479946
FULLBATCH_STATE lbfgs 272001 training 91 2701.2063645430026
FULLBATCH_STATE lbfgs 272001 training 92 2726.576324283
FULLBATCH_STATE lbfgs 272001 training 93 2749.3560503000044
FULLBATCH_STATE lbfgs 272001 training 93 2749.378170579992
FULLBATCH_STATE lbfgs 272001 training 94 2772.3886801390036
FULLBATCH_STATE lbfgs 272001 training 95 2798.9953097539837
FULLBATCH_STATE lbfgs 272001 training 95 2799.0161412789894
FULLBATCH_STATE lbfgs 272001 training 96 2826.397046323982
FULLBATCH_STATE lbfgs 272001 training 97 2850.1841527799843
FULLBATCH_STATE lbfgs 272001 training 97 2850.2060077469796
FULLBATCH_STATE lbfgs 272001 training 98 2877.529142763
FULLBATCH_STATE lbfgs 272001 training 99 2901.9658009939885
FULLBATCH_STATE lbfgs 272001 training 99 2901.9890786169854
FULLBATCH_STATE lbfgs 272001 training 100 2928.3429479519837
FULLBATCH_STATE lbfgs 272001 training 101 2952.8381093799835
FULLBATCH_STATE lbfgs 272001 training 101 2952.8616292669903
FULLBATCH_STATE lbfgs 272001 training 102 2980.185164517985
FULLBATCH_STATE lbfgs 272001 training 103 3005.859671866987
FULLBATCH_STATE lbfgs 272001 training 103 3005.882351823995
FULLBATCH_STATE lbfgs 272001 training 104 3028.7982207199966
FULLBATCH_STATE lbfgs 272001 training 105 3056.4910679129825
FULLBATCH_STATE lbfgs 272001 training 105 3056.513396825001
FULLBATCH_STATE lbfgs 272001 training 106 3080.6089232770028
FULLBATCH_STATE lbfgs 272001 training 107 3103.387837424001
FULLBATCH_STATE lbfgs 272001 training 107 3103.409083612991
FULLBATCH_STATE lbfgs 272001 training 108 3129.7195745279896
FULLBATCH_STATE lbfgs 272001 training 109 3154.5687294759846
FULLBATCH_STATE lbfgs 272001 training 109 3154.5894565100025
FULLBATCH_STATE lbfgs 272001 training 110 3181.0401898129785
FULLBATCH_STATE lbfgs 272001 training 111 3208.4287496680045
FULLBATCH_STATE lbfgs 272001 training 111 3208.4508230380015
FULLBATCH_STATE lbfgs 272001 training 112 3235.5038988599845
FULLBATCH_STATE lbfgs 272001 training 113 3259.8208005529887
FULLBATCH_STATE lbfgs 272001 training 113 3259.842668080004
FULLBATCH_STATE lbfgs 272001 training 114 3287.0513761109905
FULLBATCH_STATE lbfgs 272001 training 115 3311.82584840199
FULLBATCH_STATE lbfgs 272001 training 115 3311.8484664279968
FULLBATCH_STATE lbfgs 272001 training 116 3339.050082726986
FULLBATCH_STATE lbfgs 272001 training 117 3366.0777026699798
FULLBATCH_STATE lbfgs 272001 training 117 3366.101313066989
FULLBATCH_STATE lbfgs 272001 training 118 3393.3088585349906
FULLBATCH_STATE lbfgs 272001 training 119 3420.385522623983
FULLBATCH_STATE lbfgs 272001 training 120 3447.023490527994
FULLBATCH_STATE lbfgs 272001 training 120 3447.048112677003
FULLBATCH_STATE lbfgs 272001 training 121 3472.103868184
FULLBATCH_STATE lbfgs 272001 training 122 3496.042473780981
FULLBATCH_STATE lbfgs 272001 training 122 3496.0646195019945
FULLBATCH_STATE lbfgs 272001 training 123 3523.896990092995
FULLBATCH_STATE lbfgs 272001 training 124 3551.66636837399
FULLBATCH_STATE lbfgs 272001 training 124 3551.690304015996
FULLBATCH_STATE lbfgs 272001 training 125 3579.2026844059874
FULLBATCH_STATE lbfgs 272001 training 126 3604.1982154159923
FULLBATCH_STATE lbfgs 272001 training 126 3604.2218859540008
FULLBATCH_STATE lbfgs 272001 training 127 3631.09702884499
FULLBATCH_STATE lbfgs 272001 training 128 3658.214316622005
FULLBATCH_STATE lbfgs 272001 training 128 3658.236877827003
FULLBATCH_STATE lbfgs 272001 evaluation 128 3658.238099980983
FULLBATCH_EVAL_SITE lbfgs 272001 128 p0_s48
FULLBATCH_EVAL_SITE lbfgs 272001 128 p0_s58
FULLBATCH_EVAL_SITE lbfgs 272001 128 p1_s25
FULLBATCH_EVAL_SITE lbfgs 272001 128 p1_s78
FULLBATCH_EVAL_SITE lbfgs 272001 128 p2_s30
FULLBATCH_EVAL_SITE lbfgs 272001 128 p2_s47
FULLBATCH_EVAL_SITE lbfgs 272001 128 p3_s37
FULLBATCH_EVAL_SITE lbfgs 272001 128 p3_s84
FULLBATCH_EVAL_SITE lbfgs 272001 128 p4_s2
FULLBATCH_EVAL_SITE lbfgs 272001 128 p4_s25
FULLBATCH_EVAL_SITE lbfgs 272001 128 p5_s34
FULLBATCH_EVAL_SITE lbfgs 272001 128 p5_s65
FULLBATCH_EVAL_SITE lbfgs 272001 128 p6_s10
FULLBATCH_EVAL_SITE lbfgs 272001 128 p6_s17
FULLBATCH_EVAL_SITE lbfgs 272001 128 p7_s44
FULLBATCH_EVAL_SITE lbfgs 272001 128 p7_s86
FULLBATCH_EVAL_SITE lbfgs 272001 128 p8_s101
FULLBATCH_EVAL_SITE lbfgs 272001 128 p8_s108
FULLBATCH_EVAL_SITE lbfgs 272001 128 p9_s42
FULLBATCH_EVAL_SITE lbfgs 272001 128 p9_s89
FULLBATCH_EVAL_SITE lbfgs 272001 128 p10_s45
FULLBATCH_EVAL_SITE lbfgs 272001 128 p10_s80
FULLBATCH_EVAL_SITE lbfgs 272001 128 p11_s49
FULLBATCH_EVAL_SITE lbfgs 272001 128 p11_s52
FULLBATCH_EVAL_SITE lbfgs 272001 128 p12_s11
FULLBATCH_EVAL_SITE lbfgs 272001 128 p12_s72
FULLBATCH_EVAL_SITE lbfgs 272001 128 p13_s95
FULLBATCH_EVAL_SITE lbfgs 272001 128 p13_s107
FULLBATCH_EVAL_SITE lbfgs 272001 128 p14_s6
FULLBATCH_EVAL_SITE lbfgs 272001 128 p14_s8
FULLBATCH_EVAL_SITE lbfgs 272001 128 p15_s13
FULLBATCH_EVAL_SITE lbfgs 272001 128 p15_s66
FULLBATCH_EVAL_SITE lbfgs 272001 128 p16_s5
FULLBATCH_EVAL_SITE lbfgs 272001 128 p16_s110
FULLBATCH_EVAL_SITE lbfgs 272001 128 p17_s44
FULLBATCH_EVAL_SITE lbfgs 272001 128 p17_s137
FULLBATCH_EVAL_SITE lbfgs 272001 128 p18_s13
FULLBATCH_EVAL_SITE lbfgs 272001 128 p18_s179
FULLBATCH_EVAL_SITE lbfgs 272001 128 p19_s90
FULLBATCH_EVAL_SITE lbfgs 272001 128 p19_s137
FULLBATCH_EVAL_SITE lbfgs 272001 128 p20_s100
FULLBATCH_EVAL_SITE lbfgs 272001 128 p20_s112
FULLBATCH_EVAL_SITE lbfgs 272001 128 p21_s23
FULLBATCH_EVAL_SITE lbfgs 272001 128 p21_s128
FULLBATCH_EVAL_SITE lbfgs 272001 128 p22_s25
FULLBATCH_EVAL_SITE lbfgs 272001 128 p22_s44
FULLBATCH_EVAL_SITE lbfgs 272001 128 p23_s68
FULLBATCH_EVAL_SITE lbfgs 272001 128 p23_s148
FULLBATCH_STATE lbfgs 272001 training 128 3787.174858510989
FULLBATCH_STATE lbfgs 272001 complete 128 3794.006298702996
